  OMP_NESTED = 'FALSE'
'
SPREAD
OPENMP DISPLAY ENVIRONMENT BEGIN
'
  OMP_DYNAMIC = 'FALSE'
  OMP_NUM_THREADS = '24'
  OMP_SCHEDULE = '  _OPENMP = '201511'
'
  OMP_DYNAMIC = 'FALSE'
{64'
'
  OMP_PLACES = '  _OPENMP = '201511'
  _OPENMP = '201511'

OPENMP DISPLAY ENVIRONMENT BEGIN
  OMP_NUM_THREADS = '8'
  OMP_PLACES = '  OMP_SCHEDULE = '{8  OMP_PLACES = '  OMP_NESTED = 'FALSE'
  OMP_DYNAMIC = 'FALSE'
  OMP_DYNAMIC = 'FALSE'
  OMP_NESTED = 'FALSE'
{  OMP_SCHEDULE = '{  OMP_NESTED = 'FALSE'
DYNAMIC  OMP_DYNAMIC = 'FALSE'
},  OMP_NESTED = 'FALSE'
  OMP_DYNAMIC = 'FALSE'
  OMP_NUM_THREADS = '23DYNAMIC},'

OPENMP DISPLAY ENVIRONMENT BEGIN
  OMP_NUM_THREADS = '20  OMP_SCHEDULE = '  OMP_NESTED = 'FALSE'
{  OMP_NUM_THREADS = '26DYNAMIC  OMP_SCHEDULE = '  OMP_NUM_THREADS = '6
OPENMP DISPLAY ENVIRONMENT BEGIN
'
43  _OPENMP = '201511'
'

OPENMP DISPLAY ENVIRONMENT BEGIN
'
53  _OPENMP = '201511'
'
  OMP_PROC_BIND = 'DYNAMIC  OMP_SCHEDULE = ''
  OMP_SCHEDULE = 'DYNAMIC'
  OMP_PROC_BIND = '  OMP_SCHEDULE = 'SPREADDYNAMIC{DYNAMIC'
  OMP_PROC_BIND = 'SPREAD'
  OMP_PLACES = '{4'
  _OPENMP = '201511'
SPREAD  OMP_DYNAMIC = 'FALSE'
  _OPENMP = '201511'
'
  OMP_SCHEDULE = '
OPENMP DISPLAY ENVIRONMENT BEGIN
30  _OPENMP = '201511'
  OMP_SCHEDULE = '},65  OMP_PROC_BIND = '  OMP_DYNAMIC = 'FALSE'
},'
'
},  OMP_NESTED = 'FALSE'
  OMP_NESTED = 'FALSE'
{9  OMP_DYNAMIC = 'FALSE'
  OMP_DYNAMIC = 'FALSE'
'
},  OMP_PROC_BIND = 'DYNAMIC'
'
  OMP_PROC_BIND = '  OMP_PROC_BIND = 'DYNAMIC  OMP_NESTED = 'FALSE'
  OMP_NUM_THREADS = '27  _OPENMP = '201511'
SPREAD{  OMP_PLACES = ''
{  OMP_NESTED = 'FALSE'
SPREAD},{SPREAD44},  OMP_NUM_THREADS = '12540},'
  OMP_PLACES = '  _OPENMP = '201511'
  OMP_NESTED = 'FALSE'
DYNAMIC'
  OMP_PROC_BIND = 'SPREAD'
  OMP_PLACES = '{  OMP_PLACES = '  OMP_NUM_THREADS = '10SPREAD'
},{45},{{  OMP_NUM_THREADS = '28  OMP_NUM_THREADS = '4  OMP_PROC_BIND = '  OMP_DYNAMIC = 'FALSE'
{'
  OMP_PROC_BIND = '  OMP_NUM_THREADS = '5'
  OMP_PLACES = '{  OMP_DYNAMIC = 'FALSE'
'
  OMP_NESTED = 'FALSE'
  OMP_SCHEDULE = ''
},{{{646{049},},54  OMP_DYNAMIC = 'FALSE'
41},},{{'
  OMP_SCHEDULE = '  OMP_SCHEDULE = '  OMP_NUM_THREADS = '9SPREAD66{SPREAD},  OMP_NESTED = 'FALSE'
42},68  OMP_NESTED = 'FALSE'
7},{DYNAMIC10'
{43},},'
{DYNAMIC'
'
  OMP_PROC_BIND = '  OMP_SCHEDULE = '  OMP_NUM_THREADS = '16{1{44{},'
DYNAMIC},  OMP_PLACES = ''
'
  OMP_NUM_THREADS = '13  OMP_NUM_THREADS = '14  OMP_PLACES = '},69},47SPREAD{},{1},{2},{3},{50  OMP_NESTED = 'FALSE'
  OMP_PLACES = ''
31{  OMP_PLACES = '},'
  OMP_SCHEDULE = '11  OMP_SCHEDULE = '{{  OMP_SCHEDULE = 'DYNAMIC'
  OMP_PROC_BIND = '{SPREAD'
  OMP_PLACES = '{670{},8{{},4{{  OMP_NUM_THREADS = '15{{48},5145},'
  OMP_SCHEDULE = 'DYNAMIC  OMP_SCHEDULE = '},},},{92},{1},55'
},7770{'
{'
DYNAMIC},  OMP_PROC_BIND = '{DYNAMIC2{2},{'
5},{6},{58},12},'
  OMP_PLACES = '0{7},{5229},{30},{{},49{},32'
  OMP_PROC_BIND = 'SPREAD'
  OMP_PLACES = '},{DYNAMIC},{3},{3},{4},},{SPREAD{{},},56DYNAMIC  OMP_SCHEDULE = '563},{{31{},53},  OMP_SCHEDULE = '78},13{335'
{},{'
},  OMP_PROC_BIND = '},},'
{},  OMP_PROC_BIND = 'DYNAMIC12{},57{},1346},{{47{{{},{SPREAD  OMP_PROC_BIND = '},  OMP_PLACES = '},{50{59{},{71DYNAMIC'
},{32{54},SPREAD115'
{5814},{15},{},48},137968},},},{},{4},{5},{  OMP_PROC_BIND = '6},SPREAD{33},{34},{35},{36},{{59},{},{{{  OMP_PROC_BIND = '},49{6},{78055},{37},},{84  OMP_PLACES = '3416},{17{},{60{{6051'
},SPREAD},18},{},},},},7},SPREAD{'
'
{{19},{},1972{{{{{81'
5716},'
38{},{52},{8},{9{},61},},{2{  OMP_PROC_BIND = '},{5020},{'
69},  OMP_PLACES = '{{},},{},{56{{},},  OMP_PLACES = '},{5139},{40},  OMP_PROC_BIND = '8220{21{35  OMP_PLACES = '  OMP_PLACES = '10{17},6184},53},{73{},},},{},{SPREAD},{862},},{{28{52{{},{},{21},63{},5481{18},36},},{22},},29{{57{},},{53},{{54},},{22},64{{},{{55{3070},41},{42},{43{7462},},23},{11'
},37{},},{75{},849{56},},{24{},76},},23},{24},{25},{{8358{},44},{45},{46},},{},{12},{13},{14},{15},47},{{59{},{{5565  OMP_PLACES = '26{},57},{58{82},},},{25{},{27},{28},{SPREAD},29},{66},{{},67},{{},59},{68},{69},{30},85{58{'
84},{48{},{60},{77{{2810  OMP_PLACES = '638538},},{{},},{},29{1{{64},{2},{3},{11},{},},},{{26},{},},1661},27},{17},{18},{{{{5678},},},{62},{63{{{}2879{},395712},{4},60},},{61},{8564},{65},{66},{{},},{6780{{}5619{},{{},{4303020{},},29{'
{},},  OMP_STACKSIZE = '0'
2181},  OMP_WAIT_POLICY = 'PASSIVE'
{{  OMP_THREAD_LIMIT = '4294967295'
{},22  OMP_MAX_ACTIVE_LEVELS = '2147483647'
  OMP_CANCELLATION = 'FALSE'
  OMP_DEFAULT_DEVICE = '0'
  OMP_MAX_TASK_PRIORITY = '0'
},{31  OMP_DISPLAY_AFFINITY = 'FALSE'
82{30},},  OMP_AFFINITY_FORMAT = 'level %L thread %i affinity %A'
23{},OPENMP DISPLAY ENVIRONMENT END
'
},62},{71},19{},{20},{24},{86{},  OMP_STACKSIZE = '0'
65},40{13{},  OMP_WAIT_POLICY = 'PASSIVE'
},63},87{},{  OMP_THREAD_LIMIT = '4294967295'
41},66{},{{14},{15},{{{},},42861683},},},},{{{84{31},},},{48{85{32},25},},{{{862633},},},{{{872734},},29{21},70{{88{  OMP_MAX_ACTIVE_LEVELS = '2147483647'
86},{{},64578931},{22},},{85},},},2887}{},{'
},  OMP_STACKSIZE = '0'
32  OMP_WAIT_POLICY = 'PASSIVE'
{{{  OMP_THREAD_LIMIT = '4294967295'
88  OMP_MAX_ACTIVE_LEVELS = '2147483647'
5  OMP_CANCELLATION = 'FALSE'
{  OMP_DEFAULT_DEVICE = '0'
},  OMP_MAX_TASK_PRIORITY = '0'
{},31},{585},},},},{},{{{{236  OMP_DISPLAY_AFFINITY = 'FALSE'
},  OMP_AFFINITY_FORMAT = 'level %L thread %i affinity %A'
{OPENMP DISPLAY ENVIRONMENT END
{49783},},{88{{},{3543},67{{},368959},{37},},},{597248},{{{},},},  OMP_CANCELLATION = 'FALSE'
},},{},  OMP_DEFAULT_DEVICE = '0'
{65},  OMP_MAX_TASK_PRIORITY = '0'
{},17},49},{5071},{51},{},},{72{{90{3844},18{},},39{{{},90{66{},45  OMP_DISPLAY_AFFINITY = 'FALSE'
68{},},  OMP_AFFINITY_FORMAT = 'level %L thread %i affinity %A'
},91{60},{61{},{{52}'
  OMP_STACKSIZE = '0'
73{  OMP_WAIT_POLICY = 'PASSIVE'
8624{},{},82587{OPENMP DISPLAY ENVIRONMENT END
  OMP_THREAD_LIMIT = '4294967295'
  OMP_MAX_ACTIVE_LEVELS = '2147483647'
},{  OMP_CANCELLATION = 'FALSE'
  OMP_DEFAULT_DEVICE = '0'
  OMP_MAX_TASK_PRIORITY = '0'
  OMP_DISPLAY_AFFINITY = 'FALSE'
  OMP_AFFINITY_FORMAT = 'level %L thread %i affinity %A'
OPENMP DISPLAY ENVIRONMENT END
{74},{75},{76},{77},},{67}{9119{69504684},},},9258{},},{'
},  OMP_STACKSIZE = '0'
},},{{  OMP_WAIT_POLICY = 'PASSIVE'
{92{  OMP_THREAD_LIMIT = '4294967295'
},  OMP_MAX_ACTIVE_LEVELS = '2147483647'
{  OMP_CANCELLATION = 'FALSE'
{47  OMP_DEFAULT_DEVICE = '0'
7093},  OMP_MAX_TASK_PRIORITY = '0'
},},},  OMP_DISPLAY_AFFINITY = 'FALSE'
{{{  OMP_AFFINITY_FORMAT = 'level %L thread %i affinity %A'
20OPENMP DISPLAY ENVIRONMENT END
94{},71648{},89},},},5987},},33},{{95}'
  OMP_STACKSIZE = '0'
  OMP_WAIT_POLICY = 'PASSIVE'
  OMP_THREAD_LIMIT = '4294967295'
  OMP_MAX_ACTIVE_LEVELS = '2147483647'
  OMP_CANCELLATION = 'FALSE'
  OMP_DEFAULT_DEVICE = '0'
  OMP_MAX_TASK_PRIORITY = '0'
  OMP_DISPLAY_AFFINITY = 'FALSE'
  OMP_AFFINITY_FORMAT = 'level %L thread %i affinity %A'
OPENMP DISPLAY ENVIRONMENT END
},{},{49{{{},{72},{{},{50},{721{},9},6073},},68{6278},{79},},{{80}'
  OMP_STACKSIZE = '0'
  OMP_WAIT_POLICY = 'PASSIVE'
{  OMP_THREAD_LIMIT = '4294967295'
  OMP_MAX_ACTIVE_LEVELS = '2147483647'
  OMP_CANCELLATION = 'FALSE'
  OMP_DEFAULT_DEVICE = '0'
  OMP_MAX_TASK_PRIORITY = '0'
  OMP_DISPLAY_AFFINITY = 'FALSE'
  OMP_AFFINITY_FORMAT = 'level %L thread %i affinity %A'
OPENMP DISPLAY ENVIRONMENT END
},{93{{},},5169{{74},},{52},},{9422{53},{70},{75},},},},},{{{{76515488},{},30{73{2610},},956071{},},{63},},{},{{{721196},{{8899061},},},},{{{{{5534779},61},},{{},56{7810},{{},},{},7988{{31},{},{57},23},}{},91{},},{73{{35},},9762{1185},},{},74{},{},},{{{1298{75},{86'
27  OMP_STACKSIZE = '0'
},}{{927413'
},3236  OMP_STACKSIZE = '0'
},{},  OMP_WAIT_POLICY = 'PASSIVE'
},{},},  OMP_THREAD_LIMIT = '4294967295'
{{{},63{},52{86},},99},{{},{7653{87},{},80},24{},54},{{},{{8188  OMP_WAIT_POLICY = 'PASSIVE'
55},},  OMP_THREAD_LIMIT = '4294967295'
},25{{}  OMP_MAX_ACTIVE_LEVELS = '2147483647'
'
82100  OMP_CANCELLATION = 'FALSE'
  OMP_STACKSIZE = '0'
},},{  OMP_WAIT_POLICY = 'PASSIVE'
},{83  OMP_THREAD_LIMIT = '4294967295'
{101},  OMP_MAX_ACTIVE_LEVELS = '2147483647'
26},{  OMP_DEFAULT_DEVICE = '0'
  OMP_CANCELLATION = 'FALSE'
},{84  OMP_DEFAULT_DEVICE = '0'
{102},  OMP_MAX_TASK_PRIORITY = '0'
27},{  OMP_DISPLAY_AFFINITY = 'FALSE'
},{85  OMP_AFFINITY_FORMAT = 'level %L thread %i affinity %A'
{103}OPENMP DISPLAY ENVIRONMENT END
28},  OMP_MAX_TASK_PRIORITY = '0'
{},104  OMP_DISPLAY_AFFINITY = 'FALSE'
}'
{  OMP_STACKSIZE = '0'
  OMP_WAIT_POLICY = 'PASSIVE'
  OMP_THREAD_LIMIT = '4294967295'
  OMP_MAX_ACTIVE_LEVELS = '2147483647'
  OMP_CANCELLATION = 'FALSE'
  OMP_DEFAULT_DEVICE = '0'
  OMP_MAX_TASK_PRIORITY = '0'
  OMP_DISPLAY_AFFINITY = 'FALSE'
  OMP_AFFINITY_FORMAT = 'level %L thread %i affinity %A'
OPENMP DISPLAY ENVIRONMENT END
  OMP_AFFINITY_FORMAT = 'level %L thread %i affinity %A'
OPENMP DISPLAY ENVIRONMENT END
},16{},  OMP_MAX_ACTIVE_LEVELS = '2147483647'
{33},89  OMP_CANCELLATION = 'FALSE'
},14},37{},{93{{17},},1562{{},90},18{},{16  OMP_DEFAULT_DEVICE = '0'
{{56'
89  OMP_STACKSIZE = '0'
},29},  OMP_WAIT_POLICY = 'PASSIVE'
{}{  OMP_THREAD_LIMIT = '4294967295'
57'
87  OMP_MAX_ACTIVE_LEVELS = '2147483647'
},  OMP_STACKSIZE = '0'
34  OMP_CANCELLATION = 'FALSE'
{  OMP_WAIT_POLICY = 'PASSIVE'
{  OMP_DEFAULT_DEVICE = '0'
},  OMP_THREAD_LIMIT = '4294967295'
},  OMP_MAX_TASK_PRIORITY = '0'
{  OMP_MAX_ACTIVE_LEVELS = '2147483647'
},  OMP_DISPLAY_AFFINITY = 'FALSE'
},  OMP_CANCELLATION = 'FALSE'
907594{38  OMP_AFFINITY_FORMAT = 'level %L thread %i affinity %A'
},},  OMP_DEFAULT_DEVICE = '0'
  OMP_MAX_TASK_PRIORITY = '0'
  OMP_DISPLAY_AFFINITY = 'FALSE'
  OMP_AFFINITY_FORMAT = 'level %L thread %i affinity %A'
OPENMP DISPLAY ENVIRONMENT END
OPENMP DISPLAY ENVIRONMENT END
64},{90{3539},},{},63{{17{},58},{{},{{},91  OMP_MAX_TASK_PRIORITY = '0'
59{},{},},{65{4092},60},},95{{61{},},{1862{},{{},6341},66{},64},},{{9665{},42{886676},{{},},{{67},{89},{{67},},},19{9019},9136},  OMP_DISPLAY_AFFINITY = 'FALSE'
{},{},},{{{9776},},},{437768},},{207864},  OMP_AFFINITY_FORMAT = 'level %L thread %i affinity %A'
{{{79{},37{},},{},{91},{{80{}98'
44  OMP_STACKSIZE = '0'
69  OMP_WAIT_POLICY = 'PASSIVE'
},  OMP_THREAD_LIMIT = '4294967295'
20  OMP_MAX_ACTIVE_LEVELS = '2147483647'
},  OMP_CANCELLATION = 'FALSE'
{  OMP_DEFAULT_DEVICE = '0'
{  OMP_MAX_TASK_PRIORITY = '0'
45  OMP_DISPLAY_AFFINITY = 'FALSE'
},  OMP_AFFINITY_FORMAT = 'level %L thread %i affinity %A'
OPENMP DISPLAY ENVIRONMENT END
92}'
77  OMP_STACKSIZE = '0'
},},},{{{70{2145{65},},},9246},{  OMP_WAIT_POLICY = 'PASSIVE'
},OPENMP DISPLAY ENVIRONMENT END
{{  OMP_THREAD_LIMIT = '4294967295'
},  OMP_MAX_ACTIVE_LEVELS = '2147483647'
},{},91{},93},{943846{{},},{2295},{{96},{{97},{71{},996698},{99},  OMP_CANCELLATION = 'FALSE'
},},92{100},{101},{102},{103},},{104},{{105},{{106  OMP_DEFAULT_DEVICE = '0'
{},},},93{47{},100  OMP_MAX_TASK_PRIORITY = '0'
23  OMP_DISPLAY_AFFINITY = 'FALSE'
},39},{  OMP_AFFINITY_FORMAT = 'level %L thread %i affinity %A'
{93{47107},{108}'
  OMP_STACKSIZE = '0'
  OMP_WAIT_POLICY = 'PASSIVE'
  OMP_THREAD_LIMIT = '4294967295'
  OMP_MAX_ACTIVE_LEVELS = '2147483647'
  OMP_CANCELLATION = 'FALSE'
  OMP_DEFAULT_DEVICE = '0'
  OMP_MAX_TASK_PRIORITY = '0'
  OMP_DISPLAY_AFFINITY = 'FALSE'
  OMP_AFFINITY_FORMAT = 'level %L thread %i affinity %A'
OPENMP DISPLAY ENVIRONMENT END
72},OPENMP DISPLAY ENVIRONMENT END
{},48{{},},67{},},94{{{{101{2440},{4178},},94},},4849{},{{},{73{},95{792542},},{},102{},26},},{50},{},43{},{},{9649{{},{},748027{},51}{97},},68{95{{},},44'
52{},},},98{},53  OMP_STACKSIZE = '0'
},81},},{{{{{45},  OMP_WAIT_POLICY = 'PASSIVE'
9975{},{{54103{  OMP_THREAD_LIMIT = '4294967295'
},},100  OMP_MAX_ACTIVE_LEVELS = '2147483647'
{{},},4669},  OMP_CANCELLATION = 'FALSE'
82104{  OMP_DEFAULT_DEVICE = '0'
},{},{{83}'
  OMP_MAX_TASK_PRIORITY = '0'
105},  OMP_STACKSIZE = '0'
  OMP_DISPLAY_AFFINITY = 'FALSE'
},7647{  OMP_WAIT_POLICY = 'PASSIVE'
  OMP_AFFINITY_FORMAT = 'level %L thread %i affinity %A'
{},  OMP_THREAD_LIMIT = '4294967295'
{106OPENMP DISPLAY ENVIRONMENT END
},50},{  OMP_MAX_ACTIVE_LEVELS = '2147483647'
77{},55121}107{},},  OMP_CANCELLATION = 'FALSE'
{{78{51108},},},48},{{},  OMP_DEFAULT_DEVICE = '0'
109{49},{50},{79  OMP_MAX_TASK_PRIORITY = '0'
},},{51{{  OMP_DISPLAY_AFFINITY = 'FALSE'
80},52},'
{{{},110{52},  OMP_AFFINITY_FORMAT = 'level %L thread %i affinity %A'
81},},{122},{111{OPENMP DISPLAY ENVIRONMENT END
},},53{},{8253{112},},{},{{54{83113},54123},}},},{{{'
114{55  OMP_STACKSIZE = '0'
},55{124115}}'
}  OMP_STACKSIZE = '0'
'
},'
{  OMP_STACKSIZE = '0'
  OMP_WAIT_POLICY = 'PASSIVE'
  OMP_STACKSIZE = '0'
  OMP_STACKSIZE = '0'
96  OMP_WAIT_POLICY = 'PASSIVE'
125  OMP_WAIT_POLICY = 'PASSIVE'
  OMP_WAIT_POLICY = 'PASSIVE'
  OMP_THREAD_LIMIT = '4294967295'
{  OMP_MAX_ACTIVE_LEVELS = '2147483647'
  OMP_WAIT_POLICY = 'PASSIVE'
  OMP_THREAD_LIMIT = '4294967295'
},  OMP_CANCELLATION = 'FALSE'
  OMP_THREAD_LIMIT = '4294967295'
  OMP_MAX_ACTIVE_LEVELS = '2147483647'
{  OMP_CANCELLATION = 'FALSE'
  OMP_MAX_ACTIVE_LEVELS = '2147483647'
  OMP_DEFAULT_DEVICE = '0'
126  OMP_DEFAULT_DEVICE = '0'
  OMP_CANCELLATION = 'FALSE'
  OMP_MAX_TASK_PRIORITY = '0'
  OMP_THREAD_LIMIT = '4294967295'
  OMP_MAX_TASK_PRIORITY = '0'
  OMP_DEFAULT_DEVICE = '0'
  OMP_DISPLAY_AFFINITY = 'FALSE'
  OMP_THREAD_LIMIT = '4294967295'
  OMP_AFFINITY_FORMAT = 'level %L thread %i affinity %A'
70  OMP_DISPLAY_AFFINITY = 'FALSE'
},OPENMP DISPLAY ENVIRONMENT END
{  OMP_AFFINITY_FORMAT = 'level %L thread %i affinity %A'
OPENMP DISPLAY ENVIRONMENT END
  OMP_MAX_TASK_PRIORITY = '0'
},  OMP_DISPLAY_AFFINITY = 'FALSE'
},  OMP_MAX_ACTIVE_LEVELS = '2147483647'
  OMP_MAX_ACTIVE_LEVELS = '2147483647'
  OMP_CANCELLATION = 'FALSE'
  OMP_AFFINITY_FORMAT = 'level %L thread %i affinity %A'
{127  OMP_CANCELLATION = 'FALSE'
  OMP_DEFAULT_DEVICE = '0'
97OPENMP DISPLAY ENVIRONMENT END
  OMP_DEFAULT_DEVICE = '0'
}  OMP_MAX_TASK_PRIORITY = '0'
'
{  OMP_STACKSIZE = '0'
  OMP_DISPLAY_AFFINITY = 'FALSE'
  OMP_WAIT_POLICY = 'PASSIVE'
},  OMP_MAX_TASK_PRIORITY = '0'
  OMP_AFFINITY_FORMAT = 'level %L thread %i affinity %A'
  OMP_THREAD_LIMIT = '4294967295'
{  OMP_MAX_ACTIVE_LEVELS = '2147483647'
OPENMP DISPLAY ENVIRONMENT END
  OMP_DISPLAY_AFFINITY = 'FALSE'
98  OMP_CANCELLATION = 'FALSE'
71  OMP_AFFINITY_FORMAT = 'level %L thread %i affinity %A'
},  OMP_DEFAULT_DEVICE = '0'
},OPENMP DISPLAY ENVIRONMENT END
{  OMP_MAX_TASK_PRIORITY = '0'
  OMP_DISPLAY_AFFINITY = 'FALSE'
{  OMP_AFFINITY_FORMAT = 'level %L thread %i affinity %A'
OPENMP DISPLAY ENVIRONMENT END
7299},{100},},{{101},{102},{103},{104},{105},{106},{107},{108},{109},{110},73},{111{74},{75},{76},{77},{78},{79},{80},{81},{82},{83}'
  OMP_STACKSIZE = '0'
}'
  OMP_WAIT_POLICY = 'PASSIVE'
  OMP_STACKSIZE = '0'
  OMP_THREAD_LIMIT = '4294967295'
  OMP_MAX_ACTIVE_LEVELS = '2147483647'
  OMP_CANCELLATION = 'FALSE'
  OMP_DEFAULT_DEVICE = '0'
  OMP_MAX_TASK_PRIORITY = '0'
  OMP_DISPLAY_AFFINITY = 'FALSE'
  OMP_AFFINITY_FORMAT = 'level %L thread %i affinity %A'
OPENMP DISPLAY ENVIRONMENT END
  OMP_WAIT_POLICY = 'PASSIVE'
  OMP_THREAD_LIMIT = '4294967295'
  OMP_MAX_ACTIVE_LEVELS = '2147483647'
  OMP_CANCELLATION = 'FALSE'
  OMP_DEFAULT_DEVICE = '0'
  OMP_MAX_TASK_PRIORITY = '0'
  OMP_DISPLAY_AFFINITY = 'FALSE'
  OMP_AFFINITY_FORMAT = 'level %L thread %i affinity %A'
OPENMP DISPLAY ENVIRONMENT END
