'
},{5},{6'

OPENMP DISPLAY ENVIRONMENT BEGIN
{  OMP_NUM_THREADS = '12  OMP_NESTED = 'FALSE'
{  OMP_PROC_BIND = '  OMP_SCHEDULE = ''
},{7},78  OMP_PROC_BIND = '  _OPENMP = '201511'
'
  OMP_NUM_THREADS = '28DYNAMICDYNAMIC
OPENMP DISPLAY ENVIRONMENT BEGIN
10126  OMP_DYNAMIC = 'FALSE'

OPENMP DISPLAY ENVIRONMENT BEGIN

OPENMP DISPLAY ENVIRONMENT BEGIN
SPREAD{  OMP_SCHEDULE = 'SPREAD  OMP_NESTED = 'FALSE'
'
'
29'
  OMP_SCHEDULE = '  OMP_NUM_THREADS = '22  _OPENMP = '201511'
'
  OMP_PROC_BIND = '},{},  _OPENMP = '201511'

OPENMP DISPLAY ENVIRONMENT BEGIN
  OMP_NESTED = 'FALSE'
  OMP_SCHEDULE = '},'
  OMP_PLACES = '  _OPENMP = '201511'
27
OPENMP DISPLAY ENVIRONMENT BEGIN
  OMP_NUM_THREADS = '10{'

OPENMP DISPLAY ENVIRONMENT BEGIN
  OMP_DYNAMIC = 'FALSE'
  OMP_DYNAMIC = 'FALSE'
  _OPENMP = '201511'

OPENMP DISPLAY ENVIRONMENT BEGIN

OPENMP DISPLAY ENVIRONMENT BEGIN
  OMP_PROC_BIND = '{DYNAMIC  OMP_NUM_THREADS = '27  _OPENMP = '201511'
'
'
'
  OMP_PROC_BIND = '  OMP_NESTED = 'FALSE'
DYNAMIC'
  OMP_SCHEDULE = 'SPREAD  OMP_DYNAMIC = 'FALSE'
DYNAMIC  OMP_SCHEDULE = '  OMP_PLACES = '  OMP_DYNAMIC = 'FALSE'
SPREAD},  _OPENMP = '201511'
  OMP_NUM_THREADS = '19{  OMP_NESTED = 'FALSE'
30'
  OMP_NESTED = 'FALSE'
'
DYNAMIC{  OMP_NUM_THREADS = '20SPREAD  OMP_PROC_BIND = '56'
{'
  OMP_DYNAMIC = 'FALSE'
'
},  OMP_SCHEDULE = '  _OPENMP = '201511'
'
  OMP_NESTED = 'FALSE'
  OMP_DYNAMIC = 'FALSE'
  OMP_SCHEDULE = '  OMP_PLACES = '{  OMP_NUM_THREADS = '17'
  OMP_SCHEDULE = 'DYNAMIC  OMP_DYNAMIC = 'FALSE'
  OMP_NUM_THREADS = '23  OMP_PROC_BIND = '30'
  OMP_NESTED = 'FALSE'
57DYNAMIC  OMP_PROC_BIND = '},  OMP_PROC_BIND = '  OMP_NESTED = 'FALSE'
  OMP_NESTED = 'FALSE'
'
'
  OMP_SCHEDULE = '{DYNAMIC{2810231  _OPENMP = '201511'
  OMP_NUM_THREADS = '26},  OMP_PLACES = '}},'
84SPREAD{'
},'
},SPREAD  OMP_PROC_BIND = '  OMP_NUM_THREADS = '18{SPREAD'
'
  OMP_STACKSIZE = '0'
{  OMP_WAIT_POLICY = 'PASSIVE'
  OMP_PLACES = '{SPREAD'
  OMP_NUM_THREADS = '25  OMP_SCHEDULE = ''
  OMP_DYNAMIC = 'FALSE'
  OMP_PLACES = 'DYNAMIC'
  OMP_PROC_BIND = '  OMP_SCHEDULE = ''
DYNAMIC},  OMP_SCHEDULE = '29  OMP_THREAD_LIMIT = '4294967295'
'
DYNAMIC  OMP_PROC_BIND = '103{DYNAMICSPREAD32},{58{'
  OMP_PLACES = '2},{5831},3{59},{{  OMP_SCHEDULE = ''
},SPREADDYNAMIC85'
  OMP_PROC_BIND = '  OMP_PLACES = 'DYNAMIC},},},{  OMP_PLACES = '{  OMP_MAX_ACTIVE_LEVELS = '2147483647'
  OMP_CANCELLATION = 'FALSE'
},},'
  OMP_PROC_BIND = ''
{'
'
SPREAD60  OMP_PROC_BIND = 'SPREAD'
  OMP_PLACES = '  OMP_PLACES = '56  OMP_PROC_BIND = '{  OMP_NESTED = 'FALSE'
{  OMP_PROC_BIND = '{},{{SPREADSPREAD{SPREAD33SPREAD'
  OMP_PLACES = '93},'
5984{'
  OMP_DEFAULT_DEVICE = '0'
  OMP_MAX_TASK_PRIORITY = '0'
},{4},{5},{632{},34'
'
},15},},},  OMP_PLACES = '},{16},{17},{  OMP_NUM_THREADS = '24  OMP_PLACES = '{{  OMP_PROC_BIND = '86{18},{94{{  OMP_DISPLAY_AFFINITY = 'FALSE'
{10484},{},{35},{36},{{{{  OMP_AFFINITY_FORMAT = 'level %L thread %i affinity %A'
},'
  OMP_PLACES = '{},  OMP_PLACES = ''
SPREAD8537601943},30{56{{  OMP_SCHEDULE = '68DYNAMIC},{7},61{{OPENMP DISPLAY ENVIRONMENT END
105'
},8733},{},  OMP_PLACES = '8},{},{},},38},{95},},},},  OMP_PLACES = '},{61{{{},{10631},{20{{4{3462},9},},{7939},{{{{57280},{},},},'
  OMP_PROC_BIND = '{{80{},40{4469{},{96},},107},{35{1},{8562},{},{},},{{},{08657},{},SPREAD21108},{63{{41{10},36{6388},},5},2},29},},{},48},}{81{},},{1},{6411},{9742},{64{},'
{670{},87},{},{'
{{8922{58  OMP_STACKSIZE = '0'
},{6530{{43},82},49  OMP_WAIT_POLICY = 'PASSIVE'
},},{{},45},},},{7},},{3},{48631{{{},12},37},  OMP_PLACES = '},71{},{},{5{{},},},66{{{},  OMP_THREAD_LIMIT = '4294967295'
8865{},},4050{44},},38  OMP_MAX_ACTIVE_LEVELS = '2147483647'
{{8},72},},{  OMP_CANCELLATION = 'FALSE'
{},{59  OMP_DEFAULT_DEVICE = '0'
{{},45},},{9393251{{},},},{{6723{2  OMP_MAX_TASK_PRIORITY = '0'
98},{{46},{47},{48{}83'
},},89  OMP_DISPLAY_AFFINITY = 'FALSE'
  OMP_STACKSIZE = '0'
},  OMP_WAIT_POLICY = 'PASSIVE'
{  OMP_THREAD_LIMIT = '4294967295'
58  OMP_AFFINITY_FORMAT = 'level %L thread %i affinity %A'
},{90{66},40{},91},},},OPENMP DISPLAY ENVIRONMENT END
{{},},{{{{73{{{},  OMP_MAX_ACTIVE_LEVELS = '2147483647'
1333},},{},52687},{},9241},},{67{{},{24{  OMP_CANCELLATION = 'FALSE'
{5342},},{{6854},},{{},{84},{85},{86},34  OMP_DEFAULT_DEVICE = '0'
  OMP_MAX_TASK_PRIORITY = '0'
  OMP_DISPLAY_AFFINITY = 'FALSE'
  OMP_AFFINITY_FORMAT = 'level %L thread %i affinity %A'
{{93},8855{},90{},56},41},{42{74},},99},},OPENMP DISPLAY ENVIRONMENT END
},873},{88},{{6089},{35{90},{{{},{},46{},7559{{68368957},{},},19{43},{44{{},25},43{{9191},},},{92},{{93},{{94},92{95},{96},},{97},},{98{},{},9469},{{{5893},},{},5937},},{6160{},{},6194},4{},62{99},{76},{{9595},{{},96{},96{},97},},{{979844{100},},},{},{{20},{},},38{101},{102},{103},{104}'
  OMP_STACKSIZE = '0'
  OMP_WAIT_POLICY = 'PASSIVE'
},},{{{{77982145},},{},99{60},{},{{{39  OMP_THREAD_LIMIT = '4294967295'
7  OMP_MAX_ACTIVE_LEVELS = '2147483647'
  OMP_CANCELLATION = 'FALSE'
  OMP_DEFAULT_DEVICE = '0'
},  OMP_MAX_TASK_PRIORITY = '0'
{  OMP_DISPLAY_AFFINITY = 'FALSE'
},  OMP_AFFINITY_FORMAT = 'level %L thread %i affinity %A'
45OPENMP DISPLAY ENVIRONMENT END
7099},78},63{},},{{100{},40{},61},},{{7982241{},{},},{90},{4662805{64},},},},{{{71{{9{},9142{62},},},{},26{},{{81},},63},9243{{65{},{{},6682},{},{{},{23},100{{44},},},{10010},45{},},},{},{},67{},{{{7683},},{{46{},{},{4647},{64},{65},{936648},},{11{{844727},63},77},{72},{1011347},28{6947},},48{},{},{{},4994},{9585{},{},},49{67{1286},},},{{87{96},{{650101},},9748},{{2478{},},{},79},},{},50},{},},{1388},{},51},25{{},49102},{{},{6450{},103},},{},51{},{{{{705210173{{2951},{{},},{},{},},7{104},65{},102},{529853{},},{},},{{68},53{{},105{80},}},{8{},89{},9{},90{26},},10652},{},91},{{14{54{},{},107{{},14'
{  OMP_STACKSIZE = '0'
103},},10{{104},},108{},121{},{{66122109},},{},12311},{{{12467},110},30},{{{{9255},}{{275393},},},},{69},{70{'
  OMP_WAIT_POLICY = 'PASSIVE'
9954{54},{55},74{},{569448},125},},{{111126}  OMP_STACKSIZE = '0'
{},},  OMP_WAIT_POLICY = 'PASSIVE'
{5728},},{58},},{15{  OMP_THREAD_LIMIT = '4294967295'
29{},{3059},95  OMP_MAX_ACTIVE_LEVELS = '2147483647'
'
  OMP_CANCELLATION = 'FALSE'
  OMP_STACKSIZE = '0'
},  OMP_DEFAULT_DEVICE = '0'
},},{},  OMP_MAX_TASK_PRIORITY = '0'
{{  OMP_DISPLAY_AFFINITY = 'FALSE'
}{},100},{},  OMP_WAIT_POLICY = 'PASSIVE'
  OMP_AFFINITY_FORMAT = 'level %L thread %i affinity %A'
  OMP_THREAD_LIMIT = '4294967295'
OPENMP DISPLAY ENVIRONMENT END
  OMP_MAX_ACTIVE_LEVELS = '2147483647'
{1616  OMP_THREAD_LIMIT = '4294967295'
'
  OMP_MAX_ACTIVE_LEVELS = '2147483647'
{{  OMP_CANCELLATION = 'FALSE'
  OMP_STACKSIZE = '0'
  OMP_DEFAULT_DEVICE = '0'
31  OMP_MAX_TASK_PRIORITY = '0'
  OMP_WAIT_POLICY = 'PASSIVE'
  OMP_DISPLAY_AFFINITY = 'FALSE'
60},},{  OMP_AFFINITY_FORMAT = 'level %L thread %i affinity %A'
{OPENMP DISPLAY ENVIRONMENT END
127  OMP_CANCELLATION = 'FALSE'
{{49  OMP_DEFAULT_DEVICE = '0'
3168},  OMP_MAX_TASK_PRIORITY = '0'
102{},},{},}  OMP_THREAD_LIMIT = '4294967295'
'
{61  OMP_STACKSIZE = '0'
  OMP_MAX_ACTIVE_LEVELS = '2147483647'
},},},  OMP_CANCELLATION = 'FALSE'
{32{  OMP_DEFAULT_DEVICE = '0'
},},{{62},  OMP_WAIT_POLICY = 'PASSIVE'
  OMP_MAX_TASK_PRIORITY = '0'
  OMP_THREAD_LIMIT = '4294967295'
{  OMP_MAX_ACTIVE_LEVELS = '2147483647'
  OMP_DISPLAY_AFFINITY = 'FALSE'
{  OMP_AFFINITY_FORMAT = 'level %L thread %i affinity %A'
55OPENMP DISPLAY ENVIRONMENT END
},3315{63{},{},34{75},5664},{65},},  OMP_DISPLAY_AFFINITY = 'FALSE'
  OMP_CANCELLATION = 'FALSE'
  OMP_AFFINITY_FORMAT = 'level %L thread %i affinity %A'
  OMP_DEFAULT_DEVICE = '0'
{  OMP_MAX_TASK_PRIORITY = '0'
OPENMP DISPLAY ENVIRONMENT END
  OMP_DISPLAY_AFFINITY = 'FALSE'
},  OMP_AFFINITY_FORMAT = 'level %L thread %i affinity %A'
69OPENMP DISPLAY ENVIRONMENT END
},71{},70{72},{{73},{},74},{{7517},{76},71{77},{},78},{},79{},{80},{7281},{},82},{83{}'
  OMP_STACKSIZE = '0'
  OMP_WAIT_POLICY = 'PASSIVE'
  OMP_THREAD_LIMIT = '4294967295'
{  OMP_MAX_ACTIVE_LEVELS = '2147483647'
  OMP_CANCELLATION = 'FALSE'
  OMP_DEFAULT_DEVICE = '0'
  OMP_MAX_TASK_PRIORITY = '0'
  OMP_DISPLAY_AFFINITY = 'FALSE'
  OMP_AFFINITY_FORMAT = 'level %L thread %i affinity %A'
73OPENMP DISPLAY ENVIRONMENT END
18{71},105},{{},32{{},{},5717},{{},10635},{36},{37},{38},{{72}{},{763974}66},{67}'
  OMP_STACKSIZE = '0'
  OMP_WAIT_POLICY = 'PASSIVE'
  OMP_THREAD_LIMIT = '4294967295'
  OMP_MAX_ACTIVE_LEVELS = '2147483647'
  OMP_CANCELLATION = 'FALSE'
},'
  OMP_DEFAULT_DEVICE = '0'
  OMP_STACKSIZE = '0'
  OMP_MAX_TASK_PRIORITY = '0'
{  OMP_WAIT_POLICY = 'PASSIVE'
},  OMP_DISPLAY_AFFINITY = 'FALSE'
19  OMP_THREAD_LIMIT = '4294967295'
{  OMP_AFFINITY_FORMAT = 'level %L thread %i affinity %A'
75  OMP_MAX_ACTIVE_LEVELS = '2147483647'
107OPENMP DISPLAY ENVIRONMENT END
18},},  OMP_CANCELLATION = 'FALSE'
  OMP_DEFAULT_DEVICE = '0'
  OMP_MAX_TASK_PRIORITY = '0'
},{{{  OMP_DISPLAY_AFFINITY = 'FALSE'
  OMP_AFFINITY_FORMAT = 'level %L thread %i affinity %A'
OPENMP DISPLAY ENVIRONMENT END
73'
108},19},{},},{{{2050  OMP_STACKSIZE = '0'
},{10976},  OMP_WAIT_POLICY = 'PASSIVE'
20{},{  OMP_THREAD_LIMIT = '4294967295'
74},{75},{76},{77110},},},},},  OMP_MAX_ACTIVE_LEVELS = '2147483647'
{21{  OMP_CANCELLATION = 'FALSE'
{{},  OMP_DEFAULT_DEVICE = '0'
111{7778  OMP_MAX_TASK_PRIORITY = '0'
},{},22{112  OMP_DISPLAY_AFFINITY = 'FALSE'
},78{  OMP_AFFINITY_FORMAT = 'level %L thread %i affinity %A'
},},},},{33{79{},{{771137923},OPENMP DISPLAY ENVIRONMENT END
{45},80{},{16114},{},103{},{},80{},24},},{8178{46},{},},},{{},25{},81{47{115{},7982}{},},},{},{2680{},'
1734{{48104{},},{{83  OMP_STACKSIZE = '0'
27}}'
'
  OMP_STACKSIZE = '0'
  OMP_STACKSIZE = '0'
  OMP_WAIT_POLICY = 'PASSIVE'
  OMP_THREAD_LIMIT = '4294967295'
  OMP_WAIT_POLICY = 'PASSIVE'
  OMP_MAX_ACTIVE_LEVELS = '2147483647'
  OMP_WAIT_POLICY = 'PASSIVE'
},{8118  OMP_CANCELLATION = 'FALSE'
  OMP_DEFAULT_DEVICE = '0'
  OMP_MAX_TASK_PRIORITY = '0'
  OMP_THREAD_LIMIT = '4294967295'
},{8249  OMP_THREAD_LIMIT = '4294967295'
},},},{  OMP_MAX_ACTIVE_LEVELS = '2147483647'
},  OMP_MAX_ACTIVE_LEVELS = '2147483647'
{  OMP_DISPLAY_AFFINITY = 'FALSE'
  OMP_CANCELLATION = 'FALSE'
{50},},  OMP_CANCELLATION = 'FALSE'
{{{5151{},},{3552105},},{{53{83},},36{{54},},{{5255106}37'
},  OMP_STACKSIZE = '0'
},  OMP_WAIT_POLICY = 'PASSIVE'
},  OMP_THREAD_LIMIT = '4294967295'
{  OMP_MAX_ACTIVE_LEVELS = '2147483647'
{  OMP_CANCELLATION = 'FALSE'
{19},82{  OMP_DEFAULT_DEVICE = '0'
},38{  OMP_DEFAULT_DEVICE = '0'
  OMP_DEFAULT_DEVICE = '0'
  OMP_MAX_TASK_PRIORITY = '0'
20},{21},83  OMP_AFFINITY_FORMAT = 'level %L thread %i affinity %A'
OPENMP DISPLAY ENVIRONMENT END
  OMP_MAX_TASK_PRIORITY = '0'
{  OMP_DISPLAY_AFFINITY = 'FALSE'
53  OMP_AFFINITY_FORMAT = 'level %L thread %i affinity %A'
39OPENMP DISPLAY ENVIRONMENT END
},},{22},{23},},{{24  OMP_MAX_TASK_PRIORITY = '0'
  OMP_DISPLAY_AFFINITY = 'FALSE'
84  OMP_DISPLAY_AFFINITY = 'FALSE'
  OMP_AFFINITY_FORMAT = 'level %L thread %i affinity %A'
},{25},OPENMP DISPLAY ENVIRONMENT END
},  OMP_AFFINITY_FORMAT = 'level %L thread %i affinity %A'
}'
OPENMP DISPLAY ENVIRONMENT END
  OMP_STACKSIZE = '0'
  OMP_WAIT_POLICY = 'PASSIVE'
  OMP_THREAD_LIMIT = '4294967295'
  OMP_MAX_ACTIVE_LEVELS = '2147483647'
  OMP_CANCELLATION = 'FALSE'
  OMP_DEFAULT_DEVICE = '0'
  OMP_MAX_TASK_PRIORITY = '0'
  OMP_DISPLAY_AFFINITY = 'FALSE'
  OMP_AFFINITY_FORMAT = 'level %L thread %i affinity %A'
OPENMP DISPLAY ENVIRONMENT END
107{},{},85{26{}40},54'
},{{  OMP_STACKSIZE = '0'
{2741  OMP_WAIT_POLICY = 'PASSIVE'
},  OMP_THREAD_LIMIT = '4294967295'
{},42  OMP_MAX_ACTIVE_LEVELS = '2147483647'
},{}  OMP_CANCELLATION = 'FALSE'
'
28{  OMP_DEFAULT_DEVICE = '0'
108},55  OMP_MAX_TASK_PRIORITY = '0'
  OMP_STACKSIZE = '0'
{  OMP_WAIT_POLICY = 'PASSIVE'
  OMP_DISPLAY_AFFINITY = 'FALSE'
  OMP_THREAD_LIMIT = '4294967295'
29  OMP_MAX_ACTIVE_LEVELS = '2147483647'
  OMP_AFFINITY_FORMAT = 'level %L thread %i affinity %A'
  OMP_CANCELLATION = 'FALSE'
}  OMP_DEFAULT_DEVICE = '0'
OPENMP DISPLAY ENVIRONMENT END
},'
  OMP_STACKSIZE = '0'
  OMP_WAIT_POLICY = 'PASSIVE'
  OMP_THREAD_LIMIT = '4294967295'
  OMP_MAX_TASK_PRIORITY = '0'
  OMP_MAX_ACTIVE_LEVELS = '2147483647'
  OMP_CANCELLATION = 'FALSE'
  OMP_DISPLAY_AFFINITY = 'FALSE'
  OMP_DEFAULT_DEVICE = '0'
  OMP_MAX_TASK_PRIORITY = '0'
  OMP_DISPLAY_AFFINITY = 'FALSE'
  OMP_AFFINITY_FORMAT = 'level %L thread %i affinity %A'
OPENMP DISPLAY ENVIRONMENT END
},  OMP_AFFINITY_FORMAT = 'level %L thread %i affinity %A'
OPENMP DISPLAY ENVIRONMENT END
{{109},{110},56{},111},{112{},{113},{57114},{115},{},116},{117},{118},{119},{120}'
  OMP_STACKSIZE = '0'
  OMP_WAIT_POLICY = 'PASSIVE'
  OMP_THREAD_LIMIT = '4294967295'
  OMP_MAX_ACTIVE_LEVELS = '2147483647'
  OMP_CANCELLATION = 'FALSE'
{58},{  OMP_DEFAULT_DEVICE = '0'
59},{  OMP_MAX_TASK_PRIORITY = '0'
  OMP_DISPLAY_AFFINITY = 'FALSE'
  OMP_AFFINITY_FORMAT = 'level %L thread %i affinity %A'
OPENMP DISPLAY ENVIRONMENT END
60},{61},{62},{63},{86},{87},{88},{89},{90},{91},{92}'
  OMP_STACKSIZE = '0'
  OMP_WAIT_POLICY = 'PASSIVE'
  OMP_THREAD_LIMIT = '4294967295'
  OMP_MAX_ACTIVE_LEVELS = '2147483647'
  OMP_CANCELLATION = 'FALSE'
  OMP_DEFAULT_DEVICE = '0'
  OMP_MAX_TASK_PRIORITY = '0'
  OMP_DISPLAY_AFFINITY = 'FALSE'
  OMP_AFFINITY_FORMAT = 'level %L thread %i affinity %A'
OPENMP DISPLAY ENVIRONMENT END
