},
OPENMP DISPLAY ENVIRONMENT BEGIN
  OMP_NESTED = 'FALSE'
  OMP_NUM_THREADS = '2815  OMP_DYNAMIC = 'FALSE'
},DYNAMIC},  OMP_SCHEDULE = '{},{  _OPENMP = '201511'
6  OMP_DYNAMIC = 'FALSE'

OPENMP DISPLAY ENVIRONMENT BEGIN
{'
  OMP_NUM_THREADS = '21  OMP_NUM_THREADS = '23  _OPENMP = '201511'
  OMP_NESTED = 'FALSE'
{{50  OMP_NESTED = 'FALSE'
  _OPENMP = '201511'
'
  _OPENMP = '201511'
  OMP_DYNAMIC = 'FALSE'
  OMP_PROC_BIND = '55  _OPENMP = '201511'
},  OMP_DEFAULT_DEVICE = '0'
DYNAMIC  OMP_DYNAMIC = 'FALSE'
  OMP_NESTED = 'FALSE'
  _OPENMP = '201511'
82  OMP_DYNAMIC = 'FALSE'
81DYNAMIC'
'
'
  OMP_DYNAMIC = 'FALSE'
  OMP_SCHEDULE = '  OMP_NESTED = 'FALSE'

OPENMP DISPLAY ENVIRONMENT BEGIN
{{16},'
  OMP_NESTED = 'FALSE'
  OMP_PROC_BIND = '  OMP_NUM_THREADS = '20  OMP_NUM_THREADS = '18
OPENMP DISPLAY ENVIRONMENT BEGIN
SPREADDYNAMIC  OMP_DYNAMIC = 'FALSE'
'
{  OMP_NUM_THREADS = '10  OMP_NESTED = 'FALSE'
  OMP_PLACES = '},  OMP_SCHEDULE = '83  OMP_SCHEDULE = '51'
},SPREAD  _OPENMP = '201511'
  OMP_DYNAMIC = 'FALSE'
  OMP_NUM_THREADS = '25  OMP_NESTED = 'FALSE'
  _OPENMP = '201511'
  OMP_MAX_TASK_PRIORITY = '0'
{7},
OPENMP DISPLAY ENVIRONMENT BEGIN
  OMP_NESTED = 'FALSE'
  OMP_NESTED = 'FALSE'
'
{  OMP_DYNAMIC = 'FALSE'
  OMP_NUM_THREADS = '24'
  OMP_NUM_THREADS = '26'
  OMP_SCHEDULE = '},0},{  OMP_PROC_BIND = '1},{2},{3},{4},{5SPREAD'
},  OMP_PLACES = '{  OMP_PROC_BIND = '  OMP_NUM_THREADS = '12'
  OMP_SCHEDULE = ''
  OMP_SCHEDULE = '  OMP_DISPLAY_AFFINITY = 'FALSE'
6DYNAMICDYNAMICSPREAD'
  OMP_NESTED = 'FALSE'
  OMP_NUM_THREADS = '11DYNAMIC  OMP_DYNAMIC = 'FALSE'
99  OMP_AFFINITY_FORMAT = 'level %L thread %i affinity %A'
{},52{OPENMP DISPLAY ENVIRONMENT END
},  _OPENMP = '201511'
  OMP_NESTED = 'FALSE'
},{'
'
'
7{DYNAMIC{  OMP_SCHEDULE = 'DYNAMIC17},  OMP_SCHEDULE = '  OMP_NUM_THREADS = '16'
'
84  OMP_NUM_THREADS = '13},},},{{  OMP_PLACES = ''
},{{  OMP_NUM_THREADS = '15DYNAMIC'
  OMP_PROC_BIND = 'SPREAD'
568100{'
'
'
{},},DYNAMIC  OMP_PROC_BIND = '  OMP_PLACES = '  OMP_PROC_BIND = '{  OMP_PROC_BIND = '  OMP_PROC_BIND = '  OMP_PROC_BIND = '{},  OMP_SCHEDULE = '43  OMP_DYNAMIC = 'FALSE'
52{},{{  OMP_PLACES = ''
{'
91882},{19  OMP_SCHEDULE = 'SPREAD'
1018{SPREAD85SPREAD'
30'
},{  OMP_PLACES = '31},SPREAD53SPREADDYNAMIC},DYNAMIC  OMP_PROC_BIND = '},53},},'
},  OMP_SCHEDULE = ''
{{},'
  OMP_PROC_BIND = 'SPREAD'
DYNAMIC{{},},  OMP_SCHEDULE = '{},SPREAD{'
{  OMP_PLACES = '{},{{8683  OMP_PLACES = '  OMP_SCHEDULE = '54},},},10},102{  OMP_NESTED = 'FALSE'
DYNAMIC{'
{  OMP_PROC_BIND = '{'

OPENMP DISPLAY ENVIRONMENT BEGIN
  OMP_PLACES = '9{'
58'
{{572084},11},},{},  OMP_NUM_THREADS = '14'
5540DYNAMIC  OMP_PROC_BIND = '87},{{1210385{{  OMP_PLACES = '{},SPREAD  OMP_PLACES = '},{{},56},},'
SPREAD32'
  OMP_PLACES = '},},21  OMP_PROC_BIND = '{},  OMP_PLACES = '{{4{54},{13},10},{{{'
'
SPREAD{8668},{},{15},{564458},{22},},{{{{'
},},{16104{{23{8833},{17},},2},{028{1887{},5  OMP_PROC_BIND = '5557{},},},  OMP_PLACES = '},41  OMP_SCHEDULE = '{},{59105},  OMP_PLACES = '69},{19{},},},},{{},57{59936{42},{7},{43},{{},{20},{{},{11},{SPREADDYNAMIC  _OPENMP = '201511'
'
},{89},21},106{},56{{{},22},12{{58342924},{28},},60{},},},},145{7044{},},},57},},{{84{{},{{},{{8{{{9088},  OMP_SCHEDULE = '{45{107},},{5813},},{3{14{{},},},3571},58{},},},2},{385{},},{235994{{},91{{},15{'
59{{{729},{61},2546},},{29  OMP_PROC_BIND = '30},},{108{4  OMP_PLACES = '60{},1659},89},},},},},46{  OMP_DYNAMIC = 'FALSE'
24},{{},  OMP_NESTED = 'FALSE'
{{{},73{},{},},SPREAD{92},95{{47366062},{30}},{DYNAMIC13},{},'
},},},'
{4717},},},{{},5{{56{3193{266025{{  OMP_PLACES = '61},},{{{{},},  OMP_NUM_THREADS = '17{{629490  OMP_STACKSIZE = '0'
},{74},31},{37{4{18{},},},{19},95},6360},},},{},96},},  OMP_WAIT_POLICY = 'PASSIVE'
{},{},86{19},{20{63{},{32},},{{{{75{},'
},},},},32{4896{2048},},{6126{{57},{  OMP_SCHEDULE = '{{38},{{61279176},},65864{},{49},{50},{51},{52},{53},{54},{},0{},{{{},  OMP_THREAD_LIMIT = '4294967295'
45{},  OMP_MAX_ACTIVE_LEVELS = '2147483647'
{2761},{87},{},},46},},  OMP_CANCELLATION = 'FALSE'
{{623397},},64974728}'
  OMP_STACKSIZE = '0'
  OMP_DEFAULT_DEVICE = '0'
},{48},  OMP_WAIT_POLICY = 'PASSIVE'
{  OMP_THREAD_LIMIT = '4294967295'
},{{{},{{{},9255{},},  OMP_MAX_ACTIVE_LEVELS = '2147483647'
651},{},DYNAMIC34{59{},65{982},'
},35{},{{},{49},7},2133{{},{},39{},4962},},{},},{88{{{77{},{63},{5064},{65},{66},{67},{68},{},},56{},},51{}6628  OMP_MAX_TASK_PRIORITY = '0'
6662},},{'
22  OMP_STACKSIZE = '0'
78{  OMP_WAIT_POLICY = 'PASSIVE'
},985799{  OMP_CANCELLATION = 'FALSE'
  OMP_DISPLAY_AFFINITY = 'FALSE'
},  OMP_PROC_BIND = '93{{{89},3463  OMP_THREAD_LIMIT = '4294967295'
},'
{},{67},{68},},SPREAD{36},},{{},{29  OMP_DEFAULT_DEVICE = '0'
94{69},{},},{79},},40{},50  OMP_MAX_ACTIVE_LEVELS = '2147483647'
100},},3},{{{{'
8058{2337},{},{},  OMP_PLACES = '{{24},},4},{  OMP_CANCELLATION = 'FALSE'
},  OMP_DEFAULT_DEVICE = '0'
{  OMP_MAX_TASK_PRIORITY = '0'
{  OMP_DISPLAY_AFFINITY = 'FALSE'
{70},{71},64},{},95{},{{},  OMP_MAX_TASK_PRIORITY = '0'
59{81},  OMP_AFFINITY_FORMAT = 'level %L thread %i affinity %A'
{OPENMP DISPLAY ENVIRONMENT END
69},{  OMP_DISPLAY_AFFINITY = 'FALSE'
{  OMP_AFFINITY_FORMAT = 'level %L thread %i affinity %A'
101},673025849960},OPENMP DISPLAY ENVIRONMENT END
5  OMP_AFFINITY_FORMAT = 'level %L thread %i affinity %A'
38},{},{{96{65},{},},{72{},},},{3110297{{OPENMP DISPLAY ENVIRONMENT END
},},66{635},41},{73{},},{103},{{},{48},},{},{7082},{71{},{{72},{73},{74},{{7490},},35},{64{},{},{98},496{{},{104{{65}},75},{8},616{{75'
39  OMP_STACKSIZE = '0'
85},},},  OMP_WAIT_POLICY = 'PASSIVE'
{{},  OMP_THREAD_LIMIT = '4294967295'
9151{76},26{77},8360{78},{79}'
  OMP_STACKSIZE = '0'
  OMP_WAIT_POLICY = 'PASSIVE'
  OMP_THREAD_LIMIT = '4294967295'
  OMP_MAX_ACTIVE_LEVELS = '2147483647'
  OMP_CANCELLATION = 'FALSE'
  OMP_DEFAULT_DEVICE = '0'
  OMP_MAX_TASK_PRIORITY = '0'
  OMP_DISPLAY_AFFINITY = 'FALSE'
  OMP_AFFINITY_FORMAT = 'level %L thread %i affinity %A'
},OPENMP DISPLAY ENVIRONMENT END
},},67},{36},},},99},},},},{{40{},{},{},{{5068},100{},},76{6827{61},{},{},4284}{  OMP_MAX_ACTIVE_LEVELS = '2147483647'
37'
92{},},66},},},{{{910162{{},{69},51{},{41938638},},},67{},},},{{  OMP_CANCELLATION = 'FALSE'
42  OMP_STACKSIZE = '0'
{  OMP_DEFAULT_DEVICE = '0'
{  OMP_MAX_TASK_PRIORITY = '0'
94  OMP_WAIT_POLICY = 'PASSIVE'
},  OMP_DISPLAY_AFFINITY = 'FALSE'
{  OMP_THREAD_LIMIT = '4294967295'
{  OMP_AFFINITY_FORMAT = 'level %L thread %i affinity %A'
{  OMP_MAX_ACTIVE_LEVELS = '2147483647'
},OPENMP DISPLAY ENVIRONMENT END
{  OMP_CANCELLATION = 'FALSE'
  OMP_DEFAULT_DEVICE = '0'
  OMP_MAX_TASK_PRIORITY = '0'
  OMP_DISPLAY_AFFINITY = 'FALSE'
{95{{7{63},628728},  OMP_AFFINITY_FORMAT = 'level %L thread %i affinity %A'
OPENMP DISPLAY ENVIRONMENT END
70},{{},52},102{}39{'
96},},71  OMP_STACKSIZE = '0'
{{{  OMP_WAIT_POLICY = 'PASSIVE'
69103},  OMP_THREAD_LIMIT = '4294967295'
68},{},},785{},97},},},{},{{{29{866398},69  OMP_MAX_ACTIVE_LEVELS = '2147483647'
{{},},},40{},100},{},10464{  OMP_CANCELLATION = 'FALSE'
{{},30{8799{{},70},41{},{42},{43},{},72  OMP_DEFAULT_DEVICE = '0'
{{43{3143},100},},{},},},64{},},88},{{4452},{  OMP_MAX_TASK_PRIORITY = '0'
10105},},73  OMP_DISPLAY_AFFINITY = 'FALSE'
{{{},653244},},{},{{89},833{{{},6665},88{},{{},},70{71},105{{  OMP_AFFINITY_FORMAT = 'level %L thread %i affinity %A'
},106{OPENMP DISPLAY ENVIRONMENT END
44},{{},34},90{67},},{},45{71}11{},35},'
},91  OMP_STACKSIZE = '0'
{},{},  OMP_WAIT_POLICY = 'PASSIVE'
46{{{},{{{},361292{},47},  OMP_THREAD_LIMIT = '4294967295'
},{},  OMP_MAX_ACTIVE_LEVELS = '2147483647'
8937{{  OMP_CANCELLATION = 'FALSE'
{},},{9},{10},{11},{12},{},9345{667445{5372},1338},},},},{{10694  OMP_DEFAULT_DEVICE = '0'
},8},72},  OMP_MAX_TASK_PRIORITY = '0'
},},},{{75{46},{47},{{{{{},{  OMP_DISPLAY_AFFINITY = 'FALSE'
{39{{46107{},13},4895},  OMP_AFFINITY_FORMAT = 'level %L thread %i affinity %A'
},{73{},7648},},108},{54107}{OPENMP DISPLAY ENVIRONMENT END
{14},{9010167{},77},},{}},{477815},{}{'
74'
},  OMP_STACKSIZE = '0'
},  OMP_STACKSIZE = '0'
14  OMP_WAIT_POLICY = 'PASSIVE'
{  OMP_WAIT_POLICY = 'PASSIVE'
},  OMP_THREAD_LIMIT = '4294967295'
49  OMP_THREAD_LIMIT = '4294967295'
{  OMP_MAX_ACTIVE_LEVELS = '2147483647'
},  OMP_MAX_ACTIVE_LEVELS = '2147483647'
75  OMP_CANCELLATION = 'FALSE'
{  OMP_CANCELLATION = 'FALSE'
},  OMP_DEFAULT_DEVICE = '0'
{'
},},{  OMP_DEFAULT_DEVICE = '0'
73{},},},  OMP_MAX_TASK_PRIORITY = '0'
{  OMP_MAX_TASK_PRIORITY = '0'
{  OMP_DISPLAY_AFFINITY = 'FALSE'
  OMP_DISPLAY_AFFINITY = 'FALSE'
15  OMP_AFFINITY_FORMAT = 'level %L thread %i affinity %A'
50  OMP_AFFINITY_FORMAT = 'level %L thread %i affinity %A'
10879{16},{},{{OPENMP DISPLAY ENVIRONMENT END
{OPENMP DISPLAY ENVIRONMENT END
17{},  OMP_STACKSIZE = '0'
{},74{488076  OMP_WAIT_POLICY = 'PASSIVE'
102}},},{5510991},},  OMP_THREAD_LIMIT = '4294967295'
},{{},},{68},},{'
{  OMP_MAX_ACTIVE_LEVELS = '2147483647'
},  OMP_STACKSIZE = '0'
49{75},  OMP_CANCELLATION = 'FALSE'
49  OMP_DEFAULT_DEVICE = '0'
{  OMP_WAIT_POLICY = 'PASSIVE'
{  OMP_MAX_TASK_PRIORITY = '0'
69  OMP_DISPLAY_AFFINITY = 'FALSE'
{  OMP_THREAD_LIMIT = '4294967295'
{  OMP_AFFINITY_FORMAT = 'level %L thread %i affinity %A'
},11018},{56  OMP_MAX_ACTIVE_LEVELS = '2147483647'
51},},10319},},OPENMP DISPLAY ENVIRONMENT END
{{},111  OMP_CANCELLATION = 'FALSE'
},},{20},{21},{{92  OMP_DEFAULT_DEVICE = '0'
{  OMP_MAX_TASK_PRIORITY = '0'
70  OMP_DISPLAY_AFFINITY = 'FALSE'
},  OMP_AFFINITY_FORMAT = 'level %L thread %i affinity %A'
OPENMP DISPLAY ENVIRONMENT END
},22},{23},{{},{{{24},{5750{{{25},{112},  OMP_PROC_BIND = '26},},{76},5051{{},{11327},71},},{{},{}51},114{},{{72},52{},},104},{777752},},9{5816SPREAD{},},'
{  OMP_STACKSIZE = '0'
5293115  OMP_WAIT_POLICY = 'PASSIVE'
{{{}73{{'
  OMP_THREAD_LIMIT = '4294967295'
  OMP_MAX_ACTIVE_LEVELS = '2147483647'
  OMP_CANCELLATION = 'FALSE'
  OMP_DEFAULT_DEVICE = '0'
  OMP_MAX_TASK_PRIORITY = '0'
  OMP_DISPLAY_AFFINITY = 'FALSE'
  OMP_AFFINITY_FORMAT = 'level %L thread %i affinity %A'
},7853},OPENMP DISPLAY ENVIRONMENT END
105},},'
{  OMP_STACKSIZE = '0'
  OMP_WAIT_POLICY = 'PASSIVE'
  OMP_THREAD_LIMIT = '4294967295'
  OMP_MAX_ACTIVE_LEVELS = '2147483647'
  OMP_CANCELLATION = 'FALSE'
{},},},78  OMP_DEFAULT_DEVICE = '0'
{{53{},  OMP_MAX_TASK_PRIORITY = '0'
541053{  OMP_DISPLAY_AFFINITY = 'FALSE'
},  OMP_AFFINITY_FORMAT = 'level %L thread %i affinity %A'
{79{},79},17OPENMP DISPLAY ENVIRONMENT END
},{{{},{{},59},54},},{801194},74},55{},{{81}5595'
},  OMP_STACKSIZE = '0'
}  OMP_WAIT_POLICY = 'PASSIVE'
{},'
  OMP_THREAD_LIMIT = '4294967295'
82  OMP_MAX_ACTIVE_LEVELS = '2147483647'
  OMP_STACKSIZE = '0'
  OMP_CANCELLATION = 'FALSE'
},{  OMP_WAIT_POLICY = 'PASSIVE'
},{  OMP_DEFAULT_DEVICE = '0'
},{  OMP_THREAD_LIMIT = '4294967295'
{{{{  OMP_MAX_TASK_PRIORITY = '0'
83},96}},  OMP_MAX_ACTIVE_LEVELS = '2147483647'
75'
  OMP_DISPLAY_AFFINITY = 'FALSE'
  OMP_CANCELLATION = 'FALSE'
},  OMP_STACKSIZE = '0'
80  OMP_DEFAULT_DEVICE = '0'
  OMP_AFFINITY_FORMAT = 'level %L thread %i affinity %A'
  OMP_WAIT_POLICY = 'PASSIVE'
{18  OMP_MAX_TASK_PRIORITY = '0'
1254  OMP_THREAD_LIMIT = '4294967295'
},  OMP_DISPLAY_AFFINITY = 'FALSE'
},  OMP_MAX_ACTIVE_LEVELS = '2147483647'
OPENMP DISPLAY ENVIRONMENT END
  OMP_PLACES = '{  OMP_AFFINITY_FORMAT = 'level %L thread %i affinity %A'
{6076  OMP_CANCELLATION = 'FALSE'
},},106{OPENMP DISPLAY ENVIRONMENT END
},  OMP_DEFAULT_DEVICE = '0'
{9713},{14},{15},  OMP_MAX_TASK_PRIORITY = '0'
{{},},1681{{  OMP_DISPLAY_AFFINITY = 'FALSE'
},{17},{18},{19},{20{{55},98  OMP_AFFINITY_FORMAT = 'level %L thread %i affinity %A'
77OPENMP DISPLAY ENVIRONMENT END
},},},{21},{{22},{{23},{9924},{7825},{},{},26},},{27}'
  OMP_STACKSIZE = '0'
  OMP_WAIT_POLICY = 'PASSIVE'
  OMP_THREAD_LIMIT = '4294967295'
},  OMP_MAX_ACTIVE_LEVELS = '2147483647'
  OMP_CANCELLATION = 'FALSE'
  OMP_DEFAULT_DEVICE = '0'
  OMP_MAX_TASK_PRIORITY = '0'
  OMP_DISPLAY_AFFINITY = 'FALSE'
{  OMP_AFFINITY_FORMAT = 'level %L thread %i affinity %A'
OPENMP DISPLAY ENVIRONMENT END
{61{79107{100},},82},},{56{},80{},{{},{{81{101108},1962},83{},},{},8257102{},15},}{{84103},},{{'
{},1042083{},},{109121  OMP_STACKSIZE = '0'
}85'
},  OMP_WAIT_POLICY = 'PASSIVE'
},}  OMP_STACKSIZE = '0'
  OMP_THREAD_LIMIT = '4294967295'
  OMP_WAIT_POLICY = 'PASSIVE'
{  OMP_THREAD_LIMIT = '4294967295'
'
},  OMP_MAX_ACTIVE_LEVELS = '2147483647'
{{21  OMP_MAX_ACTIVE_LEVELS = '2147483647'
  OMP_CANCELLATION = 'FALSE'
122  OMP_STACKSIZE = '0'
},{  OMP_DEFAULT_DEVICE = '0'
{  OMP_WAIT_POLICY = 'PASSIVE'
  OMP_CANCELLATION = 'FALSE'
},  OMP_DEFAULT_DEVICE = '0'
{  OMP_THREAD_LIMIT = '4294967295'
  OMP_MAX_TASK_PRIORITY = '0'
{  OMP_DISPLAY_AFFINITY = 'FALSE'
  OMP_MAX_ACTIVE_LEVELS = '2147483647'
123  OMP_MAX_TASK_PRIORITY = '0'
},22  OMP_AFFINITY_FORMAT = 'level %L thread %i affinity %A'
  OMP_DISPLAY_AFFINITY = 'FALSE'
OPENMP DISPLAY ENVIRONMENT END
  OMP_CANCELLATION = 'FALSE'
{},12463},  OMP_AFFINITY_FORMAT = 'level %L thread %i affinity %A'
{  OMP_DEFAULT_DEVICE = '0'
125OPENMP DISPLAY ENVIRONMENT END
},110  OMP_MAX_TASK_PRIORITY = '0'
{{126  OMP_DISPLAY_AFFINITY = 'FALSE'
},23{  OMP_AFFINITY_FORMAT = 'level %L thread %i affinity %A'
127},}OPENMP DISPLAY ENVIRONMENT END
'
{  OMP_STACKSIZE = '0'
},  OMP_WAIT_POLICY = 'PASSIVE'
24},{25},},{  OMP_THREAD_LIMIT = '4294967295'
{26},{  OMP_MAX_ACTIVE_LEVELS = '2147483647'
27},{28},  OMP_CANCELLATION = 'FALSE'
86  OMP_DEFAULT_DEVICE = '0'
{29}'
  OMP_STACKSIZE = '0'
  OMP_WAIT_POLICY = 'PASSIVE'
  OMP_THREAD_LIMIT = '4294967295'
  OMP_MAX_ACTIVE_LEVELS = '2147483647'
  OMP_CANCELLATION = 'FALSE'
  OMP_MAX_TASK_PRIORITY = '0'
  OMP_DEFAULT_DEVICE = '0'
  OMP_MAX_TASK_PRIORITY = '0'
  OMP_DISPLAY_AFFINITY = 'FALSE'
  OMP_AFFINITY_FORMAT = 'level %L thread %i affinity %A'
OPENMP DISPLAY ENVIRONMENT END
{  OMP_DISPLAY_AFFINITY = 'FALSE'
111  OMP_AFFINITY_FORMAT = 'level %L thread %i affinity %A'
16OPENMP DISPLAY ENVIRONMENT END
},},},{{87{17},},112{88},{89},{90},{91},{92}'
  OMP_STACKSIZE = '0'
  OMP_WAIT_POLICY = 'PASSIVE'
{18  OMP_THREAD_LIMIT = '4294967295'
},},  OMP_MAX_ACTIVE_LEVELS = '2147483647'
{  OMP_CANCELLATION = 'FALSE'
  OMP_DEFAULT_DEVICE = '0'
  OMP_MAX_TASK_PRIORITY = '0'
  OMP_DISPLAY_AFFINITY = 'FALSE'
  OMP_AFFINITY_FORMAT = 'level %L thread %i affinity %A'
113{19OPENMP DISPLAY ENVIRONMENT END
},{20},{21},{22},{23},{24},},{25},{26},{27},{28},{29},{114{30},{31},{32},{33},{34},{35},},{36},{115{},{116},{117},{118},{119},{12037},{38},{39},{40},{41},{42}'
}  OMP_STACKSIZE = '0'
'
  OMP_WAIT_POLICY = 'PASSIVE'
  OMP_THREAD_LIMIT = '4294967295'
  OMP_MAX_ACTIVE_LEVELS = '2147483647'
  OMP_CANCELLATION = 'FALSE'
  OMP_DEFAULT_DEVICE = '0'
  OMP_MAX_TASK_PRIORITY = '0'
  OMP_DISPLAY_AFFINITY = 'FALSE'
  OMP_AFFINITY_FORMAT = 'level %L thread %i affinity %A'
OPENMP DISPLAY ENVIRONMENT END
  OMP_STACKSIZE = '0'
  OMP_WAIT_POLICY = 'PASSIVE'
  OMP_THREAD_LIMIT = '4294967295'
  OMP_MAX_ACTIVE_LEVELS = '2147483647'
  OMP_CANCELLATION = 'FALSE'
  OMP_DEFAULT_DEVICE = '0'
  OMP_MAX_TASK_PRIORITY = '0'
  OMP_DISPLAY_AFFINITY = 'FALSE'
  OMP_AFFINITY_FORMAT = 'level %L thread %i affinity %A'
OPENMP DISPLAY ENVIRONMENT END
