  OMP_NESTED = 'FALSE'

OPENMP DISPLAY ENVIRONMENT BEGIN
'
  OMP_NUM_THREADS = '2'
  OMP_PROC_BIND = 'SPREAD  OMP_NUM_THREADS = '3  _OPENMP = '201511'
'
  OMP_SCHEDULE = '  OMP_NUM_THREADS = '27DYNAMICDYNAMIC  OMP_NESTED = 'FALSE'
'
'
  OMP_SCHEDULE = 'DYNAMIC'
'
  OMP_PLACES = '{  OMP_NESTED = 'FALSE'

OPENMP DISPLAY ENVIRONMENT BEGIN
  OMP_SCHEDULE = ''
'
'
4
OPENMP DISPLAY ENVIRONMENT BEGIN
'
  OMP_NUM_THREADS = '22
OPENMP DISPLAY ENVIRONMENT BEGIN
  OMP_PROC_BIND = ''
'
DYNAMIC  OMP_SCHEDULE = '  OMP_PROC_BIND = 'SPREAD'
  OMP_PROC_BIND = 'DYNAMIC},'
SPREAD  OMP_SCHEDULE = '  _OPENMP = '201511'
  OMP_DYNAMIC = 'FALSE'

OPENMP DISPLAY ENVIRONMENT BEGIN
  OMP_PROC_BIND = '  OMP_DYNAMIC = 'FALSE'
  OMP_NUM_THREADS = '7DYNAMIC'
  OMP_PROC_BIND = '  OMP_PLACES = 'SPREAD  _OPENMP = '201511'
  OMP_DYNAMIC = 'FALSE'
{5},{6},
OPENMP DISPLAY ENVIRONMENT BEGIN
  OMP_PROC_BIND = '  OMP_SCHEDULE = ''
  OMP_PROC_BIND = '  OMP_DYNAMIC = 'FALSE'
  OMP_NESTED = 'FALSE'
'
DYNAMIC'
{7SPREAD'
'
  OMP_PLACES = '  OMP_NESTED = 'FALSE'
{'

OPENMP DISPLAY ENVIRONMENT BEGIN
  _OPENMP = '201511'
  _OPENMP = '201511'
SPREAD'
SPREAD},{
OPENMP DISPLAY ENVIRONMENT BEGIN
  OMP_SCHEDULE = '  OMP_NUM_THREADS = '1  OMP_SCHEDULE = ''
SPREAD
OPENMP DISPLAY ENVIRONMENT BEGIN
  _OPENMP = '201511'
  OMP_NUM_THREADS = '9{DYNAMIC'
  OMP_PROC_BIND = ''
0'
  OMP_PLACES = '8{  OMP_PROC_BIND = '49SPREADDYNAMIC  OMP_SCHEDULE = ''
  OMP_NESTED = 'FALSE'
  OMP_PLACES = ''
  OMP_DYNAMIC = 'FALSE'
'
  OMP_NESTED = 'FALSE'
  OMP_NESTED = 'FALSE'
  OMP_SCHEDULE = '},'
},  OMP_PLACES = '{DYNAMIC  OMP_PLACES = '  OMP_DYNAMIC = 'FALSE'
  _OPENMP = '201511'
  _OPENMP = '201511'
SPREAD'
{  OMP_PLACES = '  _OPENMP = '201511'
  OMP_DYNAMIC = 'FALSE'
  OMP_DYNAMIC = 'FALSE'
DYNAMIC  OMP_PROC_BIND = '40{  _OPENMP = '201511'
DYNAMIC  OMP_NESTED = 'FALSE'
SPREAD},{0  OMP_PROC_BIND = '  OMP_NUM_THREADS = '12  OMP_DYNAMIC = 'FALSE'
  OMP_NUM_THREADS = '200{},'
{9  OMP_NESTED = 'FALSE'
{  OMP_NESTED = 'FALSE'
{'
'
  OMP_PROC_BIND = 'SPREAD811},},{1  OMP_DYNAMIC = 'FALSE'
'
},{1'
5082{},  OMP_NUM_THREADS = '18'
43  OMP_SCHEDULE = '  OMP_NESTED = 'FALSE'
},2},{},  OMP_PLACES = 'SPREAD'
'
  OMP_NUM_THREADS = '10},'
},  OMP_SCHEDULE = 'DYNAMIC'
  OMP_PROC_BIND = 'DYNAMIC'
{  OMP_SCHEDULE = '},'
  OMP_NUM_THREADS = '11  OMP_PROC_BIND = '  OMP_PLACES = 'SPREAD  OMP_NESTED = 'FALSE'
SPREAD  OMP_PLACES = '  OMP_PLACES = '  OMP_DYNAMIC = 'FALSE'
  OMP_NUM_THREADS = '14  OMP_NUM_THREADS = '17'
  OMP_NESTED = 'FALSE'
'
},  OMP_NESTED = 'FALSE'
{{  OMP_SCHEDULE = '{'
{  OMP_SCHEDULE = '{{{2  OMP_PROC_BIND = '3{  OMP_NUM_THREADS = '13'
  OMP_SCHEDULE = ''
  OMP_PLACES = '13{582  OMP_SCHEDULE = 'DYNAMIC},{19  OMP_SCHEDULE = 'DYNAMIC44SPREAD  OMP_PROC_BIND = '68},83},},51},},{'
  OMP_PLACES = '},{{4'
'
DYNAMIC{DYNAMIC},84{5},{{{3  OMP_PLACES = '53  OMP_NUM_THREADS = '1641DYNAMIC30  OMP_PROC_BIND = ''
'
  OMP_PROC_BIND = '},SPREAD52},3},{},{},},{{SPREAD{'
'
{8581},},15{DYNAMIC6},54'
'
  OMP_PROC_BIND = 'SPREAD},{},{82},{7{},{  OMP_PLACES = '4'
  OMP_PLACES = '{},86  OMP_NUM_THREADS = '1577'
{{{},3120  OMP_PLACES = '45},{{SPREAD{},887{'
{{59'
  OMP_PLACES = '{  OMP_PROC_BIND = '{  OMP_PROC_BIND = '},'
},11646},0{},},  OMP_SCHEDULE = '69},},{{988{5},{566SPREAD},},  OMP_PROC_BIND = '},},},{},},{32{{60{1089},{  OMP_PLACES = 'DYNAMIC},4{},53{{SPREAD'
  OMP_PLACES = ''
{},},},21{845},{78{{33},{{  OMP_SCHEDULE = '{},},{{9347176122},7},'
55},11},54},'
{},{12{},{},},  OMP_PLACES = '{},{{8},1390{},42{},{62{0},{{2334},{15},{{},{70},{},},79},16{{18},{19},{20},{219448{},{6},{{},21},{{{8363},{17155},{22{},91},{},},{9},{5710724},{{DYNAMIC49},  OMP_PROC_BIND = '},{{},},853528},},{{18},{19},{20{71{},SPREAD},},25{},},},},},},56  OMP_SCHEDULE = '{},9243},{1195{21},},{3SPREAD36},{8084},{{{{},29{{{2},'
'
},{56{},},{{{},26{72},{'
22264},3750},9316},{{},9623{3},{58},},{},29},{{{},},{3{3094},},23{{17},{18},{{{},51{24},},},{},},44},  OMP_PLACES = '  OMP_PLACES = '{38},97{},27},{28},{29},{30{},},{31},{32},{},},{{{{{19},3357},{34},{35},{36},85954{{},{{{5298{5625},},{},{26},8159},{},},{},{30{37738445},},},},24{{{},{9653{27},},2599{{},5886},31},{46},{47},{{{},{2874},{},{2954  OMP_PROC_BIND = '{4},{30},{},{55},},{100},31},597},{98{},38},{39},48}},{49},{'
20  OMP_STACKSIZE = '0'
  OMP_WAIT_POLICY = 'PASSIVE'
{75{{  OMP_THREAD_LIMIT = '4294967295'
26},},{{},{6556},101},},57},},{{{{},{1250},{{  OMP_MAX_ACTIVE_LEVELS = '2147483647'
},5139  OMP_CANCELLATION = 'FALSE'
  OMP_DEFAULT_DEVICE = '0'
  OMP_MAX_TASK_PRIORITY = '0'
  OMP_DISPLAY_AFFINITY = 'FALSE'
  OMP_AFFINITY_FORMAT = 'level %L thread %i affinity %A'
OPENMP DISPLAY ENVIRONMENT END
{},},},{{667652{},40},{},{53},77},{},{54},{55{},{},},{31{{587},65857{{},32},},7885},{{{56{79},33},{59{57},80},{34},{35},{},58},},{{{81},},},596},{{{},{},},{},41{67{4588},SPREAD32577102'
},{},},58{{82},},{{33},{{86{{103{595999},2732},{},34},},},  OMP_PLACES = '{35},{36},{},},{{60{{6037},{{{60},6036{{},104{61},},38},{39{{},82{61},83{62},60},},},},{61{{{},42{},{62},{63},{64},{{},},6533},6828},461058},{{66},{6784}},},28'
  OMP_STACKSIZE = '0'
{  OMP_WAIT_POLICY = 'PASSIVE'
85},{86},{87{},9{{},{{3769{{88},  OMP_THREAD_LIMIT = '4294967295'
43},{},58{100{},{{},4762},{{},},63{{},40{},}},{41},{42}},{{'
'
},10110  OMP_STACKSIZE = '0'
},},  OMP_WAIT_POLICY = 'PASSIVE'
89  OMP_THREAD_LIMIT = '4294967295'
DYNAMIC{{  OMP_MAX_ACTIVE_LEVELS = '2147483647'
11102},},},'
87{12},{{{{  OMP_PROC_BIND = 'SPREAD138690},7  OMP_MAX_ACTIVE_LEVELS = '2147483647'
  OMP_CANCELLATION = 'FALSE'
  OMP_DEFAULT_DEVICE = '0'
{},  OMP_MAX_TASK_PRIORITY = '0'
7089  OMP_CANCELLATION = 'FALSE'
106},},},48{},{  OMP_STACKSIZE = '0'
},10786},8763  OMP_WAIT_POLICY = 'PASSIVE'
},},{  OMP_THREAD_LIMIT = '4294967295'
},{{  OMP_MAX_ACTIVE_LEVELS = '2147483647'
  OMP_DEFAULT_DEVICE = '0'
  OMP_CANCELLATION = 'FALSE'
  OMP_DEFAULT_DEVICE = '0'
  OMP_MAX_TASK_PRIORITY = '0'
  OMP_MAX_TASK_PRIORITY = '0'
108{  OMP_DISPLAY_AFFINITY = 'FALSE'
88{{34},{35},{  OMP_DISPLAY_AFFINITY = 'FALSE'
},90{},{91},  OMP_AFFINITY_FORMAT = 'level %L thread %i affinity %A'
{92},{93},OPENMP DISPLAY ENVIRONMENT END
83{6494},{},9536}{'
},{{},4944},{{},5071},{{},5145  OMP_AFFINITY_FORMAT = 'level %L thread %i affinity %A'
{103},  OMP_STACKSIZE = '0'
59'
{29},  OMP_PLACES = '88{{{13},},},56},{{},14{{},{},52{  OMP_DISPLAY_AFFINITY = 'FALSE'
},  OMP_AFFINITY_FORMAT = 'level %L thread %i affinity %A'
OPENMP DISPLAY ENVIRONMENT END
15},OPENMP DISPLAY ENVIRONMENT END
{{},89109{104},},{91},105{60},{65},},89},{},61{},{  OMP_WAIT_POLICY = 'PASSIVE'
{{},57},},1666{},},{{},},4630{17},{},18},{87},{},  OMP_THREAD_LIMIT = '4294967295'
72  OMP_MAX_ACTIVE_LEVELS = '2147483647'
},  OMP_CANCELLATION = 'FALSE'
90  OMP_DEFAULT_DEVICE = '0'
{  OMP_MAX_TASK_PRIORITY = '0'
  OMP_DISPLAY_AFFINITY = 'FALSE'
  OMP_AFFINITY_FORMAT = 'level %L thread %i affinity %A'
OPENMP DISPLAY ENVIRONMENT END
},106},110{107},{{108}{'
  OMP_STACKSIZE = '0'
  OMP_WAIT_POLICY = 'PASSIVE'
19  OMP_THREAD_LIMIT = '4294967295'
},{},{91},},{{{111{9273},47}{{53},{54},{},  OMP_MAX_ACTIVE_LEVELS = '2147483647'
{  OMP_CANCELLATION = 'FALSE'
20  OMP_DEFAULT_DEVICE = '0'
92},  OMP_MAX_TASK_PRIORITY = '0'
  OMP_DISPLAY_AFFINITY = 'FALSE'
},  OMP_AFFINITY_FORMAT = 'level %L thread %i affinity %A'
OPENMP DISPLAY ENVIRONMENT END
{{'
55{}{2167},{{},{},112{  OMP_STACKSIZE = '0'
},22  OMP_WAIT_POLICY = 'PASSIVE'
},{14'
61{38{  OMP_THREAD_LIMIT = '4294967295'
{1139331  OMP_MAX_ACTIVE_LEVELS = '2147483647'
23},},  OMP_CANCELLATION = 'FALSE'
  OMP_DEFAULT_DEVICE = '0'
  OMP_MAX_TASK_PRIORITY = '0'
  OMP_DISPLAY_AFFINITY = 'FALSE'
  OMP_AFFINITY_FORMAT = 'level %L thread %i affinity %A'
OPENMP DISPLAY ENVIRONMENT END
{{114},{115},{116},{},117},37},{},38},{39},{40},{848824},},{25},{{6858},26  OMP_STACKSIZE = '0'
},  OMP_WAIT_POLICY = 'PASSIVE'
{  OMP_THREAD_LIMIT = '4294967295'
27118},{}74'
{{},  OMP_STACKSIZE = '0'
  OMP_MAX_ACTIVE_LEVELS = '2147483647'
},  OMP_WAIT_POLICY = 'PASSIVE'
  OMP_CANCELLATION = 'FALSE'
{62},},},},{119},{120}'
  OMP_STACKSIZE = '0'
  OMP_WAIT_POLICY = 'PASSIVE'
  OMP_THREAD_LIMIT = '4294967295'
  OMP_MAX_ACTIVE_LEVELS = '2147483647'
  OMP_CANCELLATION = 'FALSE'
  OMP_DEFAULT_DEVICE = '0'
  OMP_MAX_TASK_PRIORITY = '0'
  OMP_DISPLAY_AFFINITY = 'FALSE'
32  OMP_AFFINITY_FORMAT = 'level %L thread %i affinity %A'
OPENMP DISPLAY ENVIRONMENT END
8{6241  OMP_DEFAULT_DEVICE = '0'
{9069},},{},},},},{{{63{{  OMP_THREAD_LIMIT = '4294967295'
  OMP_MAX_TASK_PRIORITY = '0'
  OMP_MAX_ACTIVE_LEVELS = '2147483647'
6159  OMP_DISPLAY_AFFINITY = 'FALSE'
  OMP_CANCELLATION = 'FALSE'
{48},70  OMP_AFFINITY_FORMAT = 'level %L thread %i affinity %A'
},9},8539{OPENMP DISPLAY ENVIRONMENT END
71},  OMP_DEFAULT_DEVICE = '0'
{10},{{{{},{{},},6275{},64  OMP_MAX_TASK_PRIORITY = '0'
  OMP_DISPLAY_AFFINITY = 'FALSE'
  OMP_AFFINITY_FORMAT = 'level %L thread %i affinity %A'
OPENMP DISPLAY ENVIRONMENT END
},1594},{{{6542},{91{},60{},},},},{11{61{3395},},{63},{64{},},{},6672},},49{{{{},},{},63{7343},{65{},{},408667},62},{{89},{90},{74},},34},{},{7612{66},{{{64},},{6763},{68},},{69},50{{70},{{9668},},{92},64},35},{},{77{{4469},{},},{71{},51{{72},{},73{},75},{13},41},{87},7816{{65},{70{45},},{},{{},7197},{},3693{66{},7298},},},{},{{7437},{75},{{1452},},},},},{67{},73},{74},{75},17},},46},76{},{}91'
  OMP_STACKSIZE = '0'
},  OMP_WAIT_POLICY = 'PASSIVE'
{47},{  OMP_THREAD_LIMIT = '4294967295'
  OMP_MAX_ACTIVE_LEVELS = '2147483647'
  OMP_CANCELLATION = 'FALSE'
  OMP_DEFAULT_DEVICE = '0'
48}  OMP_MAX_TASK_PRIORITY = '0'
{{76  OMP_DISPLAY_AFFINITY = 'FALSE'
{18{{{{38},{92},{93},{65  OMP_AFFINITY_FORMAT = 'level %L thread %i affinity %A'
{OPENMP DISPLAY ENVIRONMENT END
42},},68{},{{{15},{{79435316},94{66},},'
  OMP_STACKSIZE = '0'
88},  OMP_WAIT_POLICY = 'PASSIVE'
},},{  OMP_THREAD_LIMIT = '4294967295'
{{44  OMP_MAX_ACTIVE_LEVELS = '2147483647'
17},{18},{80},{},},94},},39},{},{{7669{99{{8919},  OMP_CANCELLATION = 'FALSE'
},},77{},  OMP_DEFAULT_DEVICE = '0'
{90{  OMP_MAX_TASK_PRIORITY = '0'
955478},},40{},{79},{80}'
},19{},  OMP_STACKSIZE = '0'
70},{{  OMP_WAIT_POLICY = 'PASSIVE'
},96  OMP_DISPLAY_AFFINITY = 'FALSE'
  OMP_THREAD_LIMIT = '4294967295'
{  OMP_MAX_ACTIVE_LEVELS = '2147483647'
  OMP_CANCELLATION = 'FALSE'
  OMP_DEFAULT_DEVICE = '0'
  OMP_MAX_TASK_PRIORITY = '0'
  OMP_DISPLAY_AFFINITY = 'FALSE'
  OMP_AFFINITY_FORMAT = 'level %L thread %i affinity %A'
OPENMP DISPLAY ENVIRONMENT END
},{{67  OMP_AFFINITY_FORMAT = 'level %L thread %i affinity %A'
OPENMP DISPLAY ENVIRONMENT END
91},},{{{95},{},{41},{{10071{20},{21},{22},45},{{},},778196},6892{42{205597},{93},{94},{},95},},},{96{78},},{97},{98},{99},{100},{101},{{},},{{{},987221101{},},{22},{},10223},{103},{104}'
  OMP_STACKSIZE = '0'
  OMP_WAIT_POLICY = 'PASSIVE'
  OMP_THREAD_LIMIT = '4294967295'
  OMP_MAX_ACTIVE_LEVELS = '2147483647'
  OMP_CANCELLATION = 'FALSE'
  OMP_DEFAULT_DEVICE = '0'
  OMP_MAX_TASK_PRIORITY = '0'
  OMP_DISPLAY_AFFINITY = 'FALSE'
{43{},},{23  OMP_AFFINITY_FORMAT = 'level %L thread %i affinity %A'
OPENMP DISPLAY ENVIRONMENT END
{{},},},82{{97},24{{56},{83},},73{7969{4657},{{},},},},44{{{}},},1027425{98},},8445},},{{},{26},{27{{{},{{7580},'
47{9910346},},{81},99},2470},}  OMP_STACKSIZE = '0'
},'
{{{82},},{83}  OMP_STACKSIZE = '0'
'
  OMP_STACKSIZE = '0'
  OMP_WAIT_POLICY = 'PASSIVE'
  OMP_THREAD_LIMIT = '4294967295'
  OMP_MAX_ACTIVE_LEVELS = '2147483647'
{  OMP_CANCELLATION = 'FALSE'
  OMP_DEFAULT_DEVICE = '0'
  OMP_MAX_TASK_PRIORITY = '0'
{  OMP_DISPLAY_AFFINITY = 'FALSE'
  OMP_AFFINITY_FORMAT = 'level %L thread %i affinity %A'
OPENMP DISPLAY ENVIRONMENT END
  OMP_WAIT_POLICY = 'PASSIVE'
{},100},{76},  OMP_WAIT_POLICY = 'PASSIVE'
{{25},{{8526104},100}48  OMP_THREAD_LIMIT = '4294967295'
},  OMP_THREAD_LIMIT = '4294967295'
},7147  OMP_MAX_ACTIVE_LEVELS = '2147483647'
  OMP_MAX_ACTIVE_LEVELS = '2147483647'
{'
{  OMP_CANCELLATION = 'FALSE'
49  OMP_STACKSIZE = '0'
105},{106},  OMP_DEFAULT_DEVICE = '0'
  OMP_CANCELLATION = 'FALSE'
  OMP_WAIT_POLICY = 'PASSIVE'
},  OMP_MAX_TASK_PRIORITY = '0'
{  OMP_DEFAULT_DEVICE = '0'
{},},77},  OMP_THREAD_LIMIT = '4294967295'
{},{  OMP_DISPLAY_AFFINITY = 'FALSE'
101},27{{{},  OMP_MAX_ACTIVE_LEVELS = '2147483647'
},12178},  OMP_CANCELLATION = 'FALSE'
{  OMP_AFFINITY_FORMAT = 'level %L thread %i affinity %A'
  OMP_MAX_TASK_PRIORITY = '0'
  OMP_DISPLAY_AFFINITY = 'FALSE'
  OMP_DEFAULT_DEVICE = '0'
{4828},102  OMP_MAX_TASK_PRIORITY = '0'
},{},49{  OMP_DISPLAY_AFFINITY = 'FALSE'
{},{50},{51},{  OMP_AFFINITY_FORMAT = 'level %L thread %i affinity %A'
107},50{  OMP_AFFINITY_FORMAT = 'level %L thread %i affinity %A'
OPENMP DISPLAY ENVIRONMENT END
52},72OPENMP DISPLAY ENVIRONMENT END
},OPENMP DISPLAY ENVIRONMENT END
{108},},},{{{5351},{{1035429{},},{73},{},109{},30{},52104{},},{},55{{31}74},{48},{{},1104953},},{},'
},  OMP_STACKSIZE = '0'
{122{  OMP_WAIT_POLICY = 'PASSIVE'
111  OMP_THREAD_LIMIT = '4294967295'
{50  OMP_MAX_ACTIVE_LEVELS = '2147483647'
},54{},{112},  OMP_CANCELLATION = 'FALSE'
75  OMP_DEFAULT_DEVICE = '0'
{  OMP_MAX_TASK_PRIORITY = '0'
},  OMP_DISPLAY_AFFINITY = 'FALSE'
55  OMP_AFFINITY_FORMAT = 'level %L thread %i affinity %A'
{OPENMP DISPLAY ENVIRONMENT END
}51},113{{'
},79{},{},  OMP_STACKSIZE = '0'
123{114  OMP_WAIT_POLICY = 'PASSIVE'
},8052{},}'
},  OMP_STACKSIZE = '0'
},  OMP_THREAD_LIMIT = '4294967295'
  OMP_WAIT_POLICY = 'PASSIVE'
{124{81  OMP_MAX_ACTIVE_LEVELS = '2147483647'
},},{{{76  OMP_CANCELLATION = 'FALSE'
},82115125},  OMP_THREAD_LIMIT = '4294967295'
  OMP_DEFAULT_DEVICE = '0'
  OMP_MAX_ACTIVE_LEVELS = '2147483647'
},{  OMP_CANCELLATION = 'FALSE'
{83  OMP_DEFAULT_DEVICE = '0'
}'
  OMP_MAX_TASK_PRIORITY = '0'
{126}  OMP_STACKSIZE = '0'
  OMP_MAX_TASK_PRIORITY = '0'
},  OMP_DISPLAY_AFFINITY = 'FALSE'
'
  OMP_WAIT_POLICY = 'PASSIVE'
77{  OMP_STACKSIZE = '0'
  OMP_DISPLAY_AFFINITY = 'FALSE'
  OMP_AFFINITY_FORMAT = 'level %L thread %i affinity %A'
  OMP_AFFINITY_FORMAT = 'level %L thread %i affinity %A'
},  OMP_WAIT_POLICY = 'PASSIVE'
127  OMP_THREAD_LIMIT = '4294967295'
OPENMP DISPLAY ENVIRONMENT END
}  OMP_THREAD_LIMIT = '4294967295'
OPENMP DISPLAY ENVIRONMENT END
'
{  OMP_STACKSIZE = '0'
  OMP_MAX_ACTIVE_LEVELS = '2147483647'
105  OMP_WAIT_POLICY = 'PASSIVE'
  OMP_CANCELLATION = 'FALSE'
},{{106  OMP_MAX_ACTIVE_LEVELS = '2147483647'
},  OMP_THREAD_LIMIT = '4294967295'
  OMP_DEFAULT_DEVICE = '0'
78  OMP_MAX_ACTIVE_LEVELS = '2147483647'
  OMP_MAX_TASK_PRIORITY = '0'
},{107},{108}  OMP_CANCELLATION = 'FALSE'
  OMP_DISPLAY_AFFINITY = 'FALSE'
'
  OMP_AFFINITY_FORMAT = 'level %L thread %i affinity %A'
  OMP_DEFAULT_DEVICE = '0'
  OMP_STACKSIZE = '0'
  OMP_WAIT_POLICY = 'PASSIVE'
  OMP_THREAD_LIMIT = '4294967295'
OPENMP DISPLAY ENVIRONMENT END
  OMP_MAX_ACTIVE_LEVELS = '2147483647'
  OMP_CANCELLATION = 'FALSE'
  OMP_DEFAULT_DEVICE = '0'
  OMP_CANCELLATION = 'FALSE'
  OMP_MAX_TASK_PRIORITY = '0'
  OMP_DEFAULT_DEVICE = '0'
  OMP_MAX_TASK_PRIORITY = '0'
  OMP_DISPLAY_AFFINITY = 'FALSE'
  OMP_AFFINITY_FORMAT = 'level %L thread %i affinity %A'
OPENMP DISPLAY ENVIRONMENT END
  OMP_DISPLAY_AFFINITY = 'FALSE'
{  OMP_AFFINITY_FORMAT = 'level %L thread %i affinity %A'
  OMP_MAX_TASK_PRIORITY = '0'
OPENMP DISPLAY ENVIRONMENT END
  OMP_DISPLAY_AFFINITY = 'FALSE'
  OMP_AFFINITY_FORMAT = 'level %L thread %i affinity %A'
OPENMP DISPLAY ENVIRONMENT END
79},{80},{81},{82},{83}'
  OMP_STACKSIZE = '0'
  OMP_WAIT_POLICY = 'PASSIVE'
  OMP_THREAD_LIMIT = '4294967295'
  OMP_MAX_ACTIVE_LEVELS = '2147483647'
  OMP_CANCELLATION = 'FALSE'
  OMP_DEFAULT_DEVICE = '0'
  OMP_MAX_TASK_PRIORITY = '0'
  OMP_DISPLAY_AFFINITY = 'FALSE'
  OMP_AFFINITY_FORMAT = 'level %L thread %i affinity %A'
OPENMP DISPLAY ENVIRONMENT END
