  _OPENMP = '201511'
  OMP_DYNAMIC = 'FALSE'
  OMP_NESTED = 'FALSE'
  OMP_NUM_THREADS = '7  OMP_NESTED = 'FALSE'
  OMP_PLACES = '{  OMP_NESTED = 'FALSE'
  OMP_NUM_THREADS = '13'
  OMP_NUM_THREADS = '19
OPENMP DISPLAY ENVIRONMENT BEGIN
'
  OMP_SCHEDULE = '  OMP_SCHEDULE = '  OMP_NUM_THREADS = '4  OMP_SCHEDULE = '{'
  OMP_SCHEDULE = 'DYNAMIC54},DYNAMIC'
  OMP_PROC_BIND = 'SPREAD{  OMP_SCHEDULE = '  OMP_PROC_BIND = '0  OMP_SCHEDULE = ''
  OMP_NUM_THREADS = '12DYNAMIC  _OPENMP = '201511'
  OMP_DYNAMIC = 'FALSE'

OPENMP DISPLAY ENVIRONMENT BEGIN
'
  OMP_PLACES = '{0},'
DYNAMIC55{  OMP_PLACES = '  OMP_PROC_BIND = 'SPREAD  _OPENMP = '201511'
'
'
{1},{2},SPREAD'
},
OPENMP DISPLAY ENVIRONMENT BEGIN

OPENMP DISPLAY ENVIRONMENT BEGIN
  OMP_NUM_THREADS = '21'
33  OMP_NESTED = 'FALSE'
},  OMP_DYNAMIC = 'FALSE'
DYNAMIC  OMP_PROC_BIND = ''
  OMP_PROC_BIND = '  OMP_SCHEDULE = 'SPREAD  OMP_PLACES = '  OMP_NUM_THREADS = '3'
0{
OPENMP DISPLAY ENVIRONMENT BEGIN

OPENMP DISPLAY ENVIRONMENT BEGIN
'
'
  _OPENMP = '201511'
DYNAMIC  OMP_DYNAMIC = 'FALSE'
'
  _OPENMP = '201511'
  _OPENMP = '201511'
SPREAD
OPENMP DISPLAY ENVIRONMENT BEGIN
{  _OPENMP = '201511'
'
  OMP_SCHEDULE = '{  OMP_DYNAMIC = 'FALSE'
  OMP_DYNAMIC = 'FALSE'
1  OMP_PLACES = '{  OMP_NESTED = 'FALSE'
  OMP_NUM_THREADS = '1734},{3},{4},{  _OPENMP = '201511'
  OMP_DYNAMIC = 'FALSE'
  OMP_NESTED = 'FALSE'
  OMP_NESTED = 'FALSE'
5681  OMP_SCHEDULE = 'SPREAD'
'
  _OPENMP = '201511'
{5DYNAMIC  OMP_NESTED = 'FALSE'
  OMP_NUM_THREADS = '23  OMP_PLACES = 'DYNAMIC56  OMP_PLACES = ''
{'
},  OMP_DYNAMIC = 'FALSE'
'

OPENMP DISPLAY ENVIRONMENT BEGIN
},  OMP_NUM_THREADS = '25  OMP_NUM_THREADS = '26'
},DYNAMIC  OMP_SCHEDULE = '  OMP_SCHEDULE = '  OMP_SCHEDULE = '2},{  OMP_NESTED = 'FALSE'
  OMP_SCHEDULE = '},'
  OMP_NUM_THREADS = '22  OMP_PROC_BIND = '{},{DYNAMIC57  OMP_DYNAMIC = 'FALSE'
DYNAMIC},{{3  OMP_PROC_BIND = '{'
  OMP_NESTED = 'FALSE'
{'
82  OMP_DYNAMIC = 'FALSE'
'
{'
  OMP_PLACES = 'DYNAMICSPREAD49SPREAD'
  OMP_SCHEDULE = '},{  OMP_PROC_BIND = '  OMP_NUM_THREADS = '27  _OPENMP = '201511'
  OMP_NESTED = 'FALSE'
  OMP_DYNAMIC = 'FALSE'
  OMP_NUM_THREADS = '286},53},1257  OMP_PROC_BIND = ''
  OMP_SCHEDULE = ''
DYNAMIC{},  OMP_SCHEDULE = '  OMP_SCHEDULE = ''
DYNAMICDYNAMIC},'
  OMP_NESTED = 'FALSE'
{7},},{{  OMP_NUM_THREADS = '2083  OMP_SCHEDULE = '{'
{  OMP_PLACES = '1  OMP_PROC_BIND = '35  OMP_PROC_BIND = '{DYNAMIC{},'
{  OMP_PROC_BIND = 'SPREADDYNAMIC'
  OMP_PROC_BIND = 'SPREAD'
  OMP_PLACES = '{0},{1},{2DYNAMIC},SPREADSPREAD13  OMP_PLACES = ''
},'
},},'
{1},{2  OMP_PROC_BIND = ''
'
'
{SPREAD'
},{SPREAD{'
{  OMP_PROC_BIND = '  OMP_PROC_BIND = '50588},'
  OMP_PLACES = '56{  OMP_PLACES = '  OMP_PLACES = '{SPREAD'
22},},77  OMP_PROC_BIND = '},  OMP_PLACES = '{{'
},{{3},SPREAD{4},{5},'
{},SPREAD{'
  OMP_PLACES = '51{},{9},{},{  OMP_PLACES = '30{3  OMP_NUM_THREADS = '18{84  OMP_PLACES = '146'
'
'
  OMP_SCHEDULE = '},{54},36  OMP_PROC_BIND = '{58},},52058  OMP_PROC_BIND = 'SPREADSPREAD  OMP_NESTED = 'FALSE'
},},{{59{84'
  OMP_SCHEDULE = '  OMP_PLACES = 'DYNAMIC{},SPREAD10},{{},},},{'
'
  OMP_PROC_BIND = '{SPREAD  OMP_PLACES = '},},{415{85},},7'
{},},  OMP_PLACES = '5784  OMP_PLACES = '},{{{{31{5978},{{{},16{{DYNAMIC},52{405337},59},1{},68'
43  OMP_PLACES = ''
},},{},5{},{{4169{3},{{{{{866058},8},{917{},{  OMP_NUM_THREADS = '24448585},},11},},15},},},},{{{6{},{},{},{81},},{45},'
},{{{87{{60{},54},  OMP_PROC_BIND = '{123261},{{},},},},},{{{270{},{{{5342},163{8813},{6279SPREAD{61{46  OMP_SCHEDULE = '{},{},15},},},28},89},3},{{},},863359},{},63},{{'
{{  OMP_PLACES = '},10{},55{},},18},{164904},},},{{},624778738{{54{},{{{},},},},{71},1793{},},{8{60},86},},{{11},},48{},{19},55{34{5691},{29},},{{5},{6},{43{6417DYNAMIC},{},},},{18{},},{12},{{72{55},82{4960{},},{{{{'
  OMP_PROC_BIND = 'SPREAD{},63},35},7{},6518},{66},},'
80579{{},{},},},},88419},73{{13{},{},},},},{9487{56{{  OMP_PLACES = '44},{45},{},4650{},4{},5{9283},58{},{{},20},{},{{{{818429{},363910{64},},{},},57{21},{},},61{},14{},88},},{},15},{{},61{51540{{74{},{6},{},477},},30},{},{{},{89{5{84875{{{65{85{22},},},},},{},{{{98649},},{},{5920},52},},{},{{89{},53{2190},},},},},{11{37{82{56},{95},{{{1931936267},91},},},{{{},6292{6},},76},},},{16{60{},{{229454},},},},},{{{{},},},},{{{{9517},},76{{{},20879623},{97},{},4130{8361{},},{{{8818},{5896{55},66},77},62{{},21},{{{},63981978{},},},},22{{{{64992079},},},89{93387},63},{},90{},{},},59{90{},{6},},{{{},{63100{{2332},},{{5012},{},80},{{84},},94{},},{91},101{},{{{}2464102},{},},23{{6765{},39{1395},},},{},},33'
},7  OMP_STACKSIZE = '0'
{},},},{},},  OMP_WAIT_POLICY = 'PASSIVE'
{10331{},},5197},{13},},56},{2452{{},},},{{53{96{{},45},{{57{{8{64},{77},{},{54},{  OMP_THREAD_LIMIT = '4294967295'
2519{},78  OMP_MAX_ACTIVE_LEVELS = '2147483647'
},25{},{},10498  OMP_CANCELLATION = 'FALSE'
26{},},  OMP_DEFAULT_DEVICE = '0'
},{85},55},{},},{56{32},{57},},{{{  OMP_MAX_TASK_PRIORITY = '0'
{{},5733},},{},{},8697{{{},46},},{{42{98{{58},{{68{918243447},{58},9920{7934},{1052799},{},{{6014},40},},{},92  OMP_DISPLAY_AFFINITY = 'FALSE'
},{  OMP_AFFINITY_FORMAT = 'level %L thread %i affinity %A'
},{58},{48},5966},},{},{61{{2180},{62},{63},{{64{60},},93},{25},{},87},},},},{OPENMP DISPLAY ENVIRONMENT END
2849{},},{},{{{}{61948126},{62},{{},41},69{15100},},},{{6522},9{63101},{{},},{'
},},106  OMP_STACKSIZE = '0'
95},{82},{64{{65},{50},{{{35969},},{92{97},  OMP_WAIT_POLICY = 'PASSIVE'
{  OMP_THREAD_LIMIT = '4294967295'
},{{  OMP_MAX_ACTIVE_LEVELS = '2147483647'
276510798  OMP_CANCELLATION = 'FALSE'
},{108}'
  OMP_DEFAULT_DEVICE = '0'
},{{709959},},{},},{{{2665},83},16{},102},},{},{{71},},{100{},103{{3517},},},66{},{28},{6629},{101},30},},{31{67},{68},{},{48},42{},{36},69},{10293{},},{{},70{},1031023},{},{},{{},},{{{  OMP_MAX_TASK_PRIORITY = '0'
  OMP_STACKSIZE = '0'
67{{662459},104{{  OMP_DISPLAY_AFFINITY = 'FALSE'
},  OMP_WAIT_POLICY = 'PASSIVE'
{  OMP_AFFINITY_FORMAT = 'level %L thread %i affinity %A'
  OMP_THREAD_LIMIT = '4294967295'
66OPENMP DISPLAY ENVIRONMENT END
  OMP_MAX_ACTIVE_LEVELS = '2147483647'
  OMP_CANCELLATION = 'FALSE'
  OMP_DEFAULT_DEVICE = '0'
121  OMP_MAX_TASK_PRIORITY = '0'
  OMP_DISPLAY_AFFINITY = 'FALSE'
  OMP_AFFINITY_FORMAT = 'level %L thread %i affinity %A'
},8410},{67}'
},{},122},{OPENMP DISPLAY ENVIRONMENT END
71{},10094273788{36{  OMP_STACKSIZE = '0'
  OMP_WAIT_POLICY = 'PASSIVE'
  OMP_THREAD_LIMIT = '4294967295'
{},{},{},51{6711},},60{},{}},},},},{{123},},28{{},{{61124'
},},},  OMP_STACKSIZE = '0'
},  OMP_WAIT_POLICY = 'PASSIVE'
68{85104{49101{{{  OMP_THREAD_LIMIT = '4294967295'
{125{37{},},},},{6072{95  OMP_MAX_ACTIVE_LEVELS = '2147483647'
{25  OMP_CANCELLATION = 'FALSE'
},38{},  OMP_DEFAULT_DEVICE = '0'
86},},{},  OMP_MAX_TASK_PRIORITY = '0'
  OMP_DISPLAY_AFFINITY = 'FALSE'
},7226},},68{  OMP_MAX_ACTIVE_LEVELS = '2147483647'
},{{38},},43},{  OMP_CANCELLATION = 'FALSE'
1189},},{{{},10529{{43  OMP_DEFAULT_DEVICE = '0'
1839},},96},126{},{{},106  OMP_MAX_TASK_PRIORITY = '0'
},  OMP_DISPLAY_AFFINITY = 'FALSE'
{  OMP_AFFINITY_FORMAT = 'level %L thread %i affinity %A'
127OPENMP DISPLAY ENVIRONMENT END
},  OMP_AFFINITY_FORMAT = 'level %L thread %i affinity %A'
6790}{{{7369},{70},{},},{{},{OPENMP DISPLAY ENVIRONMENT END
27{39},{2887{},},},},{{{40'
62},71},{72},{73},{74},{75},{76  OMP_STACKSIZE = '0'
29},{30},{1288{31},97},{32},},},4461},{{{{  OMP_WAIT_POLICY = 'PASSIVE'
{89  OMP_THREAD_LIMIT = '4294967295'
33  OMP_MAX_ACTIVE_LEVELS = '2147483647'
},{},68{},349044},{35},},},{36{{},{{{},41{9169},},1930{91},},{37},{38},{39}'
{},98},1377},{},7840  OMP_STACKSIZE = '0'
{},{  OMP_WAIT_POLICY = 'PASSIVE'
  OMP_THREAD_LIMIT = '4294967295'
},92{  OMP_MAX_ACTIVE_LEVELS = '2147483647'
},  OMP_CANCELLATION = 'FALSE'
{{  OMP_DEFAULT_DEVICE = '0'
},},},  OMP_MAX_TASK_PRIORITY = '0'
{  OMP_DISPLAY_AFFINITY = 'FALSE'
79  OMP_AFFINITY_FORMAT = 'level %L thread %i affinity %A'
}{  OMP_CANCELLATION = 'FALSE'
{},  OMP_DEFAULT_DEVICE = '0'
9350},99  OMP_MAX_TASK_PRIORITY = '0'
{{94},},14{  OMP_DISPLAY_AFFINITY = 'FALSE'
{},  OMP_AFFINITY_FORMAT = 'level %L thread %i affinity %A'
95100OPENMP DISPLAY ENVIRONMENT END
}{'
},  OMP_STACKSIZE = '0'
41  OMP_WAIT_POLICY = 'PASSIVE'
},  OMP_THREAD_LIMIT = '4294967295'
70  OMP_MAX_ACTIVE_LEVELS = '2147483647'
{  OMP_CANCELLATION = 'FALSE'
},  OMP_DEFAULT_DEVICE = '0'
{  OMP_MAX_TASK_PRIORITY = '0'
105  OMP_DISPLAY_AFFINITY = 'FALSE'
{  OMP_AFFINITY_FORMAT = 'level %L thread %i affinity %A'
},{74},},42},},},{{'
  OMP_STACKSIZE = '0'
  OMP_WAIT_POLICY = 'PASSIVE'
  OMP_THREAD_LIMIT = '4294967295'
OPENMP DISPLAY ENVIRONMENT END
  OMP_MAX_ACTIVE_LEVELS = '2147483647'
45{12{71OPENMP DISPLAY ENVIRONMENT END
},  OMP_CANCELLATION = 'FALSE'
  OMP_DEFAULT_DEVICE = '0'
  OMP_MAX_TASK_PRIORITY = '0'
{6310792{43},7369{},{  OMP_DISPLAY_AFFINITY = 'FALSE'
},},},{{{  OMP_AFFINITY_FORMAT = 'level %L thread %i affinity %A'
{},15108106{OPENMP DISPLAY ENVIRONMENT END
},102{{},},},31{45{}},},},{{{'
13  OMP_STACKSIZE = '0'
70  OMP_WAIT_POLICY = 'PASSIVE'
},},{7514  OMP_THREAD_LIMIT = '4294967295'
},86},{{  OMP_MAX_ACTIVE_LEVELS = '2147483647'
71  OMP_CANCELLATION = 'FALSE'
46  OMP_DEFAULT_DEVICE = '0'
{  OMP_MAX_TASK_PRIORITY = '0'
},20},{{},1546{},9310362{44},},},},  OMP_DISPLAY_AFFINITY = 'FALSE'
{51427416{  OMP_AFFINITY_FORMAT = 'level %L thread %i affinity %A'
},},107OPENMP DISPLAY ENVIRONMENT END
},},{{{7552},},{76},{{}77'
},},{78},{79},{80}'
  OMP_STACKSIZE = '0'
72  OMP_STACKSIZE = '0'
  OMP_WAIT_POLICY = 'PASSIVE'
  OMP_WAIT_POLICY = 'PASSIVE'
{{},},94{{},21{{{{6345  OMP_THREAD_LIMIT = '4294967295'
  OMP_MAX_ACTIVE_LEVELS = '2147483647'
  OMP_CANCELLATION = 'FALSE'
7247},87{  OMP_THREAD_LIMIT = '4294967295'
  OMP_DEFAULT_DEVICE = '0'
  OMP_MAX_ACTIVE_LEVELS = '2147483647'
  OMP_CANCELLATION = 'FALSE'
  OMP_DEFAULT_DEVICE = '0'
  OMP_MAX_TASK_PRIORITY = '0'
{  OMP_DISPLAY_AFFINITY = 'FALSE'
  OMP_MAX_TASK_PRIORITY = '0'
  OMP_AFFINITY_FORMAT = 'level %L thread %i affinity %A'
OPENMP DISPLAY ENVIRONMENT END
  OMP_DISPLAY_AFFINITY = 'FALSE'
  OMP_AFFINITY_FORMAT = 'level %L thread %i affinity %A'
47OPENMP DISPLAY ENVIRONMENT END
73},95},},},},},32{{},},1643{108{{},},74},},73{{{},{46},{9622},},64177648{{{},},{{75},1848},},},},{{{{19{},},},{76{4947{},{},109{745044},17},{},{},51{77},},88},{20},{{},{{},{{97{65104482152{33},11077{{},},23{{225378},},{},{},54{78},{{45{23},{},{}18},},'
},{7989},},{},66  OMP_STACKSIZE = '0'
4998},  OMP_WAIT_POLICY = 'PASSIVE'
{  OMP_THREAD_LIMIT = '4294967295'
},},{  OMP_MAX_ACTIVE_LEVELS = '2147483647'
},  OMP_CANCELLATION = 'FALSE'
{{24},{25},{26{  OMP_DEFAULT_DEVICE = '0'
},  OMP_MAX_TASK_PRIORITY = '0'
{67{8055},24},79{},{  OMP_DISPLAY_AFFINITY = 'FALSE'
{},111},{},},{{81{},562780{90}{},  OMP_AFFINITY_FORMAT = 'level %L thread %i affinity %A'
{{},6882OPENMP DISPLAY ENVIRONMENT END
},},5099{{34},},},69{},'
{  OMP_STACKSIZE = '0'
{},100  OMP_WAIT_POLICY = 'PASSIVE'
708357  OMP_THREAD_LIMIT = '4294967295'
}  OMP_MAX_ACTIVE_LEVELS = '2147483647'
'
}},75},{{{11225  OMP_CANCELLATION = 'FALSE'
  OMP_STACKSIZE = '0'
{  OMP_WAIT_POLICY = 'PASSIVE'
},'
},  OMP_STACKSIZE = '0'
},  OMP_DEFAULT_DEVICE = '0'
},  OMP_WAIT_POLICY = 'PASSIVE'
35  OMP_MAX_TASK_PRIORITY = '0'
},{26{},{  OMP_THREAD_LIMIT = '4294967295'
  OMP_THREAD_LIMIT = '4294967295'
19{{  OMP_MAX_ACTIVE_LEVELS = '2147483647'
{{1014671  OMP_DISPLAY_AFFINITY = 'FALSE'
},  OMP_MAX_ACTIVE_LEVELS = '2147483647'
},51{  OMP_AFFINITY_FORMAT = 'level %L thread %i affinity %A'
{  OMP_CANCELLATION = 'FALSE'
102105  OMP_CANCELLATION = 'FALSE'
{  OMP_DEFAULT_DEVICE = '0'
72113},},},},{81{},103},73},},{},OPENMP DISPLAY ENVIRONMENT END
27},91},{  OMP_DEFAULT_DEVICE = '0'
{  OMP_MAX_TASK_PRIORITY = '0'
20  OMP_DISPLAY_AFFINITY = 'FALSE'
{},{114  OMP_MAX_TASK_PRIORITY = '0'
{{104}'
  OMP_STACKSIZE = '0'
74106  OMP_WAIT_POLICY = 'PASSIVE'
},},  OMP_AFFINITY_FORMAT = 'level %L thread %i affinity %A'
{OPENMP DISPLAY ENVIRONMENT END
76{  OMP_DISPLAY_AFFINITY = 'FALSE'
52  OMP_THREAD_LIMIT = '4294967295'
},  OMP_MAX_ACTIVE_LEVELS = '2147483647'
  OMP_AFFINITY_FORMAT = 'level %L thread %i affinity %A'
{36  OMP_CANCELLATION = 'FALSE'
},{7553},{54},},{55}'
  OMP_STACKSIZE = '0'
},  OMP_WAIT_POLICY = 'PASSIVE'
OPENMP DISPLAY ENVIRONMENT END
},{{{82{28},{29}'
  OMP_STACKSIZE = '0'
  OMP_WAIT_POLICY = 'PASSIVE'
  OMP_THREAD_LIMIT = '4294967295'
  OMP_THREAD_LIMIT = '4294967295'
  OMP_MAX_ACTIVE_LEVELS = '2147483647'
  OMP_DEFAULT_DEVICE = '0'
{},},  OMP_MAX_TASK_PRIORITY = '0'
  OMP_MAX_ACTIVE_LEVELS = '2147483647'
{  OMP_CANCELLATION = 'FALSE'
115  OMP_DEFAULT_DEVICE = '0'
  OMP_MAX_TASK_PRIORITY = '0'
  OMP_DISPLAY_AFFINITY = 'FALSE'
  OMP_AFFINITY_FORMAT = 'level %L thread %i affinity %A'
OPENMP DISPLAY ENVIRONMENT END
{  OMP_CANCELLATION = 'FALSE'
  OMP_DEFAULT_DEVICE = '0'
  OMP_MAX_TASK_PRIORITY = '0'
  OMP_DISPLAY_AFFINITY = 'FALSE'
  OMP_AFFINITY_FORMAT = 'level %L thread %i affinity %A'
OPENMP DISPLAY ENVIRONMENT END
7683  OMP_DISPLAY_AFFINITY = 'FALSE'
},}},{84},  OMP_AFFINITY_FORMAT = 'level %L thread %i affinity %A'
107'
{OPENMP DISPLAY ENVIRONMENT END
{85{}47{21'
},9277  OMP_STACKSIZE = '0'
37},}'
  OMP_STACKSIZE = '0'
  OMP_WAIT_POLICY = 'PASSIVE'
  OMP_THREAD_LIMIT = '4294967295'
  OMP_MAX_ACTIVE_LEVELS = '2147483647'
  OMP_CANCELLATION = 'FALSE'
  OMP_DEFAULT_DEVICE = '0'
  OMP_MAX_TASK_PRIORITY = '0'
  OMP_DISPLAY_AFFINITY = 'FALSE'
  OMP_STACKSIZE = '0'
},  OMP_WAIT_POLICY = 'PASSIVE'
  OMP_AFFINITY_FORMAT = 'level %L thread %i affinity %A'
OPENMP DISPLAY ENVIRONMENT END
  OMP_WAIT_POLICY = 'PASSIVE'
}  OMP_THREAD_LIMIT = '4294967295'
  OMP_MAX_ACTIVE_LEVELS = '2147483647'
  OMP_CANCELLATION = 'FALSE'
  OMP_DEFAULT_DEVICE = '0'
  OMP_MAX_TASK_PRIORITY = '0'
  OMP_DISPLAY_AFFINITY = 'FALSE'
  OMP_AFFINITY_FORMAT = 'level %L thread %i affinity %A'
OPENMP DISPLAY ENVIRONMENT END
},{  OMP_THREAD_LIMIT = '4294967295'
38{'
  OMP_MAX_ACTIVE_LEVELS = '2147483647'
},48  OMP_STACKSIZE = '0'
},{},{{  OMP_WAIT_POLICY = 'PASSIVE'
  OMP_CANCELLATION = 'FALSE'
108{  OMP_THREAD_LIMIT = '4294967295'
  OMP_DEFAULT_DEVICE = '0'
39{  OMP_MAX_ACTIVE_LEVELS = '2147483647'
  OMP_MAX_TASK_PRIORITY = '0'
},49},22  OMP_DISPLAY_AFFINITY = 'FALSE'
  OMP_CANCELLATION = 'FALSE'
78{},  OMP_DEFAULT_DEVICE = '0'
  OMP_AFFINITY_FORMAT = 'level %L thread %i affinity %A'
{},109OPENMP DISPLAY ENVIRONMENT END
  OMP_MAX_TASK_PRIORITY = '0'
{},},40{  OMP_DISPLAY_AFFINITY = 'FALSE'
23},50  OMP_AFFINITY_FORMAT = 'level %L thread %i affinity %A'
{{},OPENMP DISPLAY ENVIRONMENT END
79110},{{},},4151{{},{11180{},},2442},{{}{11252'
81},},  OMP_STACKSIZE = '0'
},{{  OMP_WAIT_POLICY = 'PASSIVE'
},11353  OMP_THREAD_LIMIT = '4294967295'
{  OMP_MAX_ACTIVE_LEVELS = '2147483647'
},  OMP_CANCELLATION = 'FALSE'
82  OMP_DEFAULT_DEVICE = '0'
{},{  OMP_MAX_TASK_PRIORITY = '0'
54{},  OMP_DISPLAY_AFFINITY = 'FALSE'
},11425  OMP_AFFINITY_FORMAT = 'level %L thread %i affinity %A'
{},{OPENMP DISPLAY ENVIRONMENT END
55{83115}},}{'
116'
},  OMP_STACKSIZE = '0'
{  OMP_STACKSIZE = '0'
117},  OMP_WAIT_POLICY = 'PASSIVE'
  OMP_THREAD_LIMIT = '4294967295'
},{118},{119},{120}'
  OMP_STACKSIZE = '0'
  OMP_WAIT_POLICY = 'PASSIVE'
  OMP_THREAD_LIMIT = '4294967295'
  OMP_MAX_ACTIVE_LEVELS = '2147483647'
  OMP_CANCELLATION = 'FALSE'
  OMP_DEFAULT_DEVICE = '0'
  OMP_WAIT_POLICY = 'PASSIVE'
  OMP_MAX_TASK_PRIORITY = '0'
  OMP_MAX_ACTIVE_LEVELS = '2147483647'
  OMP_DISPLAY_AFFINITY = 'FALSE'
  OMP_THREAD_LIMIT = '4294967295'
  OMP_AFFINITY_FORMAT = 'level %L thread %i affinity %A'
  OMP_CANCELLATION = 'FALSE'
OPENMP DISPLAY ENVIRONMENT END
  OMP_DEFAULT_DEVICE = '0'
  OMP_MAX_TASK_PRIORITY = '0'
  OMP_DISPLAY_AFFINITY = 'FALSE'
  OMP_AFFINITY_FORMAT = 'level %L thread %i affinity %A'
OPENMP DISPLAY ENVIRONMENT END
  OMP_MAX_ACTIVE_LEVELS = '2147483647'
{26},{27}'
  OMP_CANCELLATION = 'FALSE'
  OMP_STACKSIZE = '0'
  OMP_WAIT_POLICY = 'PASSIVE'
  OMP_THREAD_LIMIT = '4294967295'
  OMP_MAX_ACTIVE_LEVELS = '2147483647'
  OMP_CANCELLATION = 'FALSE'
  OMP_DEFAULT_DEVICE = '0'
  OMP_DEFAULT_DEVICE = '0'
  OMP_MAX_TASK_PRIORITY = '0'
  OMP_MAX_TASK_PRIORITY = '0'
  OMP_DISPLAY_AFFINITY = 'FALSE'
  OMP_DISPLAY_AFFINITY = 'FALSE'
  OMP_AFFINITY_FORMAT = 'level %L thread %i affinity %A'
OPENMP DISPLAY ENVIRONMENT END
  OMP_AFFINITY_FORMAT = 'level %L thread %i affinity %A'
OPENMP DISPLAY ENVIRONMENT END
