  OMP_NESTED = 'FALSE'
'
64  OMP_SCHEDULE = '  OMP_DYNAMIC = 'FALSE'
'
  OMP_NESTED = 'FALSE'
  OMP_NESTED = 'FALSE'
  OMP_SCHEDULE = '  _OPENMP = '201511'
  OMP_NUM_THREADS = '4'

OPENMP DISPLAY ENVIRONMENT BEGIN

OPENMP DISPLAY ENVIRONMENT BEGIN
DYNAMIC  OMP_NESTED = 'FALSE'
DYNAMIC},  OMP_SCHEDULE = '  _OPENMP = '201511'
'
  OMP_NUM_THREADS = '15
OPENMP DISPLAY ENVIRONMENT BEGIN
  _OPENMP = '201511'
  OMP_NUM_THREADS = '9'

OPENMP DISPLAY ENVIRONMENT BEGIN
{DYNAMIC  _OPENMP = '201511'
'
  OMP_NUM_THREADS = '7  OMP_SCHEDULE = '  OMP_SCHEDULE = '  OMP_DYNAMIC = 'FALSE'
  _OPENMP = '201511'
DYNAMIC97  OMP_SCHEDULE = '},  _OPENMP = '201511'
  _OPENMP = '201511'
'
'
65  OMP_PROC_BIND = '  OMP_PROC_BIND = ''
  _OPENMP = '201511'
DYNAMIC  _OPENMP = '201511'
  OMP_DYNAMIC = 'FALSE'

OPENMP DISPLAY ENVIRONMENT BEGIN
  OMP_DYNAMIC = 'FALSE'
  OMP_NESTED = 'FALSE'
  OMP_SCHEDULE = '  OMP_SCHEDULE = ''
  OMP_NESTED = 'FALSE'
{  OMP_DYNAMIC = 'FALSE'
DYNAMIC'
'
  OMP_DYNAMIC = 'FALSE'
98  _OPENMP = '201511'
  OMP_NESTED = 'FALSE'
DYNAMIC
OPENMP DISPLAY ENVIRONMENT BEGIN
  OMP_DYNAMIC = 'FALSE'
  OMP_DYNAMIC = 'FALSE'
'
DYNAMIC},  OMP_NESTED = 'FALSE'
  OMP_NESTED = 'FALSE'
'
  OMP_NUM_THREADS = '16  OMP_NUM_THREADS = '17  OMP_PROC_BIND = '  OMP_DYNAMIC = 'FALSE'
  OMP_NESTED = 'FALSE'
SPREAD  OMP_DYNAMIC = 'FALSE'
  OMP_SCHEDULE = ''
  OMP_PROC_BIND = '},SPREAD'
  OMP_PLACES = '  OMP_PROC_BIND = ''
  OMP_PROC_BIND = 'DYNAMIC  OMP_NESTED = 'FALSE'
SPREAD'
SPREAD  OMP_DYNAMIC = 'FALSE'
  _OPENMP = '201511'
  OMP_NUM_THREADS = '24DYNAMIC  OMP_PROC_BIND = '  OMP_NUM_THREADS = '13{{99  OMP_NESTED = 'FALSE'
SPREAD'
  OMP_NUM_THREADS = '25  OMP_NESTED = 'FALSE'
  OMP_NUM_THREADS = '12  OMP_PLACES = ''
  OMP_NESTED = 'FALSE'
'
'
SPREADSPREAD  OMP_NUM_THREADS = '26  OMP_PROC_BIND = ''
{  OMP_PLACES = '66'
'
'
{30SPREAD},  OMP_DYNAMIC = 'FALSE'
{'
'
  OMP_PROC_BIND = '},  OMP_NUM_THREADS = '10{  OMP_NESTED = 'FALSE'
  OMP_SCHEDULE = '  OMP_PLACES = '  OMP_PROC_BIND = '57'
SPREAD'
SPREAD'
},  OMP_PLACES = ''
'
28},},{  OMP_NUM_THREADS = '11  OMP_PLACES = '  OMP_SCHEDULE = '{'
100  OMP_NUM_THREADS = '6'
{{  OMP_PLACES = '29{DYNAMIC{  OMP_NESTED = 'FALSE'
  OMP_NUM_THREADS = '5  OMP_PLACES = '  OMP_PLACES = '{  OMP_SCHEDULE = '31'
  OMP_SCHEDULE = '  OMP_SCHEDULE = '{  OMP_SCHEDULE = '},DYNAMIC},{286729},{  OMP_SCHEDULE = 'DYNAMIC{  OMP_PLACES = '},DYNAMIC},  OMP_SCHEDULE = '{DYNAMIC'
32  OMP_SCHEDULE = '58},101'
{{},'
},  OMP_NUM_THREADS = '368DYNAMIC28'
DYNAMIC8530{{'
0{},'
DYNAMIC  OMP_PROC_BIND = '  OMP_PROC_BIND = '{'
  OMP_PROC_BIND = '},59},0{28},  OMP_SCHEDULE = '},},{SPREADDYNAMICSPREAD  OMP_SCHEDULE = ''
'
33{},{102  OMP_PROC_BIND = '{},{{29341SPREAD  OMP_PROC_BIND = '30},DYNAMIC{{8631},'
  OMP_SCHEDULE = '},'
60'
SPREAD69{'
{SPREAD29},{},},},  OMP_PROC_BIND = 'DYNAMIC'
'
  OMP_PROC_BIND = '32{{},  OMP_PROC_BIND = '},'
},{{2987{'
{  OMP_PROC_BIND = 'SPREAD},},},3170},DYNAMIC  OMP_PLACES = ''
10335},},30{},61  OMP_PLACES = '  OMP_PLACES = '{},{SPREAD},{'
{{},{  OMP_PLACES = '},36'
{  OMP_PROC_BIND = '{{{31332},104{'
{88},{SPREAD{},'
84SPREAD{},{1  OMP_PROC_BIND = '  OMP_PLACES = '  OMP_PLACES = '58  OMP_PLACES = '5632},326230},{{{  OMP_PROC_BIND = '{7130},},{89SPREADSPREAD84},{34},'
},{'
},37{{{{},3{105},  OMP_PLACES = '},{90{},},'
56},},30{'
{33{358663},},},85},  OMP_PLACES = '  OMP_PLACES = '{},SPREAD{7233},{},{{},{38{{31},91{2{642},59106},},735731{'
},},},36{},{{  OMP_PLACES = '56{},},{{},31{},873},{},{39{},107{},3{{65{{},{324{34},},},600{},74},{},},},{},34{86},{{{{{},{},40{{8557{66},},},{108{},{},4},3292357537{},32{{{67},},5733},58},{{6141},109},},{84},},{},35{},{361},},{{  OMP_PLACES = '33{},88},93{},3887{{},{34},7658},86},{{42},110{5},},{{{},},},{6839},{94},{},},{},34{{{{{4336{},35},69{5},{{776240111{2},},{},{{{},},{},{954},37},3388},{},},41{{87{{{59},370{},78{},38685},},96},},},{{{{44},{},8935},3911270{},42{},97},{},98},{{99},{10043},{},{{},{{{},60},5},{{36},},79},44{},},34},{{{},},{{},},{{1{809036},},{6381},},},{{},},3782{{91},},{92},{{2},{{4093836}},{},64'
},  OMP_STACKSIZE = '0'
38},},  OMP_WAIT_POLICY = 'PASSIVE'
{  OMP_THREAD_LIMIT = '4294967295'
},{  OMP_MAX_ACTIVE_LEVELS = '2147483647'
{{{7  OMP_CANCELLATION = 'FALSE'
{  OMP_DEFAULT_DEVICE = '0'
39  OMP_MAX_TASK_PRIORITY = '0'
},41943{  OMP_DISPLAY_AFFINITY = 'FALSE'
},},65  OMP_AFFINITY_FORMAT = 'level %L thread %i affinity %A'
8{{OPENMP DISPLAY ENVIRONMENT END
},4240},},},{{},{{488643{},59},},38{},{},44{5},},7{{},{4539},{{{},{46},{47716{},66},{{},{},489741},{95{},},{{{},86749},{96},{97},},{{},},459{{},42},{{4546113},},{}{{89{5035{86},},10},{{{},61{{{36118768},98},},{},},{{37},3{62{},},43},{{{12{7238},},6088},{},4{},863{{90},{},61},},},47{},{{10{51{},8937},},{},{{},69'
9946  OMP_STACKSIZE = '0'
},  OMP_WAIT_POLICY = 'PASSIVE'
},},{  OMP_THREAD_LIMIT = '4294967295'
{{40  OMP_MAX_ACTIVE_LEVELS = '2147483647'
{},  OMP_CANCELLATION = 'FALSE'
{  OMP_DEFAULT_DEVICE = '0'
47},11{91},9},52  OMP_MAX_TASK_PRIORITY = '0'
{},},  OMP_DISPLAY_AFFINITY = 'FALSE'
{{  OMP_AFFINITY_FORMAT = 'level %L thread %i affinity %A'
53OPENMP DISPLAY ENVIRONMENT END
48},{49},12{},50},{},51},{{{5254},{1353},},{54},},{{55},{{56},{5557}'
  OMP_STACKSIZE = '0'
  OMP_WAIT_POLICY = 'PASSIVE'
14  OMP_THREAD_LIMIT = '4294967295'
  OMP_MAX_ACTIVE_LEVELS = '2147483647'
  OMP_CANCELLATION = 'FALSE'
  OMP_DEFAULT_DEVICE = '0'
}{},38'
},  OMP_STACKSIZE = '0'
58{{  OMP_WAIT_POLICY = 'PASSIVE'
3915},  OMP_THREAD_LIMIT = '4294967295'
90  OMP_MAX_TASK_PRIORITY = '0'
  OMP_DISPLAY_AFFINITY = 'FALSE'
  OMP_AFFINITY_FORMAT = 'level %L thread %i affinity %A'
OPENMP DISPLAY ENVIRONMENT END
},},},{},44{{4870},  OMP_MAX_ACTIVE_LEVELS = '2147483647'
{13  OMP_CANCELLATION = 'FALSE'
},16},  OMP_DEFAULT_DEVICE = '0'
{},{4062},{},{{},49{  OMP_MAX_TASK_PRIORITY = '0'
92  OMP_DISPLAY_AFFINITY = 'FALSE'
63},{41  OMP_AFFINITY_FORMAT = 'level %L thread %i affinity %A'
},17{OPENMP DISPLAY ENVIRONMENT END
{},},{18},{{{19},{9320},{{101},},{},45},100{71{},},102{{},5014},{73{},72{{{421031051},},},{},},{{},{{64947443{1152104},21},},{{{22},95},12{23},{},{24},},{25},},{6526{},{{27{}44},{45},96'
},  OMP_STACKSIZE = '0'
13  OMP_WAIT_POLICY = 'PASSIVE'
{  OMP_THREAD_LIMIT = '4294967295'
{46  OMP_MAX_ACTIVE_LEVELS = '2147483647'
},{14},{  OMP_CANCELLATION = 'FALSE'
},},  OMP_DEFAULT_DEVICE = '0'
  OMP_MAX_TASK_PRIORITY = '0'
  OMP_DISPLAY_AFFINITY = 'FALSE'
15{  OMP_AFFINITY_FORMAT = 'level %L thread %i affinity %A'
66OPENMP DISPLAY ENVIRONMENT END
46},},},},{},},{{{{{105475315},1017539},89},},},{7340{5},},},},{{{{10264{{48},74417},},{},},{476{9716{},},},{{},65},{1690{{41{},{59},},42},{103},{104{},{},{{},{49{43{7106},5475},},7617{{},},},105107},{},},{},{66{},{50{44766718{},},106},},{8{{{{176848},},98},{{},},67},{{},{},1849919177{{},559108},},{},{{{{42},},},{},{{{19},9943},{},5068},{92},{20},{{},44},},{51{},{21},{2269{{1008{69},},{45},{{},5192107},},7710{},56109},{52},{53{},23},{},{},},{7052},{},},93{{{},},{}7878108{},110},'
19},{  OMP_STACKSIZE = '0'
{},53},54},{55{{2479{}},},},  OMP_WAIT_POLICY = 'PASSIVE'
{},{46},93'
10111{  OMP_STACKSIZE = '0'
},70},{{  OMP_WAIT_POLICY = 'PASSIVE'
{{{},{{111{79109},{110},54  OMP_THREAD_LIMIT = '4294967295'
{},{  OMP_MAX_ACTIVE_LEVELS = '2147483647'
80{111},20  OMP_CANCELLATION = 'FALSE'
},{112},  OMP_DEFAULT_DEVICE = '0'
},8071  OMP_MAX_TASK_PRIORITY = '0'
},},},}{9{47{},},72},94{},{},{1048  OMP_DISPLAY_AFFINITY = 'FALSE'
},'
102  OMP_AFFINITY_FORMAT = 'level %L thread %i affinity %A'
25{73},},45{  OMP_STACKSIZE = '0'
},},12{{{},9574},},11},{{{},13{},OPENMP DISPLAY ENVIRONMENT END
  OMP_WAIT_POLICY = 'PASSIVE'
{{{  OMP_THREAD_LIMIT = '4294967295'
818155  OMP_MAX_ACTIVE_LEVELS = '2147483647'
{},},  OMP_CANCELLATION = 'FALSE'
},{112{  OMP_DEFAULT_DEVICE = '0'
  OMP_THREAD_LIMIT = '4294967295'
  OMP_MAX_TASK_PRIORITY = '0'
71  OMP_MAX_ACTIVE_LEVELS = '2147483647'
82{  OMP_DISPLAY_AFFINITY = 'FALSE'
  OMP_CANCELLATION = 'FALSE'
96},},},  OMP_DEFAULT_DEVICE = '0'
{103{{{4921{56},{{},{},948275},},{},},{83},{{50},{{},1139557{{{}1422},84},},51'
76}{},{},{  OMP_STACKSIZE = '0'
{  OMP_WAIT_POLICY = 'PASSIVE'
{},52'
1523},{77  OMP_THREAD_LIMIT = '4294967295'
  OMP_STACKSIZE = '0'
96},},85},  OMP_MAX_ACTIVE_LEVELS = '2147483647'
},{{}{  OMP_WAIT_POLICY = 'PASSIVE'
1624{'
},  OMP_THREAD_LIMIT = '4294967295'
7812{97},},53  OMP_AFFINITY_FORMAT = 'level %L thread %i affinity %A'
{{OPENMP DISPLAY ENVIRONMENT END
83{},17{9784},}},'
7226  OMP_STACKSIZE = '0'
  OMP_MAX_TASK_PRIORITY = '0'
  OMP_WAIT_POLICY = 'PASSIVE'
},  OMP_THREAD_LIMIT = '4294967295'
{  OMP_MAX_ACTIVE_LEVELS = '2147483647'
  OMP_DISPLAY_AFFINITY = 'FALSE'
  OMP_CANCELLATION = 'FALSE'
},  OMP_DEFAULT_DEVICE = '0'
  OMP_MAX_TASK_PRIORITY = '0'
  OMP_DISPLAY_AFFINITY = 'FALSE'
  OMP_AFFINITY_FORMAT = 'level %L thread %i affinity %A'
{},{10479},{},18{98},60OPENMP DISPLAY ENVIRONMENT END
{  OMP_AFFINITY_FORMAT = 'level %L thread %i affinity %A'
13},},},},{{{OPENMP DISPLAY ENVIRONMENT END
27},73}},105{},},{'
{{98  OMP_STACKSIZE = '0'
},10646{  OMP_WAIT_POLICY = 'PASSIVE'
},},{74{{  OMP_CANCELLATION = 'FALSE'
14  OMP_THREAD_LIMIT = '4294967295'
{10799},},},19{{80  OMP_MAX_ACTIVE_LEVELS = '2147483647'
99  OMP_CANCELLATION = 'FALSE'
{  OMP_STACKSIZE = '0'
},  OMP_DEFAULT_DEVICE = '0'
},  OMP_WAIT_POLICY = 'PASSIVE'
54  OMP_MAX_TASK_PRIORITY = '0'
  OMP_DISPLAY_AFFINITY = 'FALSE'
  OMP_MAX_ACTIVE_LEVELS = '2147483647'
},{{  OMP_AFFINITY_FORMAT = 'level %L thread %i affinity %A'
},  OMP_CANCELLATION = 'FALSE'
{25{  OMP_THREAD_LIMIT = '4294967295'
100OPENMP DISPLAY ENVIRONMENT END
  OMP_MAX_ACTIVE_LEVELS = '2147483647'
{  OMP_DEFAULT_DEVICE = '0'
},  OMP_MAX_TASK_PRIORITY = '0'
81},20  OMP_CANCELLATION = 'FALSE'
},{55  OMP_DEFAULT_DEVICE = '0'
108{  OMP_DISPLAY_AFFINITY = 'FALSE'
},  OMP_DEFAULT_DEVICE = '0'
}  OMP_AFFINITY_FORMAT = 'level %L thread %i affinity %A'
8226{OPENMP DISPLAY ENVIRONMENT END
{  OMP_MAX_TASK_PRIORITY = '0'
21},101  OMP_DISPLAY_AFFINITY = 'FALSE'
},{},  OMP_AFFINITY_FORMAT = 'level %L thread %i affinity %A'
{27{OPENMP DISPLAY ENVIRONMENT END
'
},},{2228{},{29}'
  OMP_STACKSIZE = '0'
  OMP_WAIT_POLICY = 'PASSIVE'
  OMP_THREAD_LIMIT = '4294967295'
  OMP_MAX_ACTIVE_LEVELS = '2147483647'
  OMP_CANCELLATION = 'FALSE'
  OMP_DEFAULT_DEVICE = '0'
  OMP_MAX_TASK_PRIORITY = '0'
  OMP_DISPLAY_AFFINITY = 'FALSE'
  OMP_AFFINITY_FORMAT = 'level %L thread %i affinity %A'
OPENMP DISPLAY ENVIRONMENT END
},75  OMP_STACKSIZE = '0'
  OMP_MAX_TASK_PRIORITY = '0'
},},83  OMP_DISPLAY_AFFINITY = 'FALSE'
},{100},{23},{24},{  OMP_WAIT_POLICY = 'PASSIVE'
},109102  OMP_AFFINITY_FORMAT = 'level %L thread %i affinity %A'
{  OMP_THREAD_LIMIT = '4294967295'
},{}'
  OMP_STACKSIZE = '0'
  OMP_WAIT_POLICY = 'PASSIVE'
},},25{{OPENMP DISPLAY ENVIRONMENT END
  OMP_THREAD_LIMIT = '4294967295'
76},},  OMP_MAX_ACTIVE_LEVELS = '2147483647'
{{{11010315  OMP_CANCELLATION = 'FALSE'
7726},  OMP_MAX_ACTIVE_LEVELS = '2147483647'
},{},111},{{}{  OMP_DEFAULT_DEVICE = '0'
78'
  OMP_MAX_TASK_PRIORITY = '0'
},{  OMP_STACKSIZE = '0'
  OMP_CANCELLATION = 'FALSE'
{  OMP_DISPLAY_AFFINITY = 'FALSE'
  OMP_WAIT_POLICY = 'PASSIVE'
10479  OMP_THREAD_LIMIT = '4294967295'
},  OMP_MAX_ACTIVE_LEVELS = '2147483647'
47},  OMP_CANCELLATION = 'FALSE'
101  OMP_DEFAULT_DEVICE = '0'
},{  OMP_MAX_TASK_PRIORITY = '0'
{  OMP_DISPLAY_AFFINITY = 'FALSE'
{80  OMP_AFFINITY_FORMAT = 'level %L thread %i affinity %A'
16OPENMP DISPLAY ENVIRONMENT END
  OMP_AFFINITY_FORMAT = 'level %L thread %i affinity %A'
102},  OMP_DEFAULT_DEVICE = '0'
OPENMP DISPLAY ENVIRONMENT END
{81},},},{},82{},{{83}1727'
  OMP_STACKSIZE = '0'
  OMP_WAIT_POLICY = 'PASSIVE'
  OMP_MAX_TASK_PRIORITY = '0'
  OMP_THREAD_LIMIT = '4294967295'
}103  OMP_DISPLAY_AFFINITY = 'FALSE'
},{},  OMP_MAX_ACTIVE_LEVELS = '2147483647'
  OMP_AFFINITY_FORMAT = 'level %L thread %i affinity %A'
  OMP_CANCELLATION = 'FALSE'
  OMP_DEFAULT_DEVICE = '0'
  OMP_MAX_TASK_PRIORITY = '0'
OPENMP DISPLAY ENVIRONMENT END
  OMP_DISPLAY_AFFINITY = 'FALSE'
  OMP_AFFINITY_FORMAT = 'level %L thread %i affinity %A'
OPENMP DISPLAY ENVIRONMENT END
'
{105{  OMP_STACKSIZE = '0'
104},18  OMP_WAIT_POLICY = 'PASSIVE'
},{},  OMP_THREAD_LIMIT = '4294967295'
{106{{  OMP_MAX_ACTIVE_LEVELS = '2147483647'
19},},  OMP_CANCELLATION = 'FALSE'
105{{  OMP_DEFAULT_DEVICE = '0'
},10720  OMP_MAX_TASK_PRIORITY = '0'
{61},106  OMP_DISPLAY_AFFINITY = 'FALSE'
},{{108},  OMP_AFFINITY_FORMAT = 'level %L thread %i affinity %A'
21OPENMP DISPLAY ENVIRONMENT END
},},},{{109{},{110},{111}'
  OMP_STACKSIZE = '0'
  OMP_WAIT_POLICY = 'PASSIVE'
  OMP_THREAD_LIMIT = '4294967295'
  OMP_MAX_ACTIVE_LEVELS = '2147483647'
  OMP_CANCELLATION = 'FALSE'
  OMP_DEFAULT_DEVICE = '0'
  OMP_MAX_TASK_PRIORITY = '0'
  OMP_DISPLAY_AFFINITY = 'FALSE'
107  OMP_AFFINITY_FORMAT = 'level %L thread %i affinity %A'
OPENMP DISPLAY ENVIRONMENT END
22},},{{{48},{6223108},{109},{},{24},{63},{110},},25{111}},{{'
},6449{},26},{},27}  OMP_STACKSIZE = '0'
{'
{65},{  OMP_WAIT_POLICY = 'PASSIVE'
  OMP_THREAD_LIMIT = '4294967295'
66  OMP_STACKSIZE = '0'
},{67},  OMP_WAIT_POLICY = 'PASSIVE'
  OMP_THREAD_LIMIT = '4294967295'
50  OMP_MAX_ACTIVE_LEVELS = '2147483647'
  OMP_CANCELLATION = 'FALSE'
  OMP_DEFAULT_DEVICE = '0'
  OMP_MAX_TASK_PRIORITY = '0'
},{{  OMP_DISPLAY_AFFINITY = 'FALSE'
51},{  OMP_MAX_ACTIVE_LEVELS = '2147483647'
68  OMP_AFFINITY_FORMAT = 'level %L thread %i affinity %A'
OPENMP DISPLAY ENVIRONMENT END
},  OMP_CANCELLATION = 'FALSE'
52  OMP_DEFAULT_DEVICE = '0'
  OMP_MAX_TASK_PRIORITY = '0'
{},{53},{54},{55}'
  OMP_STACKSIZE = '0'
  OMP_WAIT_POLICY = 'PASSIVE'
69},{70  OMP_THREAD_LIMIT = '4294967295'
},  OMP_DISPLAY_AFFINITY = 'FALSE'
  OMP_AFFINITY_FORMAT = 'level %L thread %i affinity %A'
OPENMP DISPLAY ENVIRONMENT END
  OMP_MAX_ACTIVE_LEVELS = '2147483647'
  OMP_CANCELLATION = 'FALSE'
  OMP_DEFAULT_DEVICE = '0'
  OMP_MAX_TASK_PRIORITY = '0'
  OMP_DISPLAY_AFFINITY = 'FALSE'
  OMP_AFFINITY_FORMAT = 'level %L thread %i affinity %A'
OPENMP DISPLAY ENVIRONMENT END
{71},{72},{73},{74},{75},{76},{77},{78},{79},{80},{81},{82},{83}'
  OMP_STACKSIZE = '0'
  OMP_WAIT_POLICY = 'PASSIVE'
  OMP_THREAD_LIMIT = '4294967295'
  OMP_MAX_ACTIVE_LEVELS = '2147483647'
  OMP_CANCELLATION = 'FALSE'
  OMP_DEFAULT_DEVICE = '0'
  OMP_MAX_TASK_PRIORITY = '0'
  OMP_DISPLAY_AFFINITY = 'FALSE'
  OMP_AFFINITY_FORMAT = 'level %L thread %i affinity %A'
OPENMP DISPLAY ENVIRONMENT END
