
OPENMP DISPLAY ENVIRONMENT BEGIN
15  OMP_NUM_THREADS = '9},},  _OPENMP = '201511'
{
OPENMP DISPLAY ENVIRONMENT BEGIN
  OMP_DYNAMIC = 'FALSE'

OPENMP DISPLAY ENVIRONMENT BEGIN
  OMP_NUM_THREADS = '1296{
OPENMP DISPLAY ENVIRONMENT BEGIN
  OMP_NUM_THREADS = '10'
'

OPENMP DISPLAY ENVIRONMENT BEGIN
'
  _OPENMP = '201511'
  OMP_SCHEDULE = '  OMP_SCHEDULE = '  _OPENMP = '201511'
  OMP_DYNAMIC = 'FALSE'

OPENMP DISPLAY ENVIRONMENT BEGIN
  _OPENMP = '201511'
  OMP_SCHEDULE = '
OPENMP DISPLAY ENVIRONMENT BEGIN
DYNAMIC16  OMP_DYNAMIC = 'FALSE'
},DYNAMIC  _OPENMP = '201511'
  _OPENMP = '201511'

OPENMP DISPLAY ENVIRONMENT BEGIN

OPENMP DISPLAY ENVIRONMENT BEGIN
DYNAMIC'
'
  OMP_NESTED = 'FALSE'
  OMP_PROC_BIND = '{  OMP_NESTED = 'FALSE'
SPREAD
OPENMP DISPLAY ENVIRONMENT BEGIN
  OMP_DYNAMIC = 'FALSE'
17'
  OMP_NUM_THREADS = '4  OMP_PROC_BIND = '  OMP_NUM_THREADS = '13  _OPENMP = '201511'

OPENMP DISPLAY ENVIRONMENT BEGIN
  OMP_NESTED = 'FALSE'
  OMP_DYNAMIC = 'FALSE'
  OMP_DYNAMIC = 'FALSE'
  _OPENMP = '201511'

OPENMP DISPLAY ENVIRONMENT BEGIN
'
  _OPENMP = '201511'
  OMP_NESTED = 'FALSE'
  _OPENMP = '201511'
'
'
SPREAD},  OMP_SCHEDULE = '  OMP_PROC_BIND = '},  OMP_DYNAMIC = 'FALSE'

OPENMP DISPLAY ENVIRONMENT BEGIN
  OMP_SCHEDULE = '  OMP_NESTED = 'FALSE'
  _OPENMP = '201511'
  OMP_DYNAMIC = 'FALSE'
'
  OMP_DYNAMIC = 'FALSE'
  _OPENMP = '201511'
{  OMP_NUM_THREADS = '15{  OMP_NUM_THREADS = '16  _OPENMP = '201511'
  OMP_DYNAMIC = 'FALSE'
SPREADDYNAMIC  OMP_PLACES = '  OMP_NESTED = 'FALSE'
18  OMP_DYNAMIC = 'FALSE'
  OMP_NESTED = 'FALSE'
  OMP_DYNAMIC = 'FALSE'

OPENMP DISPLAY ENVIRONMENT BEGIN
  OMP_NUM_THREADS = '8'
  OMP_NESTED = 'FALSE'

OPENMP DISPLAY ENVIRONMENT BEGIN
  OMP_NESTED = 'FALSE'
},  OMP_NESTED = 'FALSE'
  OMP_NUM_THREADS = '20  OMP_PLACES = '  OMP_NESTED = 'FALSE'
97DYNAMIC  OMP_NUM_THREADS = '21'
  OMP_DYNAMIC = 'FALSE'
'
'
  OMP_SCHEDULE = '{'
  OMP_NUM_THREADS = '24  OMP_PROC_BIND = '  OMP_NUM_THREADS = '22  OMP_NUM_THREADS = '7{  _OPENMP = '201511'
'
  OMP_SCHEDULE = '  OMP_PLACES = 'SPREAD'
  _OPENMP = '201511'
'
  _OPENMP = '201511'
  OMP_SCHEDULE = '},  OMP_NESTED = 'FALSE'
DYNAMIC{  OMP_SCHEDULE = '{19DYNAMIC  OMP_NUM_THREADS = '25  OMP_PROC_BIND = ''
2},DYNAMIC  OMP_SCHEDULE = '{  OMP_NUM_THREADS = '14'
SPREAD'
'

OPENMP DISPLAY ENVIRONMENT BEGIN
98  OMP_PROC_BIND = 'DYNAMIC},  OMP_DYNAMIC = 'FALSE'
58  OMP_DYNAMIC = 'FALSE'
'
'
'
{},  OMP_NESTED = 'FALSE'
  OMP_DYNAMIC = 'FALSE'
{85'
SPREAD  OMP_NESTED = 'FALSE'
  _OPENMP = '201511'
  OMP_SCHEDULE = '  OMP_PLACES = ''
  OMP_PROC_BIND = '  OMP_SCHEDULE = '  OMP_PROC_BIND = ''
DYNAMIC  OMP_PROC_BIND = '  OMP_PLACES = '20  OMP_SCHEDULE = ''
{{  OMP_DYNAMIC = 'FALSE'
  OMP_NESTED = 'FALSE'
},  OMP_SCHEDULE = 'DYNAMIC'
  OMP_PROC_BIND = 'SPREAD},  OMP_SCHEDULE = '  OMP_NESTED = 'FALSE'
{DYNAMIC'
SPREAD86'
'
  OMP_NUM_THREADS = '23SPREAD  OMP_PROC_BIND = '  OMP_NUM_THREADS = '18'
DYNAMIC  OMP_NESTED = 'FALSE'
59'
{  OMP_NUM_THREADS = '193  OMP_NUM_THREADS = '5},'
SPREAD'
'
DYNAMIC  OMP_PROC_BIND = '  OMP_PLACES = '{8628'
  OMP_PLACES = 'SPREAD  OMP_SCHEDULE = '  OMP_PLACES = '{},},21},'
{'
},  OMP_PLACES = 'DYNAMIC  OMP_PLACES = '  OMP_SCHEDULE = '  OMP_PROC_BIND = '{{86{{'
  OMP_SCHEDULE = '{SPREAD{DYNAMIC{  OMP_NUM_THREADS = '6{DYNAMIC'
5899},},},{87  OMP_PLACES = '2887},29'
48760},  OMP_PLACES = '{'
SPREAD},{{},5{},100  OMP_PROC_BIND = '{DYNAMIC},SPREAD{{  OMP_PROC_BIND = '},{0'
'
88},29},'
{},{56{  OMP_SCHEDULE = '},0{},8988  OMP_PLACES = '  OMP_PLACES = '6{'
22SPREAD{6129},},},{'
},'
},{},{{},57{{30DYNAMIC},30{},{90'
  OMP_PROC_BIND = '{236230},{  OMP_SCHEDULE = '  OMP_PLACES = '101},{},881'
{{30},1},{},},91{24  OMP_PROC_BIND = '{{{58{},89DYNAMIC},},{},'
  OMP_PROC_BIND = '{},},731},8431{},31  OMP_PROC_BIND = '63},},{{{57SPREAD{{},{},{8{{},2},},},{31591029259{},89},},},{},{64{},},{{3258},{{9033},},},{{91},{92},{93},34{},{{35},94},59{36},{},95},{96},{97},{98},{99},{{100},{101},{{102},{{'
},2SPREAD},90103SPREAD32},{{  OMP_PLACES = ''
9{'
{32},},},60{37{{{104'
32{{103},325},{60},},33},{{},{26},},{33},{  OMP_PROC_BIND = '105{61},},{104{},{62{},},},{60{{106{3361},},},},},{{{38{4},{10},{11936365105},},},{107},62},},34{{{{{{5123434  OMP_PLACES = '},SPREAD},{},85{'
{28108363  OMP_PLACES = '},},},{{},{{109{{},64{27},9456},6439106},},},{},{},110{{{},10765{40},},{35},91},},66{{35},11329},{30},{31},{32},{33{{},4},},{95},},6786{},},},{96},{9714{{{},{},{68587{{98},1557},},},{},34{6{{69},16},{88},99},{},{},{},{703517{{{},},},58{89{100{18},7136},},},},},{{{{{901937{},5972},{},},},{101{{91},{{207102387360},},},},},},{{{{{103},74{21},},},{{},{},3610465{111},{{},},},108{{66418{},},92112},}{{},{'
3942{61  OMP_STACKSIZE = '0'
},},},  OMP_WAIT_POLICY = 'PASSIVE'
},{6},{105},{106},{{{22},75},93{{67},  OMP_THREAD_LIMIT = '4294967295'
{},{}},{40  OMP_MAX_ACTIVE_LEVELS = '2147483647'
{{},43},68{  OMP_CANCELLATION = 'FALSE'
{},23},76{},{{44{  OMP_DEFAULT_DEVICE = '0'
107},24  OMP_PLACES = '},},966},{3694{},'
6235{  OMP_STACKSIZE = '0'
},},},  OMP_WAIT_POLICY = 'PASSIVE'
{SPREAD{{{  OMP_THREAD_LIMIT = '4294967295'
3663'
10{41},95  OMP_MAX_ACTIVE_LEVELS = '2147483647'
},{},  OMP_CANCELLATION = 'FALSE'
},37{  OMP_DEFAULT_DEVICE = '0'
{  OMP_MAX_TASK_PRIORITY = '0'
{},11{42  OMP_DISPLAY_AFFINITY = 'FALSE'
},},},  OMP_MAX_TASK_PRIORITY = '0'
{6964},{{109{77{},},2567},{},37},{38},{{38{  OMP_AFFINITY_FORMAT = 'level %L thread %i affinity %A'
{OPENMP DISPLAY ENVIRONMENT END
78},108{2684},  OMP_PLACES = '3739},},92},{{61{},{},56},40},85{},},{{},12},{57},{{{{},96414386},{},},13{6558{87},},44},{},},{97{},{{59{88{},14},},{66{4542},89},60{},{},67},{{46{},{},90{61},43},},},},{15},  OMP_DISPLAY_AFFINITY = 'FALSE'
{},{39{110109},{110{79},{40},{},},{},44{{},{{{},27{686838{{},93111{4180}{4598},},{},91{{1646{},},},6962{{47{17},},92},{{47{},},6399},{{70},{1893},48},{},},{},{{4910064{},19{48},71{},50},94{{},},{},4965},{{},{95},{},{{},{512866111},817},},},69{'
{},39{},{101},20{},52{96{{},},50{1026753},},{},{},},{21{726810397{},},},},{5154},{{{{692298{},},},104},{{},{7355},{{7023}},'
5299{},},},},{{  OMP_STACKSIZE = '0'
{  OMP_WAIT_POLICY = 'PASSIVE'
{{  OMP_THREAD_LIMIT = '4294967295'
747124100105  OMP_MAX_ACTIVE_LEVELS = '2147483647'
62{},},53},{  OMP_CANCELLATION = 'FALSE'
},},},{54  OMP_DEFAULT_DEVICE = '0'
{},},7275  OMP_MAX_TASK_PRIORITY = '0'
},{  OMP_DISPLAY_AFFINITY = 'FALSE'
{},{10155{106},},  OMP_AFFINITY_FORMAT = 'level %L thread %i affinity %A'
},73}OPENMP DISPLAY ENVIRONMENT END
{{{},'
102{{107},  OMP_STACKSIZE = '0'
7476{},},},103  OMP_WAIT_POLICY = 'PASSIVE'
{{},257577{  OMP_THREAD_LIMIT = '4294967295'
},},104},{  OMP_MAX_ACTIVE_LEVELS = '2147483647'
},{76{{  OMP_CANCELLATION = 'FALSE'
},78{  OMP_DEFAULT_DEVICE = '0'
105},77  OMP_MAX_TASK_PRIORITY = '0'
},{},  OMP_DISPLAY_AFFINITY = 'FALSE'
{79{26106},45  OMP_AFFINITY_FORMAT = 'level %L thread %i affinity %A'
},},{{},{46},{},},112},{},{78{2911382},{83},{84}},'
  OMP_STACKSIZE = '0'
  OMP_WAIT_POLICY = 'PASSIVE'
}'
{{85  OMP_STACKSIZE = '0'
}  OMP_THREAD_LIMIT = '4294967295'
'
70  OMP_WAIT_POLICY = 'PASSIVE'
  OMP_MAX_ACTIVE_LEVELS = '2147483647'
  OMP_CANCELLATION = 'FALSE'
  OMP_STACKSIZE = '0'
  OMP_DEFAULT_DEVICE = '0'
  OMP_WAIT_POLICY = 'PASSIVE'
  OMP_THREAD_LIMIT = '4294967295'
  OMP_MAX_TASK_PRIORITY = '0'
  OMP_DISPLAY_AFFINITY = 'FALSE'
  OMP_AFFINITY_FORMAT = 'level %L thread %i affinity %A'
OPENMP DISPLAY ENVIRONMENT END
  OMP_STACKSIZE = '0'
  OMP_THREAD_LIMIT = '4294967295'
  OMP_MAX_ACTIVE_LEVELS = '2147483647'
},  OMP_MAX_ACTIVE_LEVELS = '2147483647'
  OMP_CANCELLATION = 'FALSE'
  OMP_DEFAULT_DEVICE = '0'
  OMP_CANCELLATION = 'FALSE'
  OMP_WAIT_POLICY = 'PASSIVE'
  OMP_MAX_TASK_PRIORITY = '0'
  OMP_DISPLAY_AFFINITY = 'FALSE'
  OMP_DEFAULT_DEVICE = '0'
  OMP_AFFINITY_FORMAT = 'level %L thread %i affinity %A'
{  OMP_MAX_TASK_PRIORITY = '0'
OPENMP DISPLAY ENVIRONMENT END
  OMP_THREAD_LIMIT = '4294967295'
  OMP_DISPLAY_AFFINITY = 'FALSE'
  OMP_AFFINITY_FORMAT = 'level %L thread %i affinity %A'
{{70OPENMP DISPLAY ENVIRONMENT END
},{{47OPENMP DISPLAY ENVIRONMENT END
71},8  OMP_MAX_ACTIVE_LEVELS = '2147483647'
108},80  OMP_CANCELLATION = 'FALSE'
  OMP_AFFINITY_FORMAT = 'level %L thread %i affinity %A'
{  OMP_DEFAULT_DEVICE = '0'
},42},},{72107{79  OMP_MAX_TASK_PRIORITY = '0'
},9},},{},{  OMP_DISPLAY_AFFINITY = 'FALSE'
108{80  OMP_AFFINITY_FORMAT = 'level %L thread %i affinity %A'
},{OPENMP DISPLAY ENVIRONMENT END
},{81},{10},73109},{},82{},{},74{11{},83{110{}75},},'
},{{  OMP_STACKSIZE = '0'
4311176  OMP_WAIT_POLICY = 'PASSIVE'
},}},  OMP_THREAD_LIMIT = '4294967295'
{'
{  OMP_MAX_ACTIVE_LEVELS = '2147483647'
77  OMP_STACKSIZE = '0'
},  OMP_CANCELLATION = 'FALSE'
12  OMP_WAIT_POLICY = 'PASSIVE'
{  OMP_DEFAULT_DEVICE = '0'
},  OMP_THREAD_LIMIT = '4294967295'
{},},OPENMP DISPLAY ENVIRONMENT END
{},{2748{},10971},{{},}49{{'
},  OMP_STACKSIZE = '0'
7281{},110{  OMP_WAIT_POLICY = 'PASSIVE'
5073},{51},{},{7452},{75},{},76},{{53},{5477},{78},},{55},{{56}79},'
  OMP_STACKSIZE = '0'
{  OMP_WAIT_POLICY = 'PASSIVE'
80},{81  OMP_THREAD_LIMIT = '4294967295'
  OMP_MAX_ACTIVE_LEVELS = '2147483647'
  OMP_CANCELLATION = 'FALSE'
  OMP_DEFAULT_DEVICE = '0'
  OMP_MAX_TASK_PRIORITY = '0'
},  OMP_DISPLAY_AFFINITY = 'FALSE'
{82},{83},{  OMP_AFFINITY_FORMAT = 'level %L thread %i affinity %A'
},{  OMP_MAX_TASK_PRIORITY = '0'
  OMP_THREAD_LIMIT = '4294967295'
  OMP_MAX_ACTIVE_LEVELS = '2147483647'
},  OMP_DISPLAY_AFFINITY = 'FALSE'
82  OMP_CANCELLATION = 'FALSE'
{  OMP_AFFINITY_FORMAT = 'level %L thread %i affinity %A'
},  OMP_DEFAULT_DEVICE = '0'
  OMP_MAX_ACTIVE_LEVELS = '2147483647'
OPENMP DISPLAY ENVIRONMENT END
84111}OPENMP DISPLAY ENVIRONMENT END
'
  OMP_MAX_TASK_PRIORITY = '0'
  OMP_CANCELLATION = 'FALSE'
  OMP_DEFAULT_DEVICE = '0'
  OMP_MAX_TASK_PRIORITY = '0'
  OMP_DISPLAY_AFFINITY = 'FALSE'
  OMP_AFFINITY_FORMAT = 'level %L thread %i affinity %A'
OPENMP DISPLAY ENVIRONMENT END
  OMP_DISPLAY_AFFINITY = 'FALSE'
}  OMP_AFFINITY_FORMAT = 'level %L thread %i affinity %A'
OPENMP DISPLAY ENVIRONMENT END
{78'
},83{  OMP_STACKSIZE = '0'
{  OMP_WAIT_POLICY = 'PASSIVE'
13  OMP_THREAD_LIMIT = '4294967295'
{}},  OMP_MAX_ACTIVE_LEVELS = '2147483647'
44'
79  OMP_CANCELLATION = 'FALSE'
{  OMP_STACKSIZE = '0'
},  OMP_DEFAULT_DEVICE = '0'
{80},{81},{82},{83}'
  OMP_WAIT_POLICY = 'PASSIVE'
{  OMP_STACKSIZE = '0'
  OMP_STACKSIZE = '0'
  OMP_WAIT_POLICY = 'PASSIVE'
  OMP_THREAD_LIMIT = '4294967295'
  OMP_MAX_ACTIVE_LEVELS = '2147483647'
  OMP_MAX_TASK_PRIORITY = '0'
{  OMP_THREAD_LIMIT = '4294967295'
40  OMP_DISPLAY_AFFINITY = 'FALSE'
14  OMP_MAX_ACTIVE_LEVELS = '2147483647'
  OMP_CANCELLATION = 'FALSE'
},  OMP_DEFAULT_DEVICE = '0'
  OMP_AFFINITY_FORMAT = 'level %L thread %i affinity %A'
  OMP_MAX_TASK_PRIORITY = '0'
  OMP_CANCELLATION = 'FALSE'
  OMP_DISPLAY_AFFINITY = 'FALSE'
OPENMP DISPLAY ENVIRONMENT END
  OMP_AFFINITY_FORMAT = 'level %L thread %i affinity %A'
  OMP_DEFAULT_DEVICE = '0'
  OMP_MAX_TASK_PRIORITY = '0'
{  OMP_DISPLAY_AFFINITY = 'FALSE'
  OMP_AFFINITY_FORMAT = 'level %L thread %i affinity %A'
OPENMP DISPLAY ENVIRONMENT END
OPENMP DISPLAY ENVIRONMENT END
  OMP_WAIT_POLICY = 'PASSIVE'
{  OMP_THREAD_LIMIT = '4294967295'
63  OMP_MAX_ACTIVE_LEVELS = '2147483647'
},45},{{  OMP_CANCELLATION = 'FALSE'
15  OMP_DEFAULT_DEVICE = '0'
46  OMP_MAX_TASK_PRIORITY = '0'
},  OMP_DISPLAY_AFFINITY = 'FALSE'
},  OMP_AFFINITY_FORMAT = 'level %L thread %i affinity %A'
OPENMP DISPLAY ENVIRONMENT END
{},{9416{47},},41},},{},{{17{4842},2},},{49},{{50},18{51},},{{{19645243},},},},{53},{{54{{95},44{},55},{2045}{'
  OMP_STACKSIZE = '0'
},  OMP_WAIT_POLICY = 'PASSIVE'
{},{  OMP_THREAD_LIMIT = '4294967295'
},  OMP_MAX_ACTIVE_LEVELS = '2147483647'
46{65  OMP_CANCELLATION = 'FALSE'
},21{  OMP_DEFAULT_DEVICE = '0'
},{},{  OMP_MAX_TASK_PRIORITY = '0'
66{47  OMP_DISPLAY_AFFINITY = 'FALSE'
},2296  OMP_AFFINITY_FORMAT = 'level %L thread %i affinity %A'
{OPENMP DISPLAY ENVIRONMENT END
48},},{{23},},3{4924{},{25},},{},26},{{27}'
67  OMP_STACKSIZE = '0'
  OMP_WAIT_POLICY = 'PASSIVE'
  OMP_THREAD_LIMIT = '4294967295'
  OMP_MAX_ACTIVE_LEVELS = '2147483647'
50  OMP_CANCELLATION = 'FALSE'
},  OMP_DEFAULT_DEVICE = '0'
  OMP_MAX_TASK_PRIORITY = '0'
{  OMP_DISPLAY_AFFINITY = 'FALSE'
},  OMP_AFFINITY_FORMAT = 'level %L thread %i affinity %A'
},{68OPENMP DISPLAY ENVIRONMENT END
{{4},97},{51},{},695{{98},52},},{53},{{6},{54},{55{7},70},},{{71{568},},{72},{},},73{{57}'
9},},{{  OMP_STACKSIZE = '0'
  OMP_WAIT_POLICY = 'PASSIVE'
  OMP_THREAD_LIMIT = '4294967295'
74},{75},{  OMP_MAX_ACTIVE_LEVELS = '2147483647'
99},  OMP_CANCELLATION = 'FALSE'
  OMP_DEFAULT_DEVICE = '0'
{{7611  OMP_MAX_TASK_PRIORITY = '0'
},{77  OMP_DISPLAY_AFFINITY = 'FALSE'
  OMP_AFFINITY_FORMAT = 'level %L thread %i affinity %A'
},{12},{100},},{OPENMP DISPLAY ENVIRONMENT END
{101},{102},{1037813},{},{},79},{14104{80},{81},{82},{},},{83105},{106},{107},{108},{109},{110},{111},{112},{113}},{84},{15},{16},{{8517},{18},{}'
19'
},  OMP_STACKSIZE = '0'
  OMP_WAIT_POLICY = 'PASSIVE'
{  OMP_THREAD_LIMIT = '4294967295'
20},{21},  OMP_MAX_ACTIVE_LEVELS = '2147483647'
{22},{  OMP_CANCELLATION = 'FALSE'
  OMP_DEFAULT_DEVICE = '0'
23  OMP_MAX_TASK_PRIORITY = '0'
},{24  OMP_DISPLAY_AFFINITY = 'FALSE'
  OMP_AFFINITY_FORMAT = 'level %L thread %i affinity %A'
},{  OMP_STACKSIZE = '0'
OPENMP DISPLAY ENVIRONMENT END
  OMP_WAIT_POLICY = 'PASSIVE'
  OMP_THREAD_LIMIT = '4294967295'
  OMP_MAX_ACTIVE_LEVELS = '2147483647'
  OMP_CANCELLATION = 'FALSE'
  OMP_DEFAULT_DEVICE = '0'
  OMP_MAX_TASK_PRIORITY = '0'
  OMP_DISPLAY_AFFINITY = 'FALSE'
  OMP_AFFINITY_FORMAT = 'level %L thread %i affinity %A'
OPENMP DISPLAY ENVIRONMENT END
25},{26},{27},{28},{29}'
  OMP_STACKSIZE = '0'
  OMP_WAIT_POLICY = 'PASSIVE'
  OMP_THREAD_LIMIT = '4294967295'
  OMP_MAX_ACTIVE_LEVELS = '2147483647'
  OMP_CANCELLATION = 'FALSE'
  OMP_DEFAULT_DEVICE = '0'
  OMP_MAX_TASK_PRIORITY = '0'
  OMP_DISPLAY_AFFINITY = 'FALSE'
  OMP_AFFINITY_FORMAT = 'level %L thread %i affinity %A'
OPENMP DISPLAY ENVIRONMENT END
