'

OPENMP DISPLAY ENVIRONMENT BEGIN
'
'
'
  OMP_MAX_ACTIVE_LEVELS = '2147483647'
DYNAMIC'
  OMP_NESTED = 'FALSE'
60  OMP_PLACES = '  OMP_DYNAMIC = 'FALSE'
  OMP_PROC_BIND = '  _OPENMP = '201511'

OPENMP DISPLAY ENVIRONMENT BEGIN
  OMP_DYNAMIC = 'FALSE'
},{  OMP_DYNAMIC = 'FALSE'
DYNAMIC  OMP_NESTED = 'FALSE'
{  OMP_SCHEDULE = '6184  OMP_PROC_BIND = '  OMP_NESTED = 'FALSE'
  OMP_DYNAMIC = 'FALSE'
'
  OMP_NUM_THREADS = '9  OMP_PROC_BIND = ''
DYNAMIC},
OPENMP DISPLAY ENVIRONMENT BEGIN
  OMP_NESTED = 'FALSE'
'
SPREADSPREAD  OMP_PROC_BIND = '  OMP_NESTED = 'FALSE'
},'
  OMP_NUM_THREADS = '17  _OPENMP = '201511'

OPENMP DISPLAY ENVIRONMENT BEGIN
  OMP_PROC_BIND = '  OMP_SCHEDULE = ''
  OMP_PROC_BIND = '  OMP_NESTED = 'FALSE'
  OMP_NUM_THREADS = '16  OMP_DYNAMIC = 'FALSE'
{
OPENMP DISPLAY ENVIRONMENT BEGIN
  OMP_NESTED = 'FALSE'
  OMP_CANCELLATION = 'FALSE'
'
  OMP_PROC_BIND = '  OMP_PLACES = '{SPREAD'
  _OPENMP = '201511'
  OMP_PROC_BIND = 'SPREAD'
  OMP_SCHEDULE = '  OMP_DYNAMIC = 'FALSE'
  OMP_NESTED = 'FALSE'
  _OPENMP = '201511'
  OMP_NUM_THREADS = '18'
SPREAD  OMP_NUM_THREADS = '7'
{62  _OPENMP = '201511'
  OMP_DEFAULT_DEVICE = '0'
SPREAD85  OMP_PLACES = '{'
DYNAMIC'
29'
  OMP_DYNAMIC = 'FALSE'
DYNAMIC},  OMP_SCHEDULE = '},  OMP_NUM_THREADS = '11SPREAD'
  OMP_NUM_THREADS = '19{  OMP_DYNAMIC = 'FALSE'
  OMP_SCHEDULE = ''
'
  OMP_PLACES = '  OMP_PLACES = '},'
{{63  OMP_PROC_BIND = ''
  OMP_PROC_BIND = 'DYNAMIC  OMP_PLACES = '},86  OMP_MAX_TASK_PRIORITY = '0'

OPENMP DISPLAY ENVIRONMENT BEGIN
30  OMP_SCHEDULE = '  OMP_PLACES = 'SPREAD  OMP_NESTED = 'FALSE'
},},DYNAMIC{{'
{{  OMP_NESTED = 'FALSE'
'
  OMP_SCHEDULE = 'SPREAD'
'
  OMP_SCHEDULE = '  OMP_NUM_THREADS = '20  OMP_NUM_THREADS = '22  OMP_DISPLAY_AFFINITY = 'FALSE'
3031  OMP_PROC_BIND = '},'
6487{DYNAMIC{},},'
SPREAD{},1{280  OMP_PLACES = '{{DYNAMIC  OMP_PROC_BIND = '58'
  OMP_DYNAMIC = 'FALSE'
'
  OMP_NESTED = 'FALSE'
32SPREAD{},  OMP_SCHEDULE = '6588'
  OMP_NESTED = 'FALSE'
  OMP_PROC_BIND = '{  OMP_AFFINITY_FORMAT = 'level %L thread %i affinity %A'
},},{SPREAD'
{  OMP_PLACES = '56},{},33  OMP_NUM_THREADS = '23DYNAMIC2},{{'
{SPREAD},  OMP_PLACES = '{},DYNAMIC1},{318629},},  OMP_SCHEDULE = '34  OMP_NUM_THREADS = '25'
{'
{},},},OPENMP DISPLAY ENVIRONMENT END
  OMP_NUM_THREADS = '24},{2{8957'
  OMP_PROC_BIND = '  OMP_PROC_BIND = '{'
{'
3},{32'
{},'
'
'
  OMP_PLACES = '},35  OMP_SCHEDULE = '},66{{},59{SPREADDYNAMIC{87  OMP_SCHEDULE = 'SPREAD{5636{  OMP_PLACES = '  OMP_SCHEDULE = '},'
{3},90584},DYNAMICDYNAMIC  OMP_SCHEDULE = '},  OMP_PROC_BIND = '},  OMP_PLACES = '86{},},{DYNAMIC{{{'
},3067{{{},  OMP_PROC_BIND = '37{91},},},  OMP_PROC_BIND = '  OMP_PLACES = ''
},84{{{SPREAD},58DYNAMIC33{5596892'
56SPREAD{SPREAD},},'
{},38'
},'
  OMP_PLACES = '{{  OMP_PROC_BIND = ''
},'
87  OMP_PROC_BIND = '60{},{4'
93  OMP_PLACES = '69},57{},},{},  OMP_PLACES = '{{},{SPREAD  OMP_PLACES = '3130{},94},},{{},{},  OMP_PLACES = '  OMP_PROC_BIND = '39SPREAD},70{},  OMP_PROC_BIND = '{88{{{{6SPREAD},40{088{59{'
34},58},{{{850},},{281},},{{29},257},{3},{},{{30},{5886},{},59},  _OPENMP = '201511'
},95},'
{},{},{7},},},{898SPREAD  _OPENMP = '201511'
},560{},},{{},56'
{},7141},{{},96{961{32  OMP_PLACES = '},{{},  OMP_PLACES = '35},{{{},{{{{{{36904260{6},},{6031{},{},437297},{},{},37{},844'
{44},{45},{46},{47},{48},{49},{50},{51},{52},  OMP_DYNAMIC = 'FALSE'
{  OMP_NESTED = 'FALSE'
53  OMP_NUM_THREADS = '4'
},  OMP_SCHEDULE = 'DYNAMIC'
  OMP_PROC_BIND = 'SPREAD{54'
  OMP_PLACES = '{57},{},{55},{56}'
58  OMP_STACKSIZE = '0'
  OMP_WAIT_POLICY = 'PASSIVE'
},{  OMP_THREAD_LIMIT = '4294967295'
59},{60  OMP_MAX_ACTIVE_LEVELS = '2147483647'
  OMP_CANCELLATION = 'FALSE'
},  OMP_DEFAULT_DEVICE = '0'
  OMP_MAX_TASK_PRIORITY = '0'
{  OMP_DISPLAY_AFFINITY = 'FALSE'
  OMP_AFFINITY_FORMAT = 'level %L thread %i affinity %A'
61OPENMP DISPLAY ENVIRONMENT END
},{62},{63},{64},{65},{66},{67},{68},{69},{701},  OMP_PLACES = '{8757},{38},{39},{40},{41},{42},{43},{44},{45},{46},{47},{48},{49},{50},{51},{52},{53},{54},{55},{56},{57}'
  OMP_STACKSIZE = '0'
  OMP_WAIT_POLICY = 'PASSIVE'
  OMP_THREAD_LIMIT = '4294967295'
  OMP_MAX_ACTIVE_LEVELS = '2147483647'
  OMP_CANCELLATION = 'FALSE'
  OMP_DEFAULT_DEVICE = '0'
  OMP_MAX_TASK_PRIORITY = '0'
  OMP_DISPLAY_AFFINITY = 'FALSE'
  OMP_AFFINITY_FORMAT = 'level %L thread %i affinity %A'
OPENMP DISPLAY ENVIRONMENT END
},},},8959},28{{  OMP_DYNAMIC = 'FALSE'
71},},},{{72{},60{},73{},11},91{},},31{},},28{274{{90{{{6162886161  OMP_PLACES = '},32{{},},},},{},{{{},62},{7398},},},},{{},0{2932{},62},895892},61{},75{{9330},{63},33{{64},},},},{{  OMP_NESTED = 'FALSE'
},},{},{{  OMP_NUM_THREADS = '2159{{'
},{9976},},74{},},100},{},8575{{626329{},{},77{},{{101},{{},6076{},31},102},{},},{{77103{},},61{{8678104{},},{{{9190},},329478},},{},333},{33{},{6362{{},},},34},{{},{},63{{},10579{},{{{79106},},92},{64{107{80},},{},{80},{{1088181},},},{{82{109},{91{95},},87{{9665{},82},34{},},110{},},{83{{}11193}{'
'
65  OMP_STACKSIZE = '0'
  OMP_STACKSIZE = '0'
},{},},356333{1},},464},},  OMP_WAIT_POLICY = 'PASSIVE'
  OMP_WAIT_POLICY = 'PASSIVE'
83{},{},{84}  OMP_SCHEDULE = ''
  OMP_STACKSIZE = '0'
  OMP_WAIT_POLICY = 'PASSIVE'
  OMP_THREAD_LIMIT = '4294967295'
  OMP_MAX_ACTIVE_LEVELS = '2147483647'
  OMP_CANCELLATION = 'FALSE'
  OMP_DEFAULT_DEVICE = '0'
  OMP_MAX_TASK_PRIORITY = '0'
  OMP_DISPLAY_AFFINITY = 'FALSE'
64  OMP_AFFINITY_FORMAT = 'level %L thread %i affinity %A'
{},OPENMP DISPLAY ENVIRONMENT END
DYNAMIC{7  OMP_THREAD_LIMIT = '4294967295'
  OMP_THREAD_LIMIT = '4294967295'
34  OMP_MAX_ACTIVE_LEVELS = '2147483647'
  OMP_MAX_ACTIVE_LEVELS = '2147483647'
66  OMP_CANCELLATION = 'FALSE'
  OMP_CANCELLATION = 'FALSE'
},  OMP_DEFAULT_DEVICE = '0'
  OMP_DEFAULT_DEVICE = '0'
{  OMP_MAX_TASK_PRIORITY = '0'
67  OMP_MAX_TASK_PRIORITY = '0'
94  OMP_DISPLAY_AFFINITY = 'FALSE'
  OMP_DISPLAY_AFFINITY = 'FALSE'
},  OMP_AFFINITY_FORMAT = 'level %L thread %i affinity %A'
  OMP_AFFINITY_FORMAT = 'level %L thread %i affinity %A'
},},},{6468{},},{{{69},},},88{},34{},7065OPENMP DISPLAY ENVIRONMENT END
OPENMP DISPLAY ENVIRONMENT END
{{{{},{8},{{35},},35{95},{{9766},3689},{96},},{},66{{{},26790{{37},},67},},97{{},{91},{68},{},38{},9892{98{35{},{},},68},{},3},{71{{},65925{},},},},{69{{{},99{9{},4},{{{},},'
7266},6{657069{3973},},},9393},  OMP_PROC_BIND = 'SPREAD'
  OMP_PLACES = '},{{10099},},},},{{},{{},74},},{10067{{},1016240},70},30{{{5},{},},{71},{102{},{{},},{6663694{75{101},},},{},{76},{{},77},36{{{7{6872},},},36{{{},},{78},{41},71{{{95{73},10284{6369},},},1037},8},},7},{{{7074{96},},{9},{{},79{{},{},{{71},},},{{{37103{42{{7237},75},{97},},},72{{{10{31},768{},},80},},6710373},{{},8111},{{},8274},},{{},},},98},},{{{8394}{},{{{4377104},},9973{9},{{},{7844},105},},{},{},100{79{},106'
{{45{},104},},{6438},},{{{{{10175108012  OMP_STACKSIZE = '0'
},  OMP_WAIT_POLICY = 'PASSIVE'
},  OMP_THREAD_LIMIT = '4294967295'
{  OMP_MAX_ACTIVE_LEVELS = '2147483647'
{38},{},107{46},},{74{{102},11},81108{},},76},},},13{{{},},77103},82},},{},{{95  OMP_CANCELLATION = 'FALSE'
{10532{{{78831410485}12},},},'
},},},{  OMP_STACKSIZE = '0'
{{79  OMP_WAIT_POLICY = 'PASSIVE'
15105{  OMP_THREAD_LIMIT = '4294967295'
{},},  OMP_MAX_ACTIVE_LEVELS = '2147483647'
},{{  OMP_CANCELLATION = 'FALSE'
1063380},{},},  OMP_DEFAULT_DEVICE = '0'
{{16  OMP_MAX_TASK_PRIORITY = '0'
{107},{},},},{},1347108{  OMP_DISPLAY_AFFINITY = 'FALSE'
},},{  OMP_AFFINITY_FORMAT = 'level %L thread %i affinity %A'
OPENMP DISPLAY ENVIRONMENT END
{109},{109  OMP_DEFAULT_DEVICE = '0'
11{106{{11081},},3968{},},{  OMP_MAX_TASK_PRIORITY = '0'
{},{14},},{{},  OMP_DISPLAY_AFFINITY = 'FALSE'
17  OMP_AFFINITY_FORMAT = 'level %L thread %i affinity %A'
},OPENMP DISPLAY ENVIRONMENT END
{{},8238{86},123910769},},},},},{},{48},},{{{{{111831518}}},96{1339},},{{40},14{11010875'
},{111{},  OMP_STACKSIZE = '0'
},40{  OMP_WAIT_POLICY = 'PASSIVE'
{},{  OMP_THREAD_LIMIT = '4294967295'
112{49  OMP_MAX_ACTIVE_LEVELS = '2147483647'
},{113}'
  OMP_STACKSIZE = '0'
  OMP_WAIT_POLICY = 'PASSIVE'
  OMP_THREAD_LIMIT = '4294967295'
417616  OMP_MAX_ACTIVE_LEVELS = '2147483647'
  OMP_CANCELLATION = 'FALSE'
},  OMP_DEFAULT_DEVICE = '0'
  OMP_CANCELLATION = 'FALSE'
},},},{  OMP_DEFAULT_DEVICE = '0'
  OMP_MAX_TASK_PRIORITY = '0'
{42  OMP_MAX_TASK_PRIORITY = '0'
50{{  OMP_DISPLAY_AFFINITY = 'FALSE'
  OMP_DISPLAY_AFFINITY = 'FALSE'
17{},},{},{},'
{},109},},  OMP_STACKSIZE = '0'
{{  OMP_AFFINITY_FORMAT = 'level %L thread %i affinity %A'
34{  OMP_WAIT_POLICY = 'PASSIVE'
OPENMP DISPLAY ENVIRONMENT END
19{{4115},  OMP_THREAD_LIMIT = '4294967295'
},{},{16},1877},  OMP_AFFINITY_FORMAT = 'level %L thread %i affinity %A'
43{{19},{20},{21},{22},{23},{24},{},},OPENMP DISPLAY ENVIRONMENT END
2551{{},},4478{{},},26  OMP_MAX_ACTIVE_LEVELS = '2147483647'
{},{45  OMP_CANCELLATION = 'FALSE'
{  OMP_DEFAULT_DEVICE = '0'
},2027  OMP_MAX_TASK_PRIORITY = '0'
{},}},},4042},{},{{{17},},{4352},{7918},{},},44{{},19{{5345},80},{},{2046},},{},{{2154{},81{22},{23},{24},{25},47},},},{{{4826},{49},{},50},{{51},{{275552}},'
82{  OMP_STACKSIZE = '0'
},  OMP_WAIT_POLICY = 'PASSIVE'
9753{},  OMP_THREAD_LIMIT = '4294967295'
41  OMP_MAX_ACTIVE_LEVELS = '2147483647'
{{  OMP_CANCELLATION = 'FALSE'
54  OMP_DISPLAY_AFFINITY = 'FALSE'
  OMP_DEFAULT_DEVICE = '0'
2146'
},  OMP_STACKSIZE = '0'
{},  OMP_WAIT_POLICY = 'PASSIVE'
  OMP_AFFINITY_FORMAT = 'level %L thread %i affinity %A'
47},{  OMP_THREAD_LIMIT = '4294967295'
48OPENMP DISPLAY ENVIRONMENT END
},{49},{  OMP_MAX_ACTIVE_LEVELS = '2147483647'
50},{  OMP_CANCELLATION = 'FALSE'
51  OMP_DEFAULT_DEVICE = '0'
  OMP_MAX_TASK_PRIORITY = '0'
  OMP_DISPLAY_AFFINITY = 'FALSE'
},{{5222  OMP_AFFINITY_FORMAT = 'level %L thread %i affinity %A'
},},},OPENMP DISPLAY ENVIRONMENT END
{{53},{54},{5570}'
  OMP_STACKSIZE = '0'
  OMP_WAIT_POLICY = 'PASSIVE'
  OMP_THREAD_LIMIT = '4294967295'
  OMP_MAX_ACTIVE_LEVELS = '2147483647'
  OMP_CANCELLATION = 'FALSE'
  OMP_DEFAULT_DEVICE = '0'
  OMP_MAX_TASK_PRIORITY = '0'
  OMP_DISPLAY_AFFINITY = 'FALSE'
  OMP_AFFINITY_FORMAT = 'level %L thread %i affinity %A'
OPENMP DISPLAY ENVIRONMENT END
5},  OMP_MAX_TASK_PRIORITY = '0'
},{  OMP_DISPLAY_AFFINITY = 'FALSE'
{},{{110{87},55},}},{  OMP_AFFINITY_FORMAT = 'level %L thread %i affinity %A'
{'
OPENMP DISPLAY ENVIRONMENT END
{  OMP_STACKSIZE = '0'
35  OMP_WAIT_POLICY = 'PASSIVE'
88},  OMP_THREAD_LIMIT = '4294967295'
23  OMP_MAX_ACTIVE_LEVELS = '2147483647'
},{  OMP_CANCELLATION = 'FALSE'
{{{},  OMP_DEFAULT_DEVICE = '0'
},4283{  OMP_MAX_TASK_PRIORITY = '0'
{  OMP_DISPLAY_AFFINITY = 'FALSE'
24  OMP_AFFINITY_FORMAT = 'level %L thread %i affinity %A'
36OPENMP DISPLAY ENVIRONMENT END
897156111},},},},},98{},{{{{},{},72{},{11257{37},}12},{84},{'
1390},25{},43},},{14},},},  OMP_STACKSIZE = '0'
65{{  OMP_WAIT_POLICY = 'PASSIVE'
1138515  OMP_THREAD_LIMIT = '4294967295'
},}}'
{{  OMP_MAX_ACTIVE_LEVELS = '2147483647'
{'
},{},{  OMP_CANCELLATION = 'FALSE'
16  OMP_STACKSIZE = '0'
  OMP_STACKSIZE = '0'
  OMP_DEFAULT_DEVICE = '0'
{  OMP_WAIT_POLICY = 'PASSIVE'
  OMP_WAIT_POLICY = 'PASSIVE'
  OMP_THREAD_LIMIT = '4294967295'
{9991{  OMP_MAX_TASK_PRIORITY = '0'
66  OMP_THREAD_LIMIT = '4294967295'
7326},38},  OMP_DISPLAY_AFFINITY = 'FALSE'
},  OMP_AFFINITY_FORMAT = 'level %L thread %i affinity %A'
44  OMP_MAX_ACTIVE_LEVELS = '2147483647'
},OPENMP DISPLAY ENVIRONMENT END
  OMP_MAX_ACTIVE_LEVELS = '2147483647'
},},  OMP_CANCELLATION = 'FALSE'
  OMP_DEFAULT_DEVICE = '0'
{17},{},{  OMP_CANCELLATION = 'FALSE'
{{  OMP_MAX_TASK_PRIORITY = '0'
  OMP_DISPLAY_AFFINITY = 'FALSE'
  OMP_AFFINITY_FORMAT = 'level %L thread %i affinity %A'
OPENMP DISPLAY ENVIRONMENT END
6727{  OMP_DEFAULT_DEVICE = '0'
}{'
74},},92  OMP_MAX_TASK_PRIORITY = '0'
100{{  OMP_DISPLAY_AFFINITY = 'FALSE'
  OMP_STACKSIZE = '0'
45  OMP_WAIT_POLICY = 'PASSIVE'
},},},68},  OMP_AFFINITY_FORMAT = 'level %L thread %i affinity %A'
  OMP_THREAD_LIMIT = '4294967295'
{OPENMP DISPLAY ENVIRONMENT END
  OMP_MAX_ACTIVE_LEVELS = '2147483647'
},{18  OMP_CANCELLATION = 'FALSE'
{  OMP_DEFAULT_DEVICE = '0'
6993{},  OMP_MAX_TASK_PRIORITY = '0'
},},39{19},{20},{21},{22},{{  OMP_DISPLAY_AFFINITY = 'FALSE'
23},70  OMP_AFFINITY_FORMAT = 'level %L thread %i affinity %A'
{},},{24},{25},{26},{27},{28{{},{29}'
101{75  OMP_STACKSIZE = '0'
OPENMP DISPLAY ENVIRONMENT END
71},{72},40  OMP_WAIT_POLICY = 'PASSIVE'
},{},  OMP_THREAD_LIMIT = '4294967295'
{{},4694{73  OMP_MAX_ACTIVE_LEVELS = '2147483647'
},{41  OMP_CANCELLATION = 'FALSE'
10295},{96},},{97{},{  OMP_DEFAULT_DEVICE = '0'
},47},},{},{{{  OMP_MAX_TASK_PRIORITY = '0'
  OMP_DISPLAY_AFFINITY = 'FALSE'
{7410342  OMP_AFFINITY_FORMAT = 'level %L thread %i affinity %A'
OPENMP DISPLAY ENVIRONMENT END
9876},{75},},{},},{76},{77},{7899},},},{100},{{48{79},{{80},101},{43104102},},{{},{4910344},{81},{82},{83},{},{104},84},{105},{106},{107},{{{},{85}'
  OMP_STACKSIZE = '0'
  OMP_WAIT_POLICY = 'PASSIVE'
  OMP_THREAD_LIMIT = '4294967295'
  OMP_MAX_ACTIVE_LEVELS = '2147483647'
  OMP_CANCELLATION = 'FALSE'
  OMP_DEFAULT_DEVICE = '0'
  OMP_MAX_TASK_PRIORITY = '0'
  OMP_DISPLAY_AFFINITY = 'FALSE'
  OMP_AFFINITY_FORMAT = 'level %L thread %i affinity %A'
OPENMP DISPLAY ENVIRONMENT END
},{108},10545{{77},50109},{},},46},{110},{111}'
{},{{{  OMP_STACKSIZE = '0'
5147106  OMP_WAIT_POLICY = 'PASSIVE'
},},},  OMP_THREAD_LIMIT = '4294967295'
{{78  OMP_MAX_ACTIVE_LEVELS = '2147483647'
48{  OMP_CANCELLATION = 'FALSE'
},},107  OMP_DEFAULT_DEVICE = '0'
{{52  OMP_MAX_TASK_PRIORITY = '0'
},4979  OMP_DISPLAY_AFFINITY = 'FALSE'
},},},  OMP_AFFINITY_FORMAT = 'level %L thread %i affinity %A'
},{{OPENMP DISPLAY ENVIRONMENT END
50{},{{1085180},},{},5253},{{{53109},81{},54},},},{{55}{'
{  OMP_STACKSIZE = '0'
110  OMP_WAIT_POLICY = 'PASSIVE'
  OMP_THREAD_LIMIT = '4294967295'
  OMP_MAX_ACTIVE_LEVELS = '2147483647'
  OMP_CANCELLATION = 'FALSE'
  OMP_DEFAULT_DEVICE = '0'
  OMP_MAX_TASK_PRIORITY = '0'
  OMP_DISPLAY_AFFINITY = 'FALSE'
  OMP_AFFINITY_FORMAT = 'level %L thread %i affinity %A'
OPENMP DISPLAY ENVIRONMENT END
54},{826},{7},{8{},},{},55{}'
{9},  OMP_STACKSIZE = '0'
{111}  OMP_WAIT_POLICY = 'PASSIVE'
  OMP_THREAD_LIMIT = '4294967295'
  OMP_MAX_ACTIVE_LEVELS = '2147483647'
83}'
  OMP_STACKSIZE = '0'
  OMP_WAIT_POLICY = 'PASSIVE'
  OMP_THREAD_LIMIT = '4294967295'
  OMP_MAX_ACTIVE_LEVELS = '2147483647'
  OMP_CANCELLATION = 'FALSE'
  OMP_DEFAULT_DEVICE = '0'
'
10  OMP_STACKSIZE = '0'
  OMP_MAX_TASK_PRIORITY = '0'
  OMP_DISPLAY_AFFINITY = 'FALSE'
  OMP_WAIT_POLICY = 'PASSIVE'
  OMP_AFFINITY_FORMAT = 'level %L thread %i affinity %A'
OPENMP DISPLAY ENVIRONMENT END
  OMP_CANCELLATION = 'FALSE'
  OMP_DEFAULT_DEVICE = '0'
  OMP_MAX_TASK_PRIORITY = '0'
  OMP_DISPLAY_AFFINITY = 'FALSE'
  OMP_AFFINITY_FORMAT = 'level %L thread %i affinity %A'
OPENMP DISPLAY ENVIRONMENT END
  OMP_THREAD_LIMIT = '4294967295'
  OMP_MAX_ACTIVE_LEVELS = '2147483647'
  OMP_CANCELLATION = 'FALSE'
  OMP_DEFAULT_DEVICE = '0'
  OMP_MAX_TASK_PRIORITY = '0'
  OMP_DISPLAY_AFFINITY = 'FALSE'
  OMP_AFFINITY_FORMAT = 'level %L thread %i affinity %A'
OPENMP DISPLAY ENVIRONMENT END
},{11},{12},{13},{14},{15},{16},{17},{18},{19},{20},{21},{22},{23},{24},{25},{26},{27}'
  OMP_STACKSIZE = '0'
  OMP_WAIT_POLICY = 'PASSIVE'
  OMP_THREAD_LIMIT = '4294967295'
  OMP_MAX_ACTIVE_LEVELS = '2147483647'
  OMP_CANCELLATION = 'FALSE'
  OMP_DEFAULT_DEVICE = '0'
  OMP_MAX_TASK_PRIORITY = '0'
  OMP_DISPLAY_AFFINITY = 'FALSE'
  OMP_AFFINITY_FORMAT = 'level %L thread %i affinity %A'
OPENMP DISPLAY ENVIRONMENT END
