  _OPENMP = '201511'
{  OMP_PROC_BIND = '{  _OPENMP = '201511'
  OMP_WAIT_POLICY = 'PASSIVE'
  OMP_NUM_THREADS = '15'
  _OPENMP = '201511'
  OMP_DYNAMIC = 'FALSE'
SPREAD  OMP_THREAD_LIMIT = '4294967295'
  OMP_NESTED = 'FALSE'
  OMP_NESTED = 'FALSE'
  OMP_NUM_THREADS = '25  OMP_NESTED = 'FALSE'
  OMP_MAX_ACTIVE_LEVELS = '2147483647'
8558},  OMP_SCHEDULE = 'DYNAMIC'
  OMP_NUM_THREADS = '19  OMP_PROC_BIND = '  OMP_DYNAMIC = 'FALSE'
  _OPENMP = '201511'
  OMP_CANCELLATION = 'FALSE'
'
  OMP_NUM_THREADS = '12  OMP_PROC_BIND = 'SPREAD  _OPENMP = '201511'
  OMP_DYNAMIC = 'FALSE'
  OMP_NESTED = 'FALSE'
},  OMP_DEFAULT_DEVICE = '0'

OPENMP DISPLAY ENVIRONMENT BEGIN

OPENMP DISPLAY ENVIRONMENT BEGIN
  OMP_SCHEDULE = '  OMP_NESTED = 'FALSE'
},  OMP_MAX_TASK_PRIORITY = '0'
  OMP_DYNAMIC = 'FALSE'
  OMP_DISPLAY_AFFINITY = 'FALSE'
'
  OMP_NUM_THREADS = '28SPREAD'
  OMP_NESTED = 'FALSE'
  OMP_DYNAMIC = 'FALSE'
  OMP_SCHEDULE = '  OMP_DYNAMIC = 'FALSE'
{'
  _OPENMP = '201511'
  OMP_AFFINITY_FORMAT = 'level %L thread %i affinity %A'
OPENMP DISPLAY ENVIRONMENT END
  OMP_NESTED = 'FALSE'
SPREAD{'
  OMP_PLACES = ''
  OMP_PLACES = '{  OMP_PLACES = ''
  OMP_NUM_THREADS = '16  OMP_DYNAMIC = 'FALSE'
{{DYNAMIC'
  OMP_NESTED = 'FALSE'
'
  OMP_NESTED = 'FALSE'
  OMP_NUM_THREADS = '10  OMP_PROC_BIND = '
OPENMP DISPLAY ENVIRONMENT BEGIN
  OMP_DYNAMIC = 'FALSE'
  OMP_NESTED = 'FALSE'
56  OMP_SCHEDULE = '  OMP_NUM_THREADS = '17DYNAMIC'
  OMP_SCHEDULE = '  OMP_NUM_THREADS = '6'
  OMP_NESTED = 'FALSE'
  _OPENMP = '201511'
59{},  OMP_SCHEDULE = ''
  OMP_SCHEDULE = '2986},'
  OMP_NESTED = 'FALSE'
SPREAD  OMP_SCHEDULE = ''
  OMP_NUM_THREADS = '136  OMP_SCHEDULE = 'DYNAMIC},  OMP_NUM_THREADS = '26{  OMP_NESTED = 'FALSE'
  OMP_DYNAMIC = 'FALSE'
  OMP_NUM_THREADS = '24DYNAMIC'
},  OMP_NUM_THREADS = '20'
'
  OMP_PROC_BIND = '{'
  OMP_PLACES = '{30'
  OMP_SCHEDULE = 'DYNAMICDYNAMIC{2857DYNAMIC'
60DYNAMIC},},{},{},  OMP_NUM_THREADS = '21'
  OMP_SCHEDULE = '  OMP_NESTED = 'FALSE'
'
  OMP_PROC_BIND = '  OMP_SCHEDULE = ''
{},'
  OMP_SCHEDULE = '  OMP_SCHEDULE = '1},{  OMP_SCHEDULE = ''
'
  OMP_NUM_THREADS = '3'
87{SPREAD58{DYNAMIC  OMP_PLACES = 'DYNAMIC},2SPREAD},29DYNAMIC  OMP_NUM_THREADS = '22  _OPENMP = '201511'
  OMP_PROC_BIND = '61  OMP_PROC_BIND = ''
DYNAMICDYNAMIC7{},SPREAD  OMP_PROC_BIND = '{{'
},'
  OMP_PROC_BIND = ''
31{'
SPREAD'
'
  OMP_PROC_BIND = 'SPREAD},59{  OMP_PLACES = ''
SPREAD8862},  OMP_PROC_BIND = '  OMP_SCHEDULE = 'SPREAD'
{'
},},{30  OMP_PROC_BIND = '60},{},{},{89},{90{  OMP_PROC_BIND = ''
{{3},{4},{  OMP_SCHEDULE = '  OMP_PROC_BIND = ''
'
  OMP_PLACES = ''
  OMP_PROC_BIND = 'DYNAMIC{  OMP_PLACES = ''
  OMP_PROC_BIND = 'SPREAD'
  OMP_PLACES = 'SPREAD30{},  OMP_PLACES = '61},SPREAD5{SPREAD  OMP_DYNAMIC = 'FALSE'
32SPREAD{DYNAMIC{  OMP_PLACES = '},{6'
'
},},  OMP_PLACES = '  OMP_PROC_BIND = '884{DYNAMIC56  OMP_PLACES = '{  OMP_PLACES = '{  OMP_SCHEDULE = ''
2863},91},},{{{92},{93},{},'
{319433},},},64{SPREAD{{SPREAD},29{},{'
},  OMP_PLACES = '{{},},56'
'
'
DYNAMIC34{95{7},},'
{{},{8556'
8631{2},65},},  OMP_PLACES = '62{},{{  OMP_PLACES = '{  OMP_PROC_BIND = 'SPREAD3028  OMP_PLACES = '},},{'
  OMP_PLACES = '{{{57  OMP_NESTED = 'FALSE'
  OMP_PROC_BIND = '{},84},},57{35},9666},32  OMP_PROC_BIND = '30{{},{5886},{},  OMP_NUM_THREADS = '23},{{87{},},36{},3},SPREAD{{SPREAD{58{},},},29{32{6386{'
8},{31{{85},{97{5758},{},},318767},},},9},{{},37},58},{{},'
59{},{{{59033},'
59},  OMP_PLACES = '{87},},98{3288{{4{{9  OMP_PLACES = '},},{3230{},},3868},},{{69},11},{59},{39{},},},},},88{{},},{99},{{},{100{  OMP_PLACES = '70{34{},{33  OMP_SCHEDULE = '0{606486{},105860{{},{4033{{},},{},},{{},},101{},{{102},{103},{104},7141},{{72},},{5},1},},DYNAMIC1{},{},},{8912{6106033{59{},{6'
},88{{105},42{},},{34},{84},{},},},},},43{6035  OMP_PROC_BIND = '},65},{},73{{},},231},89{{{},{{106{{612},871334},},{66{},44},},7462},},60{90},{},3},SPREAD{},{{{{{{},},},{85454{6189{},},},},{7{3{{},90{34{},{35327561},},},},'
{},{  OMP_PLACES = '5{62},{},{61{149111{9163{},28},},{},88{{},},86},{6},{35},},{{107{46},},},{},67{36{},{},{36{891{},},62{37},{38},{39},{440{68},{},},36{{6915{63},},64},},},{{{},33762{{{},},9290},{},{65},875{},{{47},76},10837},{},{41},},{{6370},{},},},9048{},},{356{62{},{92109},{{},{{},},},2949{},37{{{238},16},{},},{{38{{17},39{{{},66{},811077},{},},{91{4293},{7},},71},},3{},},{},{18},},64{91{{94},{{},{9240{},{7243},865{{},},},6439{},},{3440{},},{95{},19},{50{{20111},{},},{92934{44},{},},},45112{},{},}{73{51{'
78},46},94  OMP_STACKSIZE = '0'
},},{},  OMP_WAIT_POLICY = 'PASSIVE'
{{52{884730{9},},},},{{66{{},},{{{{9565744835996},1067},},{68},},{11},{{{{},8{{6341},},},},12{  OMP_THREAD_LIMIT = '4294967295'
},},{49{  OMP_MAX_ACTIVE_LEVELS = '2147483647'
},},{96  OMP_CANCELLATION = 'FALSE'
79{53},  OMP_DEFAULT_DEVICE = '0'
10},50  OMP_MAX_TASK_PRIORITY = '0'
{},{},},  OMP_DISPLAY_AFFINITY = 'FALSE'
{54{  OMP_AFFINITY_FORMAT = 'level %L thread %i affinity %A'
51},97OPENMP DISPLAY ENVIRONMENT END
{75{{},{{93{2154142{},},},{},{55{12},69{},8089},67{6{43},3113},},{},},},70{},},},{{{{{{933236{},90},},},},},{{{{714491714},{{},},{{},{{56981},{{}115276{},},98'
},{{  OMP_STACKSIZE = '0'
},8277  OMP_WAIT_POLICY = 'PASSIVE'
},},},97},},6422  OMP_THREAD_LIMIT = '4294967295'
},  OMP_MAX_ACTIVE_LEVELS = '2147483647'
{},{{684594{},},{},{},{78},{42{{},8{},23{{},},{{46959969{},{4383},{{},24},{9666  OMP_CANCELLATION = 'FALSE'
},},},  OMP_DEFAULT_DEVICE = '0'
36{{  OMP_MAX_TASK_PRIORITY = '0'
7284},{  OMP_DISPLAY_AFFINITY = 'FALSE'
12{7967},5398},},},{15},{933{80},{},},{},},{{},{47},{99},3794},70{},},},100{{},{{{25},{{4438715497{},},},13{},{73},},37},10{{{},{},},4595{165510}{  OMP_AFFINITY_FORMAT = 'level %L thread %i affinity %A'
'
1011374100{{48  OMP_STACKSIZE = '0'
68},}'
  OMP_STACKSIZE = '0'
},81  OMP_WAIT_POLICY = 'PASSIVE'
},  OMP_THREAD_LIMIT = '4294967295'
{{{{},6526},{38  OMP_WAIT_POLICY = 'PASSIVE'
11  OMP_THREAD_LIMIT = '4294967295'
},OPENMP DISPLAY ENVIRONMENT END
},  OMP_MAX_ACTIVE_LEVELS = '2147483647'
{  OMP_CANCELLATION = 'FALSE'
},  OMP_DEFAULT_DEVICE = '0'
39  OMP_MAX_TASK_PRIORITY = '0'
},  OMP_DISPLAY_AFFINITY = 'FALSE'
{  OMP_AFFINITY_FORMAT = 'level %L thread %i affinity %A'
OPENMP DISPLAY ENVIRONMENT END
{  OMP_MAX_ACTIVE_LEVELS = '2147483647'
},},{  OMP_CANCELLATION = 'FALSE'
{96{12101},{{274998},72{4611},},},50},{{},},12{},75{{{},{3451{},},{1713},5276},{},},{{},{  OMP_DEFAULT_DEVICE = '0'
},},53  OMP_MAX_TASK_PRIORITY = '0'
},14},},82  OMP_DISPLAY_AFFINITY = 'FALSE'
{{{18},},{{{{1428},99{},{29}'
  OMP_STACKSIZE = '0'
{},},6647{},},},40{{{{  OMP_WAIT_POLICY = 'PASSIVE'
{10013  OMP_THREAD_LIMIT = '4294967295'
67{},48},{},},{  OMP_MAX_ACTIVE_LEVELS = '2147483647'
{4915  OMP_CANCELLATION = 'FALSE'
5473},  OMP_DEFAULT_DEVICE = '0'
},},{  OMP_MAX_TASK_PRIORITY = '0'
{{3915  OMP_AFFINITY_FORMAT = 'level %L thread %i affinity %A'
10210216OPENMP DISPLAY ENVIRONMENT END
},},97{},{},{},83},}41103},'
69{},  OMP_STACKSIZE = '0'
},},{  OMP_WAIT_POLICY = 'PASSIVE'
},16{{{},{  OMP_THREAD_LIMIT = '4294967295'
55{17  OMP_MAX_ACTIVE_LEVELS = '2147483647'
}1041740},{41},  OMP_CANCELLATION = 'FALSE'
70},},  OMP_DEFAULT_DEVICE = '0'
{'
},  OMP_STACKSIZE = '0'
  OMP_MAX_TASK_PRIORITY = '0'
{},  OMP_WAIT_POLICY = 'PASSIVE'
{  OMP_THREAD_LIMIT = '4294967295'
{  OMP_MAX_ACTIVE_LEVELS = '2147483647'
77  OMP_CANCELLATION = 'FALSE'
},18{{},},{  OMP_DEFAULT_DEVICE = '0'
74},  OMP_DISPLAY_AFFINITY = 'FALSE'
{101985014  OMP_AFFINITY_FORMAT = 'level %L thread %i affinity %A'
},},OPENMP DISPLAY ENVIRONMENT END
{},},{{},19{  OMP_MAX_TASK_PRIORITY = '0'
75},51},{52},{53{  OMP_DISPLAY_AFFINITY = 'FALSE'
},{},20102  OMP_AFFINITY_FORMAT = 'level %L thread %i affinity %A'
{{},},OPENMP DISPLAY ENVIRONMENT END
76{{21{},92{{2219},78{},23},},{{{2420},},{{1842  OMP_DISPLAY_AFFINITY = 'FALSE'
14  OMP_AFFINITY_FORMAT = 'level %L thread %i affinity %A'
105},},},},{OPENMP DISPLAY ENVIRONMENT END
{{{{1064319{},25{},},{2026},{{27},}{107'
21},  OMP_STACKSIZE = '0'
},{  OMP_WAIT_POLICY = 'PASSIVE'
10815{},},{},22{109},},},{5444},71103{{{{  OMP_THREAD_LIMIT = '4294967295'
{110  OMP_MAX_ACTIVE_LEVELS = '2147483647'
},682342},},{{},24{},111{{}{259915},},{'
},  OMP_STACKSIZE = '0'
  OMP_CANCELLATION = 'FALSE'
26  OMP_WAIT_POLICY = 'PASSIVE'
  OMP_DEFAULT_DEVICE = '0'
},  OMP_MAX_TASK_PRIORITY = '0'
  OMP_THREAD_LIMIT = '4294967295'
103},},7716},},{},},{{  OMP_DISPLAY_AFFINITY = 'FALSE'
{  OMP_AFFINITY_FORMAT = 'level %L thread %i affinity %A'
104OPENMP DISPLAY ENVIRONMENT END
5563},},78},},{56},{{},57{43{{}{{{'
  OMP_STACKSIZE = '0'
  OMP_WAIT_POLICY = 'PASSIVE'
  OMP_THREAD_LIMIT = '4294967295'
  OMP_MAX_ACTIVE_LEVELS = '2147483647'
  OMP_CANCELLATION = 'FALSE'
  OMP_DEFAULT_DEVICE = '0'
  OMP_MAX_TASK_PRIORITY = '0'
  OMP_DISPLAY_AFFINITY = 'FALSE'
  OMP_AFFINITY_FORMAT = 'level %L thread %i affinity %A'
OPENMP DISPLAY ENVIRONMENT END
},79},10010516{},},{80},{69},64},{  OMP_MAX_ACTIVE_LEVELS = '2147483647'
},79{106{65},{66},{67},{68},{69},{{45},},8172{{},{107},{4682{},},},73{17{{108},83{},{},},{74{478470},{{17{10144},},109},27{71},  OMP_CANCELLATION = 'FALSE'
},},},},{{{{{72},{73},{74},{75},{76},{85},110},}7721},93{{78},},80{},79{},},{2280{},},{8181{},},23{{82},82{83}35'
  OMP_STACKSIZE = '0'
  OMP_WAIT_POLICY = 'PASSIVE'
  OMP_THREAD_LIMIT = '4294967295'
  OMP_MAX_ACTIVE_LEVELS = '2147483647'
},},  OMP_CANCELLATION = 'FALSE'
},  OMP_DEFAULT_DEVICE = '0'
{  OMP_MAX_TASK_PRIORITY = '0'
{  OMP_DISPLAY_AFFINITY = 'FALSE'
83  OMP_AFFINITY_FORMAT = 'level %L thread %i affinity %A'
24OPENMP DISPLAY ENVIRONMENT END
}{75},{76},{'
},},{102},18}{  OMP_DEFAULT_DEVICE = '0'
'
'
{  OMP_STACKSIZE = '0'
{  OMP_MAX_TASK_PRIORITY = '0'
{103},},48  OMP_STACKSIZE = '0'
{  OMP_WAIT_POLICY = 'PASSIVE'
104  OMP_STACKSIZE = '0'
},251894},{  OMP_WAIT_POLICY = 'PASSIVE'
{},  OMP_WAIT_POLICY = 'PASSIVE'
  OMP_THREAD_LIMIT = '4294967295'
70  OMP_THREAD_LIMIT = '4294967295'
{  OMP_DISPLAY_AFFINITY = 'FALSE'
},  OMP_MAX_ACTIVE_LEVELS = '2147483647'
  OMP_AFFINITY_FORMAT = 'level %L thread %i affinity %A'
49OPENMP DISPLAY ENVIRONMENT END
19  OMP_CANCELLATION = 'FALSE'
  OMP_DEFAULT_DEVICE = '0'
  OMP_MAX_TASK_PRIORITY = '0'
  OMP_DISPLAY_AFFINITY = 'FALSE'
  OMP_AFFINITY_FORMAT = 'level %L thread %i affinity %A'
OPENMP DISPLAY ENVIRONMENT END
},},{{},{457719{{},{  OMP_MAX_ACTIVE_LEVELS = '2147483647'
50  OMP_CANCELLATION = 'FALSE'
11126  OMP_THREAD_LIMIT = '4294967295'
  OMP_DEFAULT_DEVICE = '0'
},},  OMP_MAX_ACTIVE_LEVELS = '2147483647'
  OMP_MAX_TASK_PRIORITY = '0'
{{2071},},},},},{{{  OMP_CANCELLATION = 'FALSE'
  OMP_DISPLAY_AFFINITY = 'FALSE'
{104{{105{{727820},},},},21},{51{},},},21{27{},{{{7352{4679},106  OMP_AFFINITY_FORMAT = 'level %L thread %i affinity %A'
},}2236},OPENMP DISPLAY ENVIRONMENT END
112105  OMP_DEFAULT_DEVICE = '0'
{},},  OMP_MAX_TASK_PRIORITY = '0'
},{},  OMP_DISPLAY_AFFINITY = 'FALSE'
{{11322  OMP_AFFINITY_FORMAT = 'level %L thread %i affinity %A'
'
}  OMP_STACKSIZE = '0'
},106},OPENMP DISPLAY ENVIRONMENT END
47'
{},},{  OMP_WAIT_POLICY = 'PASSIVE'
{  OMP_THREAD_LIMIT = '4294967295'
80  OMP_MAX_ACTIVE_LEVELS = '2147483647'
  OMP_STACKSIZE = '0'
},{  OMP_CANCELLATION = 'FALSE'
107  OMP_DEFAULT_DEVICE = '0'
  OMP_WAIT_POLICY = 'PASSIVE'
{  OMP_THREAD_LIMIT = '4294967295'
  OMP_MAX_ACTIVE_LEVELS = '2147483647'
  OMP_MAX_TASK_PRIORITY = '0'
  OMP_CANCELLATION = 'FALSE'
  OMP_DEFAULT_DEVICE = '0'
  OMP_DISPLAY_AFFINITY = 'FALSE'
  OMP_MAX_TASK_PRIORITY = '0'
95  OMP_DISPLAY_AFFINITY = 'FALSE'
  OMP_AFFINITY_FORMAT = 'level %L thread %i affinity %A'
  OMP_AFFINITY_FORMAT = 'level %L thread %i affinity %A'
OPENMP DISPLAY ENVIRONMENT END
},},23OPENMP DISPLAY ENVIRONMENT END
},{96{{23},{{81},108{3774{},},{97},{48},{98},{99{38},},{{{10075},49},107{{{},},3953101{},82},},{},{102},{103},{},104},40{},{},{},{2424{54},10950},{},},{},83{55105{{}},{106},{107},41}},{{},110108'
{'
},2542},{  OMP_STACKSIZE = '0'
},},109},{110  OMP_WAIT_POLICY = 'PASSIVE'
{{},  OMP_THREAD_LIMIT = '4294967295'
76111{  OMP_MAX_ACTIVE_LEVELS = '2147483647'
},{108  OMP_CANCELLATION = 'FALSE'
43{{{  OMP_STACKSIZE = '0'
26},}51111}25'
{{},  OMP_STACKSIZE = '0'
  OMP_WAIT_POLICY = 'PASSIVE'
  OMP_THREAD_LIMIT = '4294967295'
  OMP_MAX_ACTIVE_LEVELS = '2147483647'
  OMP_CANCELLATION = 'FALSE'
7744{  OMP_DEFAULT_DEVICE = '0'
},},52  OMP_DEFAULT_DEVICE = '0'
  OMP_MAX_TASK_PRIORITY = '0'
'
{  OMP_MAX_TASK_PRIORITY = '0'
  OMP_DISPLAY_AFFINITY = 'FALSE'
  OMP_WAIT_POLICY = 'PASSIVE'
45  OMP_DISPLAY_AFFINITY = 'FALSE'
  OMP_AFFINITY_FORMAT = 'level %L thread %i affinity %A'
},},  OMP_STACKSIZE = '0'
OPENMP DISPLAY ENVIRONMENT END
  OMP_AFFINITY_FORMAT = 'level %L thread %i affinity %A'
{OPENMP DISPLAY ENVIRONMENT END
46  OMP_WAIT_POLICY = 'PASSIVE'
},  OMP_THREAD_LIMIT = '4294967295'
{  OMP_THREAD_LIMIT = '4294967295'
47  OMP_MAX_ACTIVE_LEVELS = '2147483647'
},  OMP_MAX_ACTIVE_LEVELS = '2147483647'
{  OMP_CANCELLATION = 'FALSE'
48{},  OMP_DEFAULT_DEVICE = '0'
{  OMP_CANCELLATION = 'FALSE'
4927},  OMP_DEFAULT_DEVICE = '0'
{}50  OMP_MAX_TASK_PRIORITY = '0'
},  OMP_MAX_TASK_PRIORITY = '0'
{  OMP_DISPLAY_AFFINITY = 'FALSE'
51'
  OMP_STACKSIZE = '0'
},  OMP_DISPLAY_AFFINITY = 'FALSE'
{  OMP_WAIT_POLICY = 'PASSIVE'
52  OMP_AFFINITY_FORMAT = 'level %L thread %i affinity %A'
},  OMP_AFFINITY_FORMAT = 'level %L thread %i affinity %A'
{  OMP_THREAD_LIMIT = '4294967295'
53OPENMP DISPLAY ENVIRONMENT END
},OPENMP DISPLAY ENVIRONMENT END
{  OMP_MAX_ACTIVE_LEVELS = '2147483647'
54  OMP_CANCELLATION = 'FALSE'
  OMP_DEFAULT_DEVICE = '0'
  OMP_MAX_TASK_PRIORITY = '0'
  OMP_DISPLAY_AFFINITY = 'FALSE'
  OMP_AFFINITY_FORMAT = 'level %L thread %i affinity %A'
OPENMP DISPLAY ENVIRONMENT END
{},},},{2655{},}{'
},  OMP_STACKSIZE = '0'
10953  OMP_WAIT_POLICY = 'PASSIVE'
{  OMP_THREAD_LIMIT = '4294967295'
},},  OMP_MAX_ACTIVE_LEVELS = '2147483647'
{  OMP_CANCELLATION = 'FALSE'
{  OMP_DEFAULT_DEVICE = '0'
27  OMP_MAX_TASK_PRIORITY = '0'
78  OMP_DISPLAY_AFFINITY = 'FALSE'
{  OMP_AFFINITY_FORMAT = 'level %L thread %i affinity %A'
110OPENMP DISPLAY ENVIRONMENT END
},},54},{{{7928},},},{80},{111},{{552981},},}{56'
{112},},{  OMP_STACKSIZE = '0'
{113}  OMP_WAIT_POLICY = 'PASSIVE'
'
  OMP_STACKSIZE = '0'
  OMP_THREAD_LIMIT = '4294967295'
  OMP_MAX_ACTIVE_LEVELS = '2147483647'
57}{  OMP_WAIT_POLICY = 'PASSIVE'
  OMP_CANCELLATION = 'FALSE'
82'
},{  OMP_STACKSIZE = '0'
  OMP_WAIT_POLICY = 'PASSIVE'
  OMP_THREAD_LIMIT = '4294967295'
  OMP_MAX_ACTIVE_LEVELS = '2147483647'
83  OMP_DEFAULT_DEVICE = '0'
  OMP_THREAD_LIMIT = '4294967295'
  OMP_CANCELLATION = 'FALSE'
  OMP_DEFAULT_DEVICE = '0'
  OMP_MAX_ACTIVE_LEVELS = '2147483647'
  OMP_MAX_TASK_PRIORITY = '0'
  OMP_MAX_TASK_PRIORITY = '0'
},  OMP_CANCELLATION = 'FALSE'
  OMP_DEFAULT_DEVICE = '0'
  OMP_DISPLAY_AFFINITY = 'FALSE'
  OMP_MAX_TASK_PRIORITY = '0'
{  OMP_AFFINITY_FORMAT = 'level %L thread %i affinity %A'
OPENMP DISPLAY ENVIRONMENT END
84},{85}'
  OMP_STACKSIZE = '0'
  OMP_WAIT_POLICY = 'PASSIVE'
  OMP_THREAD_LIMIT = '4294967295'
  OMP_DISPLAY_AFFINITY = 'FALSE'
  OMP_AFFINITY_FORMAT = 'level %L thread %i affinity %A'
OPENMP DISPLAY ENVIRONMENT END
  OMP_MAX_ACTIVE_LEVELS = '2147483647'
  OMP_DISPLAY_AFFINITY = 'FALSE'
  OMP_AFFINITY_FORMAT = 'level %L thread %i affinity %A'
  OMP_CANCELLATION = 'FALSE'
  OMP_DEFAULT_DEVICE = '0'
  OMP_MAX_TASK_PRIORITY = '0'
  OMP_DISPLAY_AFFINITY = 'FALSE'
OPENMP DISPLAY ENVIRONMENT END
  OMP_AFFINITY_FORMAT = 'level %L thread %i affinity %A'
OPENMP DISPLAY ENVIRONMENT END
