  OMP_SCHEDULE = '  OMP_NUM_THREADS = '19'
  OMP_SCHEDULE = '1},{2},{3},{DYNAMIC'
  OMP_NUM_THREADS = '28DYNAMICDYNAMIC'
4  OMP_DYNAMIC = 'FALSE'

OPENMP DISPLAY ENVIRONMENT BEGIN
'
{{
OPENMP DISPLAY ENVIRONMENT BEGIN

OPENMP DISPLAY ENVIRONMENT BEGIN
'

OPENMP DISPLAY ENVIRONMENT BEGIN

OPENMP DISPLAY ENVIRONMENT BEGIN
  OMP_DYNAMIC = 'FALSE'
},{5},
OPENMP DISPLAY ENVIRONMENT BEGIN
{  OMP_PROC_BIND = '  OMP_DYNAMIC = 'FALSE'
  _OPENMP = '201511'
  _OPENMP = '201511'
  OMP_DYNAMIC = 'FALSE'
  OMP_NESTED = 'FALSE'
  _OPENMP = '201511'
  _OPENMP = '201511'
'
  OMP_PROC_BIND = '  OMP_NESTED = 'FALSE'
  OMP_DYNAMIC = 'FALSE'
  OMP_DYNAMIC = 'FALSE'
6  OMP_NESTED = 'FALSE'
  OMP_DYNAMIC = 'FALSE'
  OMP_NUM_THREADS = '20  OMP_PLACES = '43  OMP_NESTED = 'FALSE'
  OMP_NESTED = 'FALSE'

OPENMP DISPLAY ENVIRONMENT BEGIN
  OMP_NESTED = 'FALSE'
SPREAD'
  OMP_PROC_BIND = '  OMP_NESTED = 'FALSE'
{  OMP_PROC_BIND = 'SPREADDYNAMIC  OMP_DYNAMIC = 'FALSE'
  OMP_NUM_THREADS = '5},  _OPENMP = '201511'
  OMP_NUM_THREADS = '17  OMP_NUM_THREADS = '16
OPENMP DISPLAY ENVIRONMENT BEGIN
'
  _OPENMP = '201511'
  OMP_NESTED = 'FALSE'
30  _OPENMP = '201511'
86  OMP_NESTED = 'FALSE'
SPREAD'
  OMP_NUM_THREADS = '24  OMP_NUM_THREADS = '14SPREAD'
},  _OPENMP = '201511'
'
  OMP_NUM_THREADS = '26'
'
},'
  OMP_SCHEDULE = ''
  OMP_DYNAMIC = 'FALSE'
'
'
  OMP_SCHEDULE = '  OMP_NUM_THREADS = '25  OMP_SCHEDULE = '{DYNAMIC  OMP_PLACES = ''
  OMP_NUM_THREADS = '18
OPENMP DISPLAY ENVIRONMENT BEGIN
},  OMP_PLACES = '  OMP_SCHEDULE = '{44  OMP_DYNAMIC = 'FALSE'
'
  OMP_SCHEDULE = '{  OMP_SCHEDULE = '  OMP_DYNAMIC = 'FALSE'
{  OMP_PLACES = 'DYNAMIC58  OMP_DYNAMIC = 'FALSE'
  OMP_SCHEDULE = '  OMP_PROC_BIND = 'DYNAMIC57  OMP_SCHEDULE = ''
'
{},{'
{'
  OMP_NESTED = 'FALSE'
},  OMP_SCHEDULE = ''
SPREAD},59},{31  OMP_NESTED = 'FALSE'
  OMP_NESTED = 'FALSE'
  OMP_SCHEDULE = '87  OMP_NUM_THREADS = '23DYNAMICDYNAMIC  OMP_PROC_BIND = '{  OMP_SCHEDULE = '30  OMP_PLACES = '{'
{'
  OMP_PROC_BIND = ''
DYNAMIC  OMP_NUM_THREADS = '21},60  OMP_NESTED = 'FALSE'
},},{{DYNAMIC  OMP_PROC_BIND = 'SPREAD{SPREAD'
  OMP_PROC_BIND = 'DYNAMICSPREAD  _OPENMP = '201511'
},45'
SPREADDYNAMIC88'
7  OMP_NUM_THREADS = '6'
{  OMP_NUM_THREADS = '4'
DYNAMIC{'
61  OMP_PROC_BIND = 'SPREAD'
3231'
'
'
58  OMP_PLACES = '85DYNAMIC},'
},  OMP_PROC_BIND = ''
  OMP_PLACES = '  OMP_PLACES = '},},  OMP_DYNAMIC = 'FALSE'
{  OMP_PROC_BIND = '{},'
29  OMP_PROC_BIND = '},{SPREAD'
},'
{'
  OMP_PLACES = '},46{'
  OMP_PROC_BIND = '  OMP_SCHEDULE = '{  OMP_PLACES = '{  OMP_PROC_BIND = '},},DYNAMIC{SPREAD{  OMP_PLACES = '{SPREADSPREAD  OMP_PLACES = '33{89{{{  OMP_NESTED = 'FALSE'
{  OMP_SCHEDULE = '5686'
47  OMP_PLACES = ''
5832},{},'
  OMP_SCHEDULE = '{59'
  OMP_PROC_BIND = '  OMP_NUM_THREADS = '22},  OMP_SCHEDULE = '6256  OMP_PLACES = 'DYNAMIC},56{DYNAMIC30},  OMP_PROC_BIND = '28'
{},{63SPREAD8},DYNAMIC},},{0{{},},  OMP_PLACES = '},{},{},{{90},'
SPREAD5660{48{{  OMP_SCHEDULE = '{{'
'
59},},},3134},8487  OMP_PROC_BIND = '{{64571},{},{{},581},{},},  OMP_PLACES = ''
57  OMP_PLACES = '{},57{'
{91},9SPREAD},57{35{},{33{},},{},{},{65{},},{36{{32{88},61},{33},{89{},{},6290},SPREAD{84{{},{{34},63{},35{'
592991},},  OMP_PROC_BIND = '},58286},{92  OMP_PROC_BIND = '},'
58},SPREAD{{},},  OMP_PLACES = '},66{},},{2{{37  OMP_PLACES = '{},},},{64{603DYNAMIC85{{SPREAD49},34},{87'
60},'
5985{},{},{{  OMP_PLACES = '{},},{},},3},{},59'
{},6758{4{{889293{{4},{},},{},3836},6165{{{  OMP_PROC_BIND = '{},{{},  OMP_PLACES = '86},6061},30},{{},8635},{},},{{},SPREAD},{89{1084{{},6893},5{},},},{59{},94},},66315{{{},{},{37{},3987},3662},{60069},},62{{94},},},{{{28},{{6740},9061{},{85{8795},{},},},{{{},},6{63{},{{{{},61},62{{9695{3837{},'
60},70636{},91},32{68},},86},},},},},112963{7},},{},50},{},},{{},38},7{{},},{12},{{{},},{{},616441{{8},{9926939{},},  OMP_PLACES = '{13{{},{{96{97},{},},648{64},},71{},},},88},},28},1},{{},{30{65{{},{11423970},3387{{{{{},9{98{627165{{},93},89},},{{66{{88},{72},{{},},40{},726699{},},},{{90{29},100730{},91},67{},{},10174},{{},},4368{{},},75{},{},{{{30{1102},},{446976},92103},},},},{{77},{{},{{70104},2{{{},453193105{78},},{106},},},},},{71{},7946},{},{{{107},{108},80{{{{32},34794109},},},},},},{81},{82},{{},},{{12{8365},{40{94},},48},13{},72{},},},14{6273},},},{},{},},},11084{{{95{7315},63{},},},4{{{},{},{64{1674},5},{{1089{6374},},{},{},41{{75{66},95},},3314{{},},},67{{},},1567{{},75{},6497},{111},{51{{76},},{11{112{{49{},8596},{{}{34},},2{},969042{{},},},},{35{16{97},6865},{},},{36},{43{68},},66{{},},6991{},},3712},{{7092},{},65{{'
},  OMP_STACKSIZE = '0'
9817},31},},  OMP_WAIT_POLICY = 'PASSIVE'
},  OMP_THREAD_LIMIT = '4294967295'
{50{  OMP_MAX_ACTIVE_LEVELS = '2147483647'
18},66113  OMP_CANCELLATION = 'FALSE'
{},},41},},{{},38},{{71{{69},676{},},{{{{7719{67{{171399},},  OMP_DEFAULT_DEVICE = '0'
93}42'
  OMP_STACKSIZE = '0'
  OMP_WAIT_POLICY = 'PASSIVE'
51},  OMP_MAX_TASK_PRIORITY = '0'
},},{},{{},{2072{14},},68},{{},{},67},},},44},},{{{{94{39},{18{70},100{},3},{},},{{4071951968{},{},101{},9677},{},},217},{{15{{7378{34},},52},},{97  OMP_THREAD_LIMIT = '4294967295'
},  OMP_DISPLAY_AFFINITY = 'FALSE'
98{},{99},{100{{7841  OMP_MAX_ACTIVE_LEVELS = '2147483647'
  OMP_AFFINITY_FORMAT = 'level %L thread %i affinity %A'
{{16  OMP_CANCELLATION = 'FALSE'
},{{},45},{},},{},},{97},{20},{},10242},{{{{691017943},7969},{{},},{},OPENMP DISPLAY ENVIRONMENT END
{  OMP_DEFAULT_DEVICE = '0'
},},74102},{52},{  OMP_MAX_TASK_PRIORITY = '0'
  OMP_DISPLAY_AFFINITY = 'FALSE'
46{72{2144},},{80{{},},},103{{{},{{},229832},88  OMP_AFFINITY_FORMAT = 'level %L thread %i affinity %A'
OPENMP DISPLAY ENVIRONMENT END
5373},{54},{55},{10356},{{57}'
},  OMP_STACKSIZE = '0'
},  OMP_WAIT_POLICY = 'PASSIVE'
47  OMP_THREAD_LIMIT = '4294967295'
{  OMP_MAX_ACTIVE_LEVELS = '2147483647'
{  OMP_CANCELLATION = 'FALSE'
  OMP_DEFAULT_DEVICE = '0'
10470},},43},{{},17{},{},45{},{8175{{46},},18},},{{{},23{},74{{8},22{{35{8048},},{23},105},},{106},{107},{{{},},{},{  OMP_MAX_TASK_PRIORITY = '0'
49  OMP_DISPLAY_AFFINITY = 'FALSE'
  OMP_AFFINITY_FORMAT = 'level %L thread %i affinity %A'
OPENMP DISPLAY ENVIRONMENT END
24},70984781{},82},},},{{},},},{104{{{{},2499},82},{7519108},837648{{},},{10520},{7749},},{},{},{78{53106},84{50},},{{},},54{},},9},},{},{{{{3699{},},718325{33}},10},'
},{{55{}50'
2579109  OMP_STACKSIZE = '0'
},},},44{},},{{{{},{{10076110426{51},},},},{71},{},},77{{  OMP_STACKSIZE = '0'
}},{  OMP_WAIT_POLICY = 'PASSIVE'
'
{},{  OMP_THREAD_LIMIT = '4294967295'
  OMP_WAIT_POLICY = 'PASSIVE'
72},4527{{},},{},89{11},{12},{  OMP_THREAD_LIMIT = '4294967295'
  OMP_MAX_ACTIVE_LEVELS = '2147483647'
{3710021  OMP_CANCELLATION = 'FALSE'
  OMP_MAX_ACTIVE_LEVELS = '2147483647'
{80{  OMP_CANCELLATION = 'FALSE'
46},101  OMP_DEFAULT_DEVICE = '0'
},},},  OMP_MAX_TASK_PRIORITY = '0'
{{  OMP_STACKSIZE = '0'
{  OMP_WAIT_POLICY = 'PASSIVE'
{},28  OMP_THREAD_LIMIT = '4294967295'
7852107111  OMP_MAX_ACTIVE_LEVELS = '2147483647'
},  OMP_CANCELLATION = 'FALSE'
},},},},  OMP_DEFAULT_DEVICE = '0'
{{  OMP_MAX_TASK_PRIORITY = '0'
{{{4753791022973},{},112},}'
{},},54{  OMP_STACKSIZE = '0'
5{},{  OMP_WAIT_POLICY = 'PASSIVE'
4880  OMP_THREAD_LIMIT = '4294967295'
74},{{},  OMP_DEFAULT_DEVICE = '0'
{},{{26},},49{51{  OMP_MAX_TASK_PRIORITY = '0'
72  OMP_DISPLAY_AFFINITY = 'FALSE'
27},}  OMP_AFFINITY_FORMAT = 'level %L thread %i affinity %A'
},{'
OPENMP DISPLAY ENVIRONMENT END
  OMP_STACKSIZE = '0'
},{108  OMP_DISPLAY_AFFINITY = 'FALSE'
},},  OMP_MAX_ACTIVE_LEVELS = '2147483647'
{{{  OMP_CANCELLATION = 'FALSE'
  OMP_DEFAULT_DEVICE = '0'
{{{  OMP_AFFINITY_FORMAT = 'level %L thread %i affinity %A'
52OPENMP DISPLAY ENVIRONMENT END
10981},},},{22{{110},5382},{  OMP_DISPLAY_AFFINITY = 'FALSE'
5511313{101},  OMP_AFFINITY_FORMAT = 'level %L thread %i affinity %A'
  OMP_MAX_TASK_PRIORITY = '0'
{},8156{},},{},},},23OPENMP DISPLAY ENVIRONMENT END
{14},{83{102}},},{38'
{24{103  OMP_STACKSIZE = '0'
},  OMP_WAIT_POLICY = 'PASSIVE'
},  OMP_THREAD_LIMIT = '4294967295'
15},{  OMP_MAX_ACTIVE_LEVELS = '2147483647'
{  OMP_CANCELLATION = 'FALSE'
39{},104  OMP_DEFAULT_DEVICE = '0'
},25},  OMP_MAX_TASK_PRIORITY = '0'
{{},{105  OMP_DISPLAY_AFFINITY = 'FALSE'
16  OMP_AFFINITY_FORMAT = 'level %L thread %i affinity %A'
},{},{40OPENMP DISPLAY ENVIRONMENT END
{  OMP_WAIT_POLICY = 'PASSIVE'
106  OMP_THREAD_LIMIT = '4294967295'
3417},  OMP_MAX_ACTIVE_LEVELS = '2147483647'
},  OMP_DISPLAY_AFFINITY = 'FALSE'
}{26},{27}'
  OMP_STACKSIZE = '0'
  OMP_WAIT_POLICY = 'PASSIVE'
  OMP_THREAD_LIMIT = '4294967295'
  OMP_MAX_ACTIVE_LEVELS = '2147483647'
  OMP_CANCELLATION = 'FALSE'
  OMP_DEFAULT_DEVICE = '0'
  OMP_MAX_TASK_PRIORITY = '0'
  OMP_DISPLAY_AFFINITY = 'FALSE'
{  OMP_AFFINITY_FORMAT = 'level %L thread %i affinity %A'
},107OPENMP DISPLAY ENVIRONMENT END
41  OMP_CANCELLATION = 'FALSE'
},90{{  OMP_DEFAULT_DEVICE = '0'
},  OMP_MAX_TASK_PRIORITY = '0'
18},{{  OMP_DISPLAY_AFFINITY = 'FALSE'
108},},{},  OMP_AFFINITY_FORMAT = 'level %L thread %i affinity %A'
3542{{{OPENMP DISPLAY ENVIRONMENT END
1099119},},103},{},},{73{},110},43{},{},36{74{},111},{{}{4437'
75},},75},{},},{  OMP_AFFINITY_FORMAT = 'level %L thread %i affinity %A'
{},{5057'
6111{{},{{},{  OMP_STACKSIZE = '0'
5420  OMP_WAIT_POLICY = 'PASSIVE'
{112},},45}  OMP_THREAD_LIMIT = '4294967295'
{{104  OMP_MAX_ACTIVE_LEVELS = '2147483647'
76},},  OMP_CANCELLATION = 'FALSE'
},{38'
7655},  OMP_STACKSIZE = '0'
},},92  OMP_WAIT_POLICY = 'PASSIVE'
},{{  OMP_THREAD_LIMIT = '4294967295'
{5677  OMP_MAX_ACTIVE_LEVELS = '2147483647'
39}},  OMP_CANCELLATION = 'FALSE'
},'
{  OMP_DEFAULT_DEVICE = '0'
78},  OMP_STACKSIZE = '0'
{  OMP_MAX_TASK_PRIORITY = '0'
{  OMP_WAIT_POLICY = 'PASSIVE'
{  OMP_DISPLAY_AFFINITY = 'FALSE'
79  OMP_THREAD_LIMIT = '4294967295'
40OPENMP DISPLAY ENVIRONMENT END
  OMP_STACKSIZE = '0'
},}  OMP_MAX_ACTIVE_LEVELS = '2147483647'
  OMP_WAIT_POLICY = 'PASSIVE'
{'
10582},  OMP_STACKSIZE = '0'
{},  OMP_WAIT_POLICY = 'PASSIVE'
{  OMP_THREAD_LIMIT = '4294967295'
},{  OMP_THREAD_LIMIT = '4294967295'
106  OMP_MAX_ACTIVE_LEVELS = '2147483647'
{  OMP_MAX_ACTIVE_LEVELS = '2147483647'
},  OMP_CANCELLATION = 'FALSE'
778351  OMP_CANCELLATION = 'FALSE'
{  OMP_DEFAULT_DEVICE = '0'
},},},  OMP_DEFAULT_DEVICE = '0'
{107  OMP_MAX_TASK_PRIORITY = '0'
{84  OMP_DISPLAY_AFFINITY = 'FALSE'
},  OMP_MAX_TASK_PRIORITY = '0'
{},  OMP_AFFINITY_FORMAT = 'level %L thread %i affinity %A'
78  OMP_DISPLAY_AFFINITY = 'FALSE'
52OPENMP DISPLAY ENVIRONMENT END
},{},  OMP_AFFINITY_FORMAT = 'level %L thread %i affinity %A'
{85{OPENMP DISPLAY ENVIRONMENT END
},}108'
{  OMP_STACKSIZE = '0'
{  OMP_WAIT_POLICY = 'PASSIVE'
79  OMP_THREAD_LIMIT = '4294967295'
53  OMP_MAX_ACTIVE_LEVELS = '2147483647'
},  OMP_CANCELLATION = 'FALSE'
  OMP_DEFAULT_DEVICE = '0'
},  OMP_MAX_TASK_PRIORITY = '0'
  OMP_DISPLAY_AFFINITY = 'FALSE'
  OMP_AFFINITY_FORMAT = 'level %L thread %i affinity %A'
OPENMP DISPLAY ENVIRONMENT END
{{  OMP_CANCELLATION = 'FALSE'
  OMP_DEFAULT_DEVICE = '0'
  OMP_DEFAULT_DEVICE = '0'
21  OMP_MAX_TASK_PRIORITY = '0'
  OMP_AFFINITY_FORMAT = 'level %L thread %i affinity %A'
46  OMP_MAX_TASK_PRIORITY = '0'
},  OMP_DISPLAY_AFFINITY = 'FALSE'
  OMP_DISPLAY_AFFINITY = 'FALSE'
{  OMP_AFFINITY_FORMAT = 'level %L thread %i affinity %A'
OPENMP DISPLAY ENVIRONMENT END
},{  OMP_AFFINITY_FORMAT = 'level %L thread %i affinity %A'
OPENMP DISPLAY ENVIRONMENT END
OPENMP DISPLAY ENVIRONMENT END
47722},},80},{{93{{23{48109},},},},},80{54},},},{24},{41{{{{},25},49{26},{2781},{}},{42'
{50},  OMP_STACKSIZE = '0'
82  OMP_WAIT_POLICY = 'PASSIVE'
{  OMP_THREAD_LIMIT = '4294967295'
},},{  OMP_MAX_ACTIVE_LEVELS = '2147483647'
43{{  OMP_CANCELLATION = 'FALSE'
},5183  OMP_DEFAULT_DEVICE = '0'
{  OMP_MAX_TASK_PRIORITY = '0'
}},44  OMP_DISPLAY_AFFINITY = 'FALSE'
'
{},  OMP_AFFINITY_FORMAT = 'level %L thread %i affinity %A'
  OMP_STACKSIZE = '0'
5294OPENMP DISPLAY ENVIRONMENT END
  OMP_WAIT_POLICY = 'PASSIVE'
110{{},{53},{54},{55  OMP_THREAD_LIMIT = '4294967295'
}'
  OMP_STACKSIZE = '0'
  OMP_WAIT_POLICY = 'PASSIVE'
  OMP_THREAD_LIMIT = '4294967295'
8145},  OMP_MAX_ACTIVE_LEVELS = '2147483647'
  OMP_CANCELLATION = 'FALSE'
  OMP_DEFAULT_DEVICE = '0'
  OMP_MAX_TASK_PRIORITY = '0'
  OMP_DISPLAY_AFFINITY = 'FALSE'
  OMP_AFFINITY_FORMAT = 'level %L thread %i affinity %A'
OPENMP DISPLAY ENVIRONMENT END
  OMP_MAX_ACTIVE_LEVELS = '2147483647'
},},55},},  OMP_CANCELLATION = 'FALSE'
{{{  OMP_DEFAULT_DEVICE = '0'
111  OMP_MAX_TASK_PRIORITY = '0'
8246}  OMP_DISPLAY_AFFINITY = 'FALSE'
},},'
  OMP_AFFINITY_FORMAT = 'level %L thread %i affinity %A'
{{}OPENMP DISPLAY ENVIRONMENT END
83{  OMP_STACKSIZE = '0'
95{47'
},  OMP_WAIT_POLICY = 'PASSIVE'
},8{  OMP_THREAD_LIMIT = '4294967295'
{  OMP_STACKSIZE = '0'
96  OMP_WAIT_POLICY = 'PASSIVE'
48}},  OMP_MAX_ACTIVE_LEVELS = '2147483647'
{'
},  OMP_THREAD_LIMIT = '4294967295'
97  OMP_CANCELLATION = 'FALSE'
{  OMP_MAX_ACTIVE_LEVELS = '2147483647'
},  OMP_STACKSIZE = '0'
49  OMP_CANCELLATION = 'FALSE'
{  OMP_DEFAULT_DEVICE = '0'
},},98  OMP_DEFAULT_DEVICE = '0'
{  OMP_WAIT_POLICY = 'PASSIVE'
},  OMP_MAX_TASK_PRIORITY = '0'
50  OMP_THREAD_LIMIT = '4294967295'
{  OMP_MAX_TASK_PRIORITY = '0'
99  OMP_DISPLAY_AFFINITY = 'FALSE'
},  OMP_MAX_ACTIVE_LEVELS = '2147483647'
},  OMP_DISPLAY_AFFINITY = 'FALSE'
{  OMP_AFFINITY_FORMAT = 'level %L thread %i affinity %A'
{OPENMP DISPLAY ENVIRONMENT END
51  OMP_CANCELLATION = 'FALSE'
100  OMP_AFFINITY_FORMAT = 'level %L thread %i affinity %A'
},OPENMP DISPLAY ENVIRONMENT END
},  OMP_DEFAULT_DEVICE = '0'
{  OMP_MAX_TASK_PRIORITY = '0'
{{52  OMP_DISPLAY_AFFINITY = 'FALSE'
101  OMP_AFFINITY_FORMAT = 'level %L thread %i affinity %A'
},OPENMP DISPLAY ENVIRONMENT END
},9{},{10},{{1153},{12},102{13},},{},14},{{15},{{1654},{17},103{18},},{},19{},{20},{21{},{2255},{23104},{24}},{25},},{26},'
{27}{'
  OMP_STACKSIZE = '0'
  OMP_WAIT_POLICY = 'PASSIVE'
  OMP_THREAD_LIMIT = '4294967295'
  OMP_MAX_ACTIVE_LEVELS = '2147483647'
  OMP_STACKSIZE = '0'
  OMP_CANCELLATION = 'FALSE'
  OMP_DEFAULT_DEVICE = '0'
  OMP_MAX_TASK_PRIORITY = '0'
105  OMP_DISPLAY_AFFINITY = 'FALSE'
  OMP_AFFINITY_FORMAT = 'level %L thread %i affinity %A'
OPENMP DISPLAY ENVIRONMENT END
  OMP_WAIT_POLICY = 'PASSIVE'
  OMP_THREAD_LIMIT = '4294967295'
},{106},{  OMP_MAX_ACTIVE_LEVELS = '2147483647'
107  OMP_CANCELLATION = 'FALSE'
  OMP_DEFAULT_DEVICE = '0'
},{108},{109  OMP_MAX_TASK_PRIORITY = '0'
  OMP_DISPLAY_AFFINITY = 'FALSE'
  OMP_AFFINITY_FORMAT = 'level %L thread %i affinity %A'
OPENMP DISPLAY ENVIRONMENT END
},{110},{111}'
  OMP_STACKSIZE = '0'
  OMP_WAIT_POLICY = 'PASSIVE'
  OMP_THREAD_LIMIT = '4294967295'
  OMP_MAX_ACTIVE_LEVELS = '2147483647'
  OMP_CANCELLATION = 'FALSE'
  OMP_DEFAULT_DEVICE = '0'
  OMP_MAX_TASK_PRIORITY = '0'
  OMP_DISPLAY_AFFINITY = 'FALSE'
  OMP_AFFINITY_FORMAT = 'level %L thread %i affinity %A'
OPENMP DISPLAY ENVIRONMENT END
