  OMP_SCHEDULE = '  OMP_PROC_BIND = ''
'
  OMP_PROC_BIND = '
OPENMP DISPLAY ENVIRONMENT BEGIN
  OMP_SCHEDULE = '  OMP_DYNAMIC = 'FALSE'

OPENMP DISPLAY ENVIRONMENT BEGIN
  OMP_NESTED = 'FALSE'

OPENMP DISPLAY ENVIRONMENT BEGIN
1SPREAD  OMP_PLACES = ''
'
  OMP_DYNAMIC = 'FALSE'
SPREAD  OMP_DYNAMIC = 'FALSE'
DYNAMIC  OMP_DYNAMIC = 'FALSE'
  _OPENMP = '201511'
  OMP_SCHEDULE = '  OMP_NUM_THREADS = '5{  OMP_NUM_THREADS = '16  OMP_PLACES = '  OMP_NESTED = 'FALSE'
DYNAMIC  OMP_DYNAMIC = 'FALSE'
  OMP_NESTED = 'FALSE'
  OMP_NESTED = 'FALSE'
'
{  OMP_NESTED = 'FALSE'
  OMP_NUM_THREADS = '25  OMP_NUM_THREADS = '22'
'
  OMP_NESTED = 'FALSE'
'
},'
  OMP_NESTED = 'FALSE'
'
  OMP_SCHEDULE = '  OMP_PLACES = '  _OPENMP = '201511'
  OMP_SCHEDULE = ''
  OMP_NUM_THREADS = '20  OMP_NUM_THREADS = '24
OPENMP DISPLAY ENVIRONMENT BEGIN
DYNAMIC85  OMP_PLACES = '{},'
  OMP_PROC_BIND = 'SPREAD{'
  OMP_PLACES = '{86'
  OMP_NUM_THREADS = '18  OMP_SCHEDULE = 'DYNAMIC  _OPENMP = '201511'
86  OMP_PROC_BIND = 'DYNAMIC'
{
OPENMP DISPLAY ENVIRONMENT BEGIN
  OMP_SCHEDULE = ''
SPREAD  OMP_PLACES = ''
  OMP_PROC_BIND = '57},56  _OPENMP = '201511'
  _OPENMP = '201511'
  OMP_DYNAMIC = 'FALSE'
  OMP_DYNAMIC = 'FALSE'
  OMP_NESTED = 'FALSE'
  _OPENMP = '201511'
DYNAMICDYNAMIC  OMP_DYNAMIC = 'FALSE'
'
SPREAD29  OMP_SCHEDULE = ''
},{},  OMP_SCHEDULE = '  OMP_NUM_THREADS = '23  OMP_PROC_BIND = ''
{  OMP_NUM_THREADS = '3{58'
  OMP_SCHEDULE = ''
87},{DYNAMIC'
'
DYNAMIC  OMP_PLACES = '  OMP_NESTED = 'FALSE'
  OMP_PROC_BIND = '  OMP_SCHEDULE = ''
},},{30},  OMP_DYNAMIC = 'FALSE'
{'
DYNAMIC  OMP_PROC_BIND = 'SPREADSPREAD{  OMP_NUM_THREADS = '11  OMP_DYNAMIC = 'FALSE'
{{  OMP_NESTED = 'FALSE'
  OMP_PLACES = ''
'
  OMP_NESTED = 'FALSE'
2},865988'
  OMP_SCHEDULE = '  OMP_PROC_BIND = ''
  OMP_SCHEDULE = '{SPREAD  OMP_PLACES = '{  OMP_NESTED = 'FALSE'
DYNAMIC  OMP_PROC_BIND = '  OMP_PLACES = '  OMP_NESTED = 'FALSE'
'
SPREAD},'
  OMP_NUM_THREADS = '1787572{SPREAD{{'
58DYNAMICDYNAMIC  OMP_SCHEDULE = '},},  OMP_NUM_THREADS = '4  OMP_SCHEDULE = '},},60  OMP_PROC_BIND = ''
{{},{},3189},{90},{91},{92},{{6193},{32},  OMP_NUM_THREADS = '15'
'
DYNAMIC'
  OMP_PROC_BIND = '30{SPREAD},'
},DYNAMIC  OMP_PLACES = '87},{},28{'
{  OMP_PROC_BIND = '},58{  OMP_SCHEDULE = '{SPREAD59{  OMP_NUM_THREADS = '6  OMP_SCHEDULE = '},  OMP_PLACES = '62},{31'
88{394},},'
'
DYNAMIC},},{{'
  OMP_PROC_BIND = '{33{'
{'
DYNAMIC{{{},  OMP_SCHEDULE = '  OMP_PLACES = '},},6395},},{96},{97},{{98},{99},{100},{101},34{{102},{103},64},{104},{{},35},105},{{65106},{{},6636{},},107},{{{37108},{},10967},},{38{110},{111{  OMP_SCHEDULE = '8858},{'
  OMP_PROC_BIND = '68},},},56SPREAD59'
4{32'
{{SPREAD  OMP_PLACES = ''
},893DYNAMIC{},{},1{},60DYNAMIC'
  OMP_PROC_BIND = '},{33  OMP_PROC_BIND = '},{{  OMP_SCHEDULE = 'SPREAD29{{},'
5990SPREAD},{'
'
},  OMP_PLACES = '39},112{{  OMP_PROC_BIND = '},910'
},  OMP_PLACES = '},  OMP_PROC_BIND = '},{},SPREAD6989{{  OMP_PLACES = '},{}'
'
},  OMP_PROC_BIND = '{{2},{DYNAMIC61{{1  OMP_PLACES = '  OMP_PROC_BIND = 'SPREAD57},{3},'
},},SPREAD56},},  OMP_PLACES = 'SPREAD84{0{'
SPREAD  OMP_PLACES = '{{{},{'
{540{},{'
34430{},28{6060},92{62  OMP_STACKSIZE = '0'
70},{4  OMP_PROC_BIND = '},84  OMP_PLACES = '},{},},{{},'
},  OMP_PLACES = '58{2{85{},{},SPREAD  OMP_PLACES = '{},},},{{},5{90},{},{},{93  OMP_WAIT_POLICY = 'PASSIVE'
{56{41'
6{59{{31  OMP_THREAD_LIMIT = '4294967295'
71},616},1},},2935},},'
  OMP_MAX_ACTIVE_LEVELS = '2147483647'
0},{57{},  OMP_PLACES = '61{{{63{},7},  OMP_CANCELLATION = 'FALSE'
{  OMP_DEFAULT_DEVICE = '0'
4285{},947286},},},},57  OMP_MAX_TASK_PRIORITY = '0'
28{{{},836},  OMP_DISPLAY_AFFINITY = 'FALSE'
{{{},},62{{43  OMP_AFFINITY_FORMAT = 'level %L thread %i affinity %A'
},{},{{{7},62{{91},},},73{},558},395{44},},OPENMP DISPLAY ENVIRONMENT END
},{},602830},{{{{974},},{{},32{{45},},{11  OMP_PLACES = '{{6475{},3096},37},},},4663{},},},{9776{},},29{},{8{47{77},{{{{},},},{},{{129838},2},},{33{61{},{4{{},7863},},65{},{},},{358{8784{64},{},{{7939},{40{48},},1359{{{},99},6562{},},},31{},{92},14},{{},49{{{{},30{{{},80},},{{{},},81},},{1{563},},6431},{85{{86915100{41},},},64{59{},},8831},{{66{},},2},{93{{},},8934{},60},782101{},},},{5094},{{},{},83{},32{},64{{{{{},3342},{43{},},{{},86{51},},},84510{{},},38},{},{},90{349},},{},},}{'
52  OMP_STACKSIZE = '0'
  OMP_WAIT_POLICY = 'PASSIVE'
  OMP_THREAD_LIMIT = '4294967295'
},{  OMP_MAX_ACTIVE_LEVELS = '2147483647'
53},{54},{  OMP_CANCELLATION = 'FALSE'
55  OMP_DEFAULT_DEVICE = '0'
  OMP_MAX_TASK_PRIORITY = '0'
  OMP_DISPLAY_AFFINITY = 'FALSE'
  OMP_AFFINITY_FORMAT = 'level %L thread %i affinity %A'
OPENMP DISPLAY ENVIRONMENT END
},{56}'
  OMP_STACKSIZE = '0'
  OMP_WAIT_POLICY = 'PASSIVE'
  OMP_THREAD_LIMIT = '4294967295'
  OMP_MAX_ACTIVE_LEVELS = '2147483647'
  OMP_CANCELLATION = 'FALSE'
  OMP_DEFAULT_DEVICE = '0'
  OMP_MAX_TASK_PRIORITY = '0'
  OMP_DISPLAY_AFFINITY = 'FALSE'
  OMP_AFFINITY_FORMAT = 'level %L thread %i affinity %A'
OPENMP DISPLAY ENVIRONMENT END
65},35{{},},9516{{{},{{{},326160},},102{},},3587{6},6691},{{{},},33{},6510{2962{},{36},{96},{92},411},{},{},{{},{367},},{97},{63},{88671787},},{},{12{{},},11},103},},{18},},44{},{},},{{67{89{19{45{{10466},68},98},30{{8{3446},105},},206{},},},{{{{93},},},},{47},{48},},{5},},{{{6488},{6613{99{{90379},},},68{},{},},{94{65{{{{1449},{{{100},},6},{{3815},},123121},},{106},{},},69{{},{70},1015016{{3791},35{{},},95{{{{10{},},6966},},{{3639{},},},{71},{107},72},92},},22},{23},},},{{51},{52},{53},{{{{{7},},},{{10861541170{{{},2437},},{},96{{},4071},{},{{},673897{},},{12},93{{41},{7298{},},68{},},7{{73},3969{},},{},4213{{},},{{},{9994814{},{74},},},{70{{404315{},9},100{},95},{},},{41{75{},44},},},71{{{},96101{{{},7610},73102},},},{{},{25{17{},{{{{131645},},},},109{{},838},},},},{72{},42{{{97},1035562{{1023246},},1811},},},},{{{},19{10447},{},10317},},26{{7712},},},},},{},73{48{},{{{},1849{104},{78},9813},},},{{{43},{50{},99},19{},{},{79{},{8974{51},},},14},{80},{81},{{{{4467{{{},1001463529},{},20110},},{},},},},{{{2056{278274},},{101{111{},10528{39},7521105{},},},},},{{{{1021545{},},83},{},{{},{},},{},1063276{},{{67},10653},{{68},},},10721{{},},77},{{1610754{},{},},69},{{{{10855},{},{}{112},{22},{57},{{78{}22},33108{'
},{70},109  OMP_STACKSIZE = '0'
{79},{{  OMP_WAIT_POLICY = 'PASSIVE'
23},},  OMP_THREAD_LIMIT = '4294967295'
'
109},{46},  OMP_STACKSIZE = '0'
17},80  OMP_WAIT_POLICY = 'PASSIVE'
  OMP_MAX_ACTIVE_LEVELS = '2147483647'
103},71  OMP_CANCELLATION = 'FALSE'
},{{  OMP_DEFAULT_DEVICE = '0'
},{72110},},{{  OMP_THREAD_LIMIT = '4294967295'
75}2329},'
{113{},}},  OMP_STACKSIZE = '0'
{'
{  OMP_MAX_ACTIVE_LEVELS = '2147483647'
  OMP_WAIT_POLICY = 'PASSIVE'
{}47  OMP_THREAD_LIMIT = '4294967295'
24  OMP_STACKSIZE = '0'
},{  OMP_WAIT_POLICY = 'PASSIVE'
},  OMP_MAX_ACTIVE_LEVELS = '2147483647'
  OMP_CANCELLATION = 'FALSE'
  OMP_DEFAULT_DEVICE = '0'
{'
  OMP_THREAD_LIMIT = '4294967295'
104},  OMP_CANCELLATION = 'FALSE'
81},{  OMP_DEFAULT_DEVICE = '0'
},{111  OMP_MAX_TASK_PRIORITY = '0'
  OMP_MAX_TASK_PRIORITY = '0'
{}},},105'
  OMP_DISPLAY_AFFINITY = 'FALSE'
  OMP_DISPLAY_AFFINITY = 'FALSE'
},{{  OMP_STACKSIZE = '0'
{  OMP_AFFINITY_FORMAT = 'level %L thread %i affinity %A'
  OMP_AFFINITY_FORMAT = 'level %L thread %i affinity %A'
82106  OMP_WAIT_POLICY = 'PASSIVE'
OPENMP DISPLAY ENVIRONMENT END
OPENMP DISPLAY ENVIRONMENT END
25  OMP_THREAD_LIMIT = '4294967295'
48},},  OMP_MAX_ACTIVE_LEVELS = '2147483647'
},{{  OMP_CANCELLATION = 'FALSE'
{83},  OMP_DEFAULT_DEVICE = '0'
107}26  OMP_MAX_TASK_PRIORITY = '0'
{'
},  OMP_DISPLAY_AFFINITY = 'FALSE'
},{{  OMP_AFFINITY_FORMAT = 'level %L thread %i affinity %A'
{  OMP_STACKSIZE = '0'
49OPENMP DISPLAY ENVIRONMENT END
108  OMP_WAIT_POLICY = 'PASSIVE'
},18},  OMP_THREAD_LIMIT = '4294967295'
{},27  OMP_MAX_ACTIVE_LEVELS = '2147483647'
50{{  OMP_CANCELLATION = 'FALSE'
{1924  OMP_DEFAULT_DEVICE = '0'
9076}'
  OMP_STACKSIZE = '0'
  OMP_WAIT_POLICY = 'PASSIVE'
  OMP_THREAD_LIMIT = '4294967295'
  OMP_MAX_ACTIVE_LEVELS = '2147483647'
  OMP_CANCELLATION = 'FALSE'
  OMP_DEFAULT_DEVICE = '0'
  OMP_MAX_TASK_PRIORITY = '0'
},  OMP_STACKSIZE = '0'
{  OMP_MAX_ACTIVE_LEVELS = '2147483647'
},{73},{  OMP_DISPLAY_AFFINITY = 'FALSE'
51},{109  OMP_MAX_TASK_PRIORITY = '0'
},{52  OMP_DISPLAY_AFFINITY = 'FALSE'
{20},  OMP_AFFINITY_FORMAT = 'level %L thread %i affinity %A'
  OMP_AFFINITY_FORMAT = 'level %L thread %i affinity %A'
},{OPENMP DISPLAY ENVIRONMENT END
OPENMP DISPLAY ENVIRONMENT END
{1102153},},{},22},{{{23},{24},{25},{26},{27}'
  OMP_STACKSIZE = '0'
111  OMP_WAIT_POLICY = 'PASSIVE'
54  OMP_THREAD_LIMIT = '4294967295'
}  OMP_MAX_ACTIVE_LEVELS = '2147483647'
},  OMP_CANCELLATION = 'FALSE'
'
  OMP_DEFAULT_DEVICE = '0'
10  OMP_MAX_TASK_PRIORITY = '0'
},  OMP_MAX_TASK_PRIORITY = '0'
{  OMP_WAIT_POLICY = 'PASSIVE'
  OMP_THREAD_LIMIT = '4294967295'
  OMP_STACKSIZE = '0'
  OMP_DISPLAY_AFFINITY = 'FALSE'
55},},  OMP_AFFINITY_FORMAT = 'level %L thread %i affinity %A'
  OMP_MAX_ACTIVE_LEVELS = '2147483647'
{  OMP_CANCELLATION = 'FALSE'
  OMP_WAIT_POLICY = 'PASSIVE'
  OMP_CANCELLATION = 'FALSE'
  OMP_DEFAULT_DEVICE = '0'
33OPENMP DISPLAY ENVIRONMENT END
74  OMP_DEFAULT_DEVICE = '0'
  OMP_MAX_TASK_PRIORITY = '0'
}{64  OMP_DISPLAY_AFFINITY = 'FALSE'
},  OMP_AFFINITY_FORMAT = 'level %L thread %i affinity %A'
OPENMP DISPLAY ENVIRONMENT END
},40{{  OMP_THREAD_LIMIT = '4294967295'
  OMP_MAX_TASK_PRIORITY = '0'
'
  OMP_DISPLAY_AFFINITY = 'FALSE'
  OMP_MAX_ACTIVE_LEVELS = '2147483647'
  OMP_DISPLAY_AFFINITY = 'FALSE'
  OMP_AFFINITY_FORMAT = 'level %L thread %i affinity %A'
  OMP_STACKSIZE = '0'
77  OMP_AFFINITY_FORMAT = 'level %L thread %i affinity %A'
15OPENMP DISPLAY ENVIRONMENT END
{  OMP_CANCELLATION = 'FALSE'
},  OMP_DEFAULT_DEVICE = '0'
OPENMP DISPLAY ENVIRONMENT END
  OMP_WAIT_POLICY = 'PASSIVE'
},11{68  OMP_MAX_TASK_PRIORITY = '0'
{  OMP_THREAD_LIMIT = '4294967295'
75  OMP_MAX_ACTIVE_LEVELS = '2147483647'
{78},{79},25},},{110{},{80},{81},{82},{83},{84},  OMP_DISPLAY_AFFINITY = 'FALSE'
{  OMP_CANCELLATION = 'FALSE'
85}'
  OMP_STACKSIZE = '0'
},},},  OMP_DEFAULT_DEVICE = '0'
  OMP_WAIT_POLICY = 'PASSIVE'
  OMP_AFFINITY_FORMAT = 'level %L thread %i affinity %A'
  OMP_THREAD_LIMIT = '4294967295'
  OMP_MAX_ACTIVE_LEVELS = '2147483647'
  OMP_CANCELLATION = 'FALSE'
{  OMP_DEFAULT_DEVICE = '0'
  OMP_MAX_TASK_PRIORITY = '0'
  OMP_DISPLAY_AFFINITY = 'FALSE'
{  OMP_AFFINITY_FORMAT = 'level %L thread %i affinity %A'
OPENMP DISPLAY ENVIRONMENT END
4134{{{76OPENMP DISPLAY ENVIRONMENT END
121626  OMP_MAX_TASK_PRIORITY = '0'
  OMP_DISPLAY_AFFINITY = 'FALSE'
  OMP_AFFINITY_FORMAT = 'level %L thread %i affinity %A'
OPENMP DISPLAY ENVIRONMENT END
},},},69},},},{{{},{13},},},2742{{{{77{},91},70},35{17{},2814},111{},{},43},78},{65{},{29{{{},},15{79},18}71{},44},{},'
},{36{  OMP_STACKSIZE = '0'
7280},{  OMP_WAIT_POLICY = 'PASSIVE'
},},},{112{92  OMP_THREAD_LIMIT = '4294967295'
{8145{  OMP_MAX_ACTIVE_LEVELS = '2147483647'
6619},16{},},},},  OMP_CANCELLATION = 'FALSE'
{{},{82{  OMP_DEFAULT_DEVICE = '0'
},},},73  OMP_MAX_TASK_PRIORITY = '0'
6746{{},  OMP_DISPLAY_AFFINITY = 'FALSE'
{},{{1133783{  OMP_AFFINITY_FORMAT = 'level %L thread %i affinity %A'
17{},47OPENMP DISPLAY ENVIRONMENT END
9374{2084},},},},},{{{{{}},1848859434{},'
},21}{  OMP_STACKSIZE = '0'
},},'
75  OMP_WAIT_POLICY = 'PASSIVE'
},},  OMP_STACKSIZE = '0'
{{{  OMP_WAIT_POLICY = 'PASSIVE'
{  OMP_THREAD_LIMIT = '4294967295'
49  OMP_THREAD_LIMIT = '4294967295'
},2219{},  OMP_MAX_ACTIVE_LEVELS = '2147483647'
68  OMP_MAX_ACTIVE_LEVELS = '2147483647'
},  OMP_CANCELLATION = 'FALSE'
},{{  OMP_DEFAULT_DEVICE = '0'
38},  OMP_CANCELLATION = 'FALSE'
{  OMP_MAX_TASK_PRIORITY = '0'
50},  OMP_DEFAULT_DEVICE = '0'
},  OMP_DISPLAY_AFFINITY = 'FALSE'
{  OMP_MAX_TASK_PRIORITY = '0'
95{  OMP_AFFINITY_FORMAT = 'level %L thread %i affinity %A'
{  OMP_DISPLAY_AFFINITY = 'FALSE'
76OPENMP DISPLAY ENVIRONMENT END
},23  OMP_AFFINITY_FORMAT = 'level %L thread %i affinity %A'
},OPENMP DISPLAY ENVIRONMENT END
},},35},{{{{{36},{{7737{},69243951},},{38},},{39},},20{{{40},{{41},},965270{{42},{43},{44},{45},{46},{},},{4725},{48{},{4978},{},40{50},{51},{52},{53},{54},{},{53},55},},{56},},{57}'
71{  OMP_STACKSIZE = '0'
97  OMP_WAIT_POLICY = 'PASSIVE'
  OMP_THREAD_LIMIT = '4294967295'
  OMP_MAX_ACTIVE_LEVELS = '2147483647'
{  OMP_CANCELLATION = 'FALSE'
},26},  OMP_DEFAULT_DEVICE = '0'
54  OMP_MAX_TASK_PRIORITY = '0'
},},  OMP_DISPLAY_AFFINITY = 'FALSE'
{  OMP_AFFINITY_FORMAT = 'level %L thread %i affinity %A'
OPENMP DISPLAY ENVIRONMENT END
},{{21{7279{{},55},27{}{}{},22'
73'
41  OMP_STACKSIZE = '0'
},  OMP_STACKSIZE = '0'
},  OMP_WAIT_POLICY = 'PASSIVE'
{  OMP_WAIT_POLICY = 'PASSIVE'
},  OMP_THREAD_LIMIT = '4294967295'
98  OMP_THREAD_LIMIT = '4294967295'
23  OMP_MAX_ACTIVE_LEVELS = '2147483647'
{  OMP_MAX_ACTIVE_LEVELS = '2147483647'
{{42  OMP_CANCELLATION = 'FALSE'
},  OMP_DEFAULT_DEVICE = '0'
},80},  OMP_MAX_TASK_PRIORITY = '0'
74},{  OMP_DISPLAY_AFFINITY = 'FALSE'
{  OMP_CANCELLATION = 'FALSE'
24{},  OMP_AFFINITY_FORMAT = 'level %L thread %i affinity %A'
{  OMP_DEFAULT_DEVICE = '0'
438199OPENMP DISPLAY ENVIRONMENT END
},  OMP_MAX_TASK_PRIORITY = '0'
{},{  OMP_DISPLAY_AFFINITY = 'FALSE'
},  OMP_AFFINITY_FORMAT = 'level %L thread %i affinity %A'
75OPENMP DISPLAY ENVIRONMENT END
},{4482},},{},83{}{'
100  OMP_STACKSIZE = '0'
{  OMP_WAIT_POLICY = 'PASSIVE'
  OMP_THREAD_LIMIT = '4294967295'
  OMP_MAX_ACTIVE_LEVELS = '2147483647'
  OMP_CANCELLATION = 'FALSE'
  OMP_DEFAULT_DEVICE = '0'
  OMP_MAX_TASK_PRIORITY = '0'
{  OMP_DISPLAY_AFFINITY = 'FALSE'
  OMP_AFFINITY_FORMAT = 'level %L thread %i affinity %A'
OPENMP DISPLAY ENVIRONMENT END
4525},76},},{},{46{},77{{26},{47},},{4827},{49},{}'
101  OMP_STACKSIZE = '0'
  OMP_WAIT_POLICY = 'PASSIVE'
{5078},},  OMP_THREAD_LIMIT = '4294967295'
{51},{  OMP_MAX_ACTIVE_LEVELS = '2147483647'
},{52  OMP_CANCELLATION = 'FALSE'
79},{53  OMP_DEFAULT_DEVICE = '0'
},  OMP_MAX_TASK_PRIORITY = '0'
},  OMP_DISPLAY_AFFINITY = 'FALSE'
{{{54},{55}102'
  OMP_AFFINITY_FORMAT = 'level %L thread %i affinity %A'
},{103OPENMP DISPLAY ENVIRONMENT END
80},  OMP_STACKSIZE = '0'
},{{  OMP_WAIT_POLICY = 'PASSIVE'
104},{105},{106},{107},{108  OMP_THREAD_LIMIT = '4294967295'
},{109},{110},{  OMP_MAX_ACTIVE_LEVELS = '2147483647'
  OMP_CANCELLATION = 'FALSE'
  OMP_DEFAULT_DEVICE = '0'
  OMP_MAX_TASK_PRIORITY = '0'
81},  OMP_DISPLAY_AFFINITY = 'FALSE'
{  OMP_AFFINITY_FORMAT = 'level %L thread %i affinity %A'
OPENMP DISPLAY ENVIRONMENT END
82111}'
  OMP_STACKSIZE = '0'
  OMP_WAIT_POLICY = 'PASSIVE'
  OMP_THREAD_LIMIT = '4294967295'
  OMP_MAX_ACTIVE_LEVELS = '2147483647'
  OMP_CANCELLATION = 'FALSE'
  OMP_DEFAULT_DEVICE = '0'
  OMP_MAX_TASK_PRIORITY = '0'
  OMP_DISPLAY_AFFINITY = 'FALSE'
  OMP_AFFINITY_FORMAT = 'level %L thread %i affinity %A'
OPENMP DISPLAY ENVIRONMENT END
},{83}'
  OMP_STACKSIZE = '0'
  OMP_WAIT_POLICY = 'PASSIVE'
  OMP_THREAD_LIMIT = '4294967295'
  OMP_MAX_ACTIVE_LEVELS = '2147483647'
  OMP_CANCELLATION = 'FALSE'
  OMP_DEFAULT_DEVICE = '0'
  OMP_MAX_TASK_PRIORITY = '0'
  OMP_DISPLAY_AFFINITY = 'FALSE'
  OMP_AFFINITY_FORMAT = 'level %L thread %i affinity %A'
OPENMP DISPLAY ENVIRONMENT END
