SPREAD'
  OMP_PLACES = '{28  OMP_NUM_THREADS = '17
OPENMP DISPLAY ENVIRONMENT BEGIN
},{29},{30},{
OPENMP DISPLAY ENVIRONMENT BEGIN
71},{
OPENMP DISPLAY ENVIRONMENT BEGIN
  _OPENMP = '201511'
  _OPENMP = '201511'
{31},'
  _OPENMP = '201511'

OPENMP DISPLAY ENVIRONMENT BEGIN
72{
OPENMP DISPLAY ENVIRONMENT BEGIN
},{73  OMP_DYNAMIC = 'FALSE'
  _OPENMP = '201511'
  OMP_PLACES = '32},{74},{75},{76},{77},{78},
OPENMP DISPLAY ENVIRONMENT BEGIN
{  _OPENMP = '201511'
},  _OPENMP = '201511'
  OMP_NESTED = 'FALSE'
'
  OMP_DYNAMIC = 'FALSE'
{  OMP_NUM_THREADS = '7  _OPENMP = '201511'

OPENMP DISPLAY ENVIRONMENT BEGIN
  OMP_DYNAMIC = 'FALSE'
  _OPENMP = '201511'
85'

OPENMP DISPLAY ENVIRONMENT BEGIN
{79},{80},{81},{
OPENMP DISPLAY ENVIRONMENT BEGIN
},  OMP_SCHEDULE = '  OMP_DYNAMIC = 'FALSE'
  OMP_DYNAMIC = 'FALSE'

OPENMP DISPLAY ENVIRONMENT BEGIN
82},{83}'
  OMP_STACKSIZE = '0'
  OMP_WAIT_POLICY = 'PASSIVE'
  OMP_THREAD_LIMIT = '4294967295'
  OMP_MAX_ACTIVE_LEVELS = '2147483647'
  OMP_CANCELLATION = 'FALSE'
  OMP_DEFAULT_DEVICE = '0'
  OMP_MAX_TASK_PRIORITY = '0'
  OMP_DISPLAY_AFFINITY = 'FALSE'
  OMP_AFFINITY_FORMAT = 'level %L thread %i affinity %A'
OPENMP DISPLAY ENVIRONMENT END
  OMP_DYNAMIC = 'FALSE'
{  _OPENMP = '201511'
{  OMP_DYNAMIC = 'FALSE'
DYNAMIC  OMP_SCHEDULE = '  OMP_DYNAMIC = 'FALSE'
  OMP_NESTED = 'FALSE'
  OMP_NESTED = 'FALSE'
  OMP_NESTED = 'FALSE'
  OMP_DYNAMIC = 'FALSE'
'
86  OMP_PROC_BIND = '  OMP_NESTED = 'FALSE'

OPENMP DISPLAY ENVIRONMENT BEGIN
  OMP_NESTED = 'FALSE'
  OMP_NUM_THREADS = '19
OPENMP DISPLAY ENVIRONMENT BEGIN
DYNAMICSPREAD'
  OMP_PLACES = '},{  OMP_NUM_THREADS = '18  _OPENMP = '201511'
  OMP_NESTED = 'FALSE'
{108  OMP_NUM_THREADS = '1429  _OPENMP = '201511'
87},'
  OMP_DYNAMIC = 'FALSE'
33
OPENMP DISPLAY ENVIRONMENT BEGIN
  OMP_NUM_THREADS = '10'
  OMP_NESTED = 'FALSE'
  _OPENMP = '201511'
  OMP_SCHEDULE = '  OMP_DYNAMIC = 'FALSE'
  OMP_DYNAMIC = 'FALSE'
  OMP_DYNAMIC = 'FALSE'
  OMP_NUM_THREADS = '11  _OPENMP = '201511'
  OMP_NESTED = 'FALSE'

OPENMP DISPLAY ENVIRONMENT BEGIN
{},30  OMP_NUM_THREADS = '3  OMP_NUM_THREADS = '13  OMP_NESTED = 'FALSE'
  OMP_SCHEDULE = 'DYNAMIC  OMP_NESTED = 'FALSE'
  OMP_NUM_THREADS = '12},'
  OMP_DYNAMIC = 'FALSE'
'
  OMP_DYNAMIC = 'FALSE'
  OMP_NESTED = 'FALSE'
{  OMP_NESTED = 'FALSE'
  OMP_PROC_BIND = '  OMP_SCHEDULE = ''
},88'
  _OPENMP = '201511'
'
  OMP_NUM_THREADS = '22  OMP_NUM_THREADS = '6SPREAD'
  _OPENMP = '201511'
  OMP_NUM_THREADS = '20},  OMP_SCHEDULE = '  OMP_NUM_THREADS = '16'
DYNAMIC  OMP_NESTED = 'FALSE'
},{DYNAMIC'
'
  OMP_SCHEDULE = 'DYNAMIC  OMP_NESTED = 'FALSE'
{  OMP_NUM_THREADS = '15'
{  OMP_SCHEDULE = 'DYNAMIC'
'
'
  OMP_PLACES = ''
  OMP_SCHEDULE = ''
  OMP_PROC_BIND = '  OMP_PROC_BIND = 'DYNAMIC31SPREAD34  _OPENMP = '201511'
  OMP_PROC_BIND = '  OMP_NUM_THREADS = '5  OMP_SCHEDULE = 'SPREAD  OMP_SCHEDULE = '  OMP_SCHEDULE = '89{'
'
},DYNAMICDYNAMIC'
},'
  OMP_PROC_BIND = ''
},DYNAMIC{  OMP_DYNAMIC = 'FALSE'
  OMP_PROC_BIND = '  OMP_SCHEDULE = ''
DYNAMIC84{'
'
{32  OMP_PLACES = 'SPREAD'
{},{90  OMP_SCHEDULE = '33  OMP_PLACES = 'DYNAMIC  OMP_PROC_BIND = '},DYNAMIC},SPREAD{  OMP_PROC_BIND = '  OMP_PROC_BIND = '  OMP_SCHEDULE = ''
DYNAMIC{},'
SPREAD'
'
  OMP_DYNAMIC = 'FALSE'
SPREAD30{0109SPREAD{  OMP_PROC_BIND = '},  OMP_PROC_BIND = '  OMP_DYNAMIC = 'FALSE'
{'
},'
35SPREAD34  OMP_NESTED = 'FALSE'
91'
{  OMP_NESTED = 'FALSE'
},{  OMP_PLACES = '{'
  OMP_SCHEDULE = '  OMP_PLACES = 'SPREAD85},SPREAD  OMP_NESTED = 'FALSE'
31  OMP_PLACES = '35{'
  OMP_PROC_BIND = '1},'
{  OMP_NUM_THREADS = '24  OMP_PROC_BIND = '  OMP_PLACES = '},},'
},DYNAMIC  OMP_NUM_THREADS = '23{0},{9236},'
{  OMP_PLACES = ''
{  OMP_PLACES = '{'
{{  OMP_PLACES = '  OMP_NUM_THREADS = '25},  OMP_SCHEDULE = '1SPREADSPREAD},},56  OMP_PROC_BIND = ''
{{32'
{36{93},37SPREAD2  OMP_PLACES = '{},86},{'
58'
},{1},'
},{{{{{3894},572},0},{},},{DYNAMIC},86},},{{{  OMP_PLACES = '  OMP_SCHEDULE = '37  OMP_PLACES = '110{{3339{},'
},95  OMP_PLACES = '3359},  OMP_SCHEDULE = '{},{{{},402887  OMP_PROC_BIND = '{56},84{4},},96},{97},{98{DYNAMIC},2{{85},},},{38},},},},},{{{{{60{41{},{42{86},59957{},},3943{3{'
{},{6{},100},{},},44},},{40{},},DYNAMIC},45{{{},87101{{2946},},},2{7{58},'
{  OMP_PROC_BIND = '},{147{},884},4},{{},48{},111{{102{49},},34},{{{50},},11288{1033},35},},{{},36},SPREAD{{  OMP_PROC_BIND = '{'
37SPREAD4SPREAD1135},  OMP_PROC_BIND = '},},{{'
'
{38{5},{{},},305159},{SPREAD},},61{},{6}},},},},{},},{'
{{89{62  OMP_STACKSIZE = '0'
'
{{41{852{60},{61},{10489},{{62},253},{},},},{},105{54{},},396  OMP_WAIT_POLICY = 'PASSIVE'
{},530},{},{},},{{42{58},},{663},{79{87{{43{{3},{3163},909031{},},},{{{{64},},},649191},{8{},{},},32{{{65{926555106},{},{107},{56}108},{109'
},  OMP_STACKSIZE = '0'
},{92  OMP_WAIT_POLICY = 'PASSIVE'
},110{  OMP_THREAD_LIMIT = '4294967295'
},},{  OMP_MAX_ACTIVE_LEVELS = '2147483647'
{{  OMP_CANCELLATION = 'FALSE'
3311166  OMP_DEFAULT_DEVICE = '0'
93},},  OMP_MAX_TASK_PRIORITY = '0'
},{},},  OMP_DISPLAY_AFFINITY = 'FALSE'
{112{7{},67},349},32{4{{},669493},},},{{68},{{},33},{},},9594},},},  OMP_PLACES = '},{},{  OMP_THREAD_LIMIT = '4294967295'
10},},{34  OMP_MAX_ACTIVE_LEVELS = '2147483647'
  OMP_AFFINITY_FORMAT = 'level %L thread %i affinity %A'
{}40'
OPENMP DISPLAY ENVIRONMENT END
  OMP_CANCELLATION = 'FALSE'
  OMP_STACKSIZE = '0'
7  OMP_WAIT_POLICY = 'PASSIVE'
  OMP_THREAD_LIMIT = '4294967295'
  OMP_MAX_ACTIVE_LEVELS = '2147483647'
  OMP_DEFAULT_DEVICE = '0'
  OMP_CANCELLATION = 'FALSE'
},  OMP_DEFAULT_DEVICE = '0'
},  OMP_MAX_TASK_PRIORITY = '0'
{  OMP_DISPLAY_AFFINITY = 'FALSE'
  OMP_MAX_TASK_PRIORITY = '0'
  OMP_AFFINITY_FORMAT = 'level %L thread %i affinity %A'
{OPENMP DISPLAY ENVIRONMENT END
  OMP_DISPLAY_AFFINITY = 'FALSE'
{{},{},88{{{59},},4467{{41{8},  OMP_AFFINITY_FORMAT = 'level %L thread %i affinity %A'
{},8},},{{{OPENMP DISPLAY ENVIRONMENT END
'
42289{},6910},},{},},{  OMP_PLACES = '{{{43{11},{},5{5896{},44},12},},35},{13},},{14},{{{{{4559701597},},},},},{{{{{4660},3616},{98},},47},},{},{{17{{6137},{48},{{},},7118{{{99},384962},{},},},19{{6},{50},},{20{},{72},39{},{1005163},21},},},{},{{{{{735210122{},},},7{6440{{53},2374},},},},},{{{},54},{24{{5541},{},},{{{7525{5665},},8},102{{{},57}'
  OMP_STACKSIZE = '0'
  OMP_WAIT_POLICY = 'PASSIVE'
  OMP_THREAD_LIMIT = '4294967295'
  OMP_MAX_ACTIVE_LEVELS = '2147483647'
  OMP_CANCELLATION = 'FALSE'
  OMP_DEFAULT_DEVICE = '0'
  OMP_MAX_TASK_PRIORITY = '0'
  OMP_DISPLAY_AFFINITY = 'FALSE'
  OMP_AFFINITY_FORMAT = 'level %L thread %i affinity %A'
26OPENMP DISPLAY ENVIRONMENT END
{426645911},},76},},{},{{27{67{},103},},{77{11},{12},28},6889},{},{{},{1329{6960}},},{{},'
9070{  OMP_STACKSIZE = '0'
46},14  OMP_WAIT_POLICY = 'PASSIVE'
},{{  OMP_THREAD_LIMIT = '4294967295'
{7161  OMP_MAX_ACTIVE_LEVELS = '2147483647'
},},},91  OMP_CANCELLATION = 'FALSE'
},{},{{{  OMP_DEFAULT_DEVICE = '0'
6872},  OMP_MAX_TASK_PRIORITY = '0'
},},{{  OMP_DISPLAY_AFFINITY = 'FALSE'
9{43{},{  OMP_PLACES = '47},{12},{13},{  OMP_AFFINITY_FORMAT = 'level %L thread %i affinity %A'
OPENMP DISPLAY ENVIRONMENT END
147315},{74},{},75},{},76{},{{},7792},},{{6278},},{},783510495},},{63},{},{{79},{80},{81},{82},{83},{84{},{{  OMP_PLACES = '{1069{15},},{85}'
  OMP_STACKSIZE = '0'
  OMP_WAIT_POLICY = 'PASSIVE'
  OMP_THREAD_LIMIT = '4294967295'
  OMP_MAX_ACTIVE_LEVELS = '2147483647'
  OMP_CANCELLATION = 'FALSE'
  OMP_DEFAULT_DEVICE = '0'
  OMP_MAX_TASK_PRIORITY = '0'
  OMP_DISPLAY_AFFINITY = 'FALSE'
  OMP_AFFINITY_FORMAT = 'level %L thread %i affinity %A'
OPENMP DISPLAY ENVIRONMENT END
{},{10{4810564},16},},{70{79},{},},},},93{},{},{16},{106{{17},},},806544},},},},{{{81},{82},{83}'
  OMP_STACKSIZE = '0'
  OMP_WAIT_POLICY = 'PASSIVE'
1849{},11{{{  OMP_THREAD_LIMIT = '4294967295'
714596{},},17  OMP_MAX_ACTIVE_LEVELS = '2147483647'
{107},  OMP_CANCELLATION = 'FALSE'
},},},  OMP_DEFAULT_DEVICE = '0'
{{72{},{108},4618},{{97},},{  OMP_MAX_TASK_PRIORITY = '0'
73{},  OMP_DISPLAY_AFFINITY = 'FALSE'
{47},109{},74},{{  OMP_AFFINITY_FORMAT = 'level %L thread %i affinity %A'
},110{OPENMP DISPLAY ENVIRONMENT END
{},98{195675843611{},66},{67{},12},},{11194}},'
{{{  OMP_STACKSIZE = '0'
},  OMP_WAIT_POLICY = 'PASSIVE'
19  OMP_THREAD_LIMIT = '4294967295'
50{},{{  OMP_MAX_ACTIVE_LEVELS = '2147483647'
48},76  OMP_CANCELLATION = 'FALSE'
99  OMP_DEFAULT_DEVICE = '0'
},  OMP_MAX_TASK_PRIORITY = '0'
  OMP_DISPLAY_AFFINITY = 'FALSE'
{  OMP_AFFINITY_FORMAT = 'level %L thread %i affinity %A'
OPENMP DISPLAY ENVIRONMENT END
{},},},77{},{2013{49{},},},{12{{78},},},},{100{14{},{15},{{507916},},{{},51{},{},101{805237{21},},17},{{},},5381{{18},},{},},{102{{19825422},{{},55}},'
38  OMP_STACKSIZE = '0'
{},},  OMP_WAIT_POLICY = 'PASSIVE'
23{},  OMP_THREAD_LIMIT = '4294967295'
},20{13{{83{},  OMP_MAX_ACTIVE_LEVELS = '2147483647'
68},95  OMP_CANCELLATION = 'FALSE'
},{},{  OMP_DEFAULT_DEVICE = '0'
{  OMP_MAX_TASK_PRIORITY = '0'
},2169  OMP_DISPLAY_AFFINITY = 'FALSE'
5129{57},  OMP_AFFINITY_FORMAT = 'level %L thread %i affinity %A'
96},{52},{},},OPENMP DISPLAY ENVIRONMENT END
},{},22{{208553},24{23},},{{{{},9714{24},{25},{26},{27}'
  OMP_STACKSIZE = '0'
  OMP_WAIT_POLICY = 'PASSIVE'
{  OMP_THREAD_LIMIT = '4294967295'
  OMP_MAX_ACTIVE_LEVELS = '2147483647'
  OMP_CANCELLATION = 'FALSE'
  OMP_DEFAULT_DEVICE = '0'
{  OMP_MAX_TASK_PRIORITY = '0'
84},},{103  OMP_DISPLAY_AFFINITY = 'FALSE'
  OMP_AFFINITY_FORMAT = 'level %L thread %i affinity %A'
OPENMP DISPLAY ENVIRONMENT END
{{},701585583930}},},},{{'
},104{71},{72},},{{  OMP_STACKSIZE = '0'
{},},},{},  OMP_WAIT_POLICY = 'PASSIVE'
{{98251621{},},},{5440{  OMP_THREAD_LIMIT = '4294967295'
73},},},},  OMP_MAX_ACTIVE_LEVELS = '2147483647'
99{{  OMP_CANCELLATION = 'FALSE'
},4122  OMP_DEFAULT_DEVICE = '0'
},},},{74{17{{{26},{},  OMP_MAX_TASK_PRIORITY = '0'
{},55{},  OMP_DISPLAY_AFFINITY = 'FALSE'
2310531{18  OMP_AFFINITY_FORMAT = 'level %L thread %i affinity %A'
},{},},86OPENMP DISPLAY ENVIRONMENT END
{27{10042},{}19{{'
},},},{{{{75106  OMP_STACKSIZE = '0'
431012824},  OMP_WAIT_POLICY = 'PASSIVE'
},},{},  OMP_THREAD_LIMIT = '4294967295'
},},{{59},{107102{{  OMP_MAX_ACTIVE_LEVELS = '2147483647'
{25},},  OMP_CANCELLATION = 'FALSE'
447629},},{  OMP_DEFAULT_DEVICE = '0'
20}'
  OMP_STACKSIZE = '0'
  OMP_WAIT_POLICY = 'PASSIVE'
32{},  OMP_THREAD_LIMIT = '4294967295'
},108},{{},  OMP_MAX_ACTIVE_LEVELS = '2147483647'
  OMP_CANCELLATION = 'FALSE'
  OMP_DEFAULT_DEVICE = '0'
  OMP_MAX_TASK_PRIORITY = '0'
26},{27  OMP_MAX_TASK_PRIORITY = '0'
45},},21{},  OMP_DISPLAY_AFFINITY = 'FALSE'
  OMP_DISPLAY_AFFINITY = 'FALSE'
  OMP_AFFINITY_FORMAT = 'level %L thread %i affinity %A'
OPENMP DISPLAY ENVIRONMENT END
{},{  OMP_AFFINITY_FORMAT = 'level %L thread %i affinity %A'
22{{103{}109'
{OPENMP DISPLAY ENVIRONMENT END
46},},  OMP_STACKSIZE = '0'
},{{77{  OMP_WAIT_POLICY = 'PASSIVE'
11010447},},87},{{{{33111604823},  OMP_THREAD_LIMIT = '4294967295'
},},{},{{},112  OMP_MAX_ACTIVE_LEVELS = '2147483647'
4924},{},{{113  OMP_CANCELLATION = 'FALSE'
},105}},{  OMP_DEFAULT_DEVICE = '0'
'
},50{  OMP_STACKSIZE = '0'
  OMP_MAX_TASK_PRIORITY = '0'
},{  OMP_WAIT_POLICY = 'PASSIVE'
78{  OMP_DISPLAY_AFFINITY = 'FALSE'
  OMP_THREAD_LIMIT = '4294967295'
},51106  OMP_MAX_ACTIVE_LEVELS = '2147483647'
{},  OMP_AFFINITY_FORMAT = 'level %L thread %i affinity %A'
  OMP_CANCELLATION = 'FALSE'
},{OPENMP DISPLAY ENVIRONMENT END
  OMP_DEFAULT_DEVICE = '0'
7952{  OMP_MAX_TASK_PRIORITY = '0'
107},{  OMP_DISPLAY_AFFINITY = 'FALSE'
34{},{80},},},  OMP_AFFINITY_FORMAT = 'level %L thread %i affinity %A'
{OPENMP DISPLAY ENVIRONMENT END
{2553},{54},{55},},{56},},{{57}'
  OMP_STACKSIZE = '0'
  OMP_WAIT_POLICY = 'PASSIVE'
{  OMP_THREAD_LIMIT = '4294967295'
  OMP_MAX_ACTIVE_LEVELS = '2147483647'
  OMP_CANCELLATION = 'FALSE'
  OMP_DEFAULT_DEVICE = '0'
  OMP_MAX_TASK_PRIORITY = '0'
  OMP_DISPLAY_AFFINITY = 'FALSE'
  OMP_AFFINITY_FORMAT = 'level %L thread %i affinity %A'
OPENMP DISPLAY ENVIRONMENT END
},108{8126},35},{{},{{822710988},}},},{'
{{110},83  OMP_STACKSIZE = '0'
}{'
  OMP_WAIT_POLICY = 'PASSIVE'
},61  OMP_STACKSIZE = '0'
  OMP_THREAD_LIMIT = '4294967295'
{36  OMP_WAIT_POLICY = 'PASSIVE'
  OMP_MAX_ACTIVE_LEVELS = '2147483647'
  OMP_THREAD_LIMIT = '4294967295'
89  OMP_MAX_ACTIVE_LEVELS = '2147483647'
  OMP_CANCELLATION = 'FALSE'
111},  OMP_CANCELLATION = 'FALSE'
},}  OMP_DEFAULT_DEVICE = '0'
  OMP_DEFAULT_DEVICE = '0'
  OMP_MAX_TASK_PRIORITY = '0'
'
},  OMP_MAX_TASK_PRIORITY = '0'
  OMP_DISPLAY_AFFINITY = 'FALSE'
  OMP_AFFINITY_FORMAT = 'level %L thread %i affinity %A'
OPENMP DISPLAY ENVIRONMENT END
  OMP_DISPLAY_AFFINITY = 'FALSE'
  OMP_STACKSIZE = '0'
{  OMP_WAIT_POLICY = 'PASSIVE'
{  OMP_THREAD_LIMIT = '4294967295'
  OMP_AFFINITY_FORMAT = 'level %L thread %i affinity %A'
  OMP_MAX_ACTIVE_LEVELS = '2147483647'
OPENMP DISPLAY ENVIRONMENT END
  OMP_CANCELLATION = 'FALSE'
{  OMP_DEFAULT_DEVICE = '0'
90  OMP_MAX_TASK_PRIORITY = '0'
37  OMP_DISPLAY_AFFINITY = 'FALSE'
62  OMP_AFFINITY_FORMAT = 'level %L thread %i affinity %A'
OPENMP DISPLAY ENVIRONMENT END
},},},{63{91},{{92},{93},},{94},{{95},{96},{97},{98},{99},{100},{101},{10238},{64},},{103},{104},{105},{106},{107},{108},{109},{110},39{},{40},{41},{42},{43},{44},{45},{46},{47},{65{},{66},{67},{11148},{49},{50},{51},{5268},{69},{70},{71},{53},{54},}{},{55}'
  OMP_STACKSIZE = '0'
  OMP_WAIT_POLICY = 'PASSIVE'
  OMP_THREAD_LIMIT = '4294967295'
  OMP_MAX_ACTIVE_LEVELS = '2147483647'
72},{73},{74},{'
  OMP_STACKSIZE = '0'
  OMP_CANCELLATION = 'FALSE'
  OMP_DEFAULT_DEVICE = '0'
75  OMP_MAX_TASK_PRIORITY = '0'
  OMP_DISPLAY_AFFINITY = 'FALSE'
  OMP_AFFINITY_FORMAT = 'level %L thread %i affinity %A'
OPENMP DISPLAY ENVIRONMENT END
  OMP_WAIT_POLICY = 'PASSIVE'
  OMP_THREAD_LIMIT = '4294967295'
},  OMP_MAX_ACTIVE_LEVELS = '2147483647'
  OMP_CANCELLATION = 'FALSE'
  OMP_DEFAULT_DEVICE = '0'
{76  OMP_MAX_TASK_PRIORITY = '0'
},{77},{78},{79},{80},{81},{82},{83}'
  OMP_STACKSIZE = '0'
  OMP_WAIT_POLICY = 'PASSIVE'
  OMP_THREAD_LIMIT = '4294967295'
  OMP_MAX_ACTIVE_LEVELS = '2147483647'
  OMP_CANCELLATION = 'FALSE'
  OMP_DISPLAY_AFFINITY = 'FALSE'
  OMP_DEFAULT_DEVICE = '0'
  OMP_AFFINITY_FORMAT = 'level %L thread %i affinity %A'
OPENMP DISPLAY ENVIRONMENT END
  OMP_MAX_TASK_PRIORITY = '0'
  OMP_DISPLAY_AFFINITY = 'FALSE'
  OMP_AFFINITY_FORMAT = 'level %L thread %i affinity %A'
OPENMP DISPLAY ENVIRONMENT END
