'

OPENMP DISPLAY ENVIRONMENT BEGIN
DYNAMIC87  OMP_NUM_THREADS = '3DYNAMIC'
  OMP_NESTED = 'FALSE'

OPENMP DISPLAY ENVIRONMENT BEGIN
'
  OMP_SCHEDULE = '  OMP_PROC_BIND = '},
OPENMP DISPLAY ENVIRONMENT BEGIN
'
  OMP_SCHEDULE = '  OMP_DYNAMIC = 'FALSE'
  OMP_PROC_BIND = '
OPENMP DISPLAY ENVIRONMENT BEGIN

OPENMP DISPLAY ENVIRONMENT BEGIN
  OMP_DYNAMIC = 'FALSE'
  _OPENMP = '201511'
  _OPENMP = '201511'
  OMP_DYNAMIC = 'FALSE'
'
SPREAD  OMP_PROC_BIND = '{
OPENMP DISPLAY ENVIRONMENT BEGIN
  OMP_NUM_THREADS = '28  _OPENMP = '201511'
  OMP_DYNAMIC = 'FALSE'
  OMP_NESTED = 'FALSE'
  OMP_SCHEDULE = 'SPREAD88'
DYNAMICDYNAMIC  _OPENMP = '201511'
  _OPENMP = '201511'
'
'
  OMP_NESTED = 'FALSE'
  _OPENMP = '201511'
  OMP_NUM_THREADS = '17  OMP_NESTED = 'FALSE'
  OMP_PROC_BIND = 'SPREAD'
  OMP_DYNAMIC = 'FALSE'
  OMP_PLACES = '},  OMP_PROC_BIND = '  OMP_NESTED = 'FALSE'
'
  OMP_DYNAMIC = 'FALSE'
DYNAMIC
OPENMP DISPLAY ENVIRONMENT BEGIN
'
  OMP_DYNAMIC = 'FALSE'
  OMP_PLACES = '  OMP_NUM_THREADS = '19{  _OPENMP = '201511'
  OMP_DYNAMIC = 'FALSE'

OPENMP DISPLAY ENVIRONMENT BEGIN
  OMP_NESTED = 'FALSE'
  OMP_SCHEDULE = 'DYNAMIC'
'
SPREADDYNAMIC  OMP_NESTED = 'FALSE'
{89SPREAD'
  OMP_NUM_THREADS = '14'
  OMP_PROC_BIND = '{29},},57{
OPENMP DISPLAY ENVIRONMENT BEGIN
  OMP_SCHEDULE = '  OMP_DYNAMIC = 'FALSE'
  OMP_NUM_THREADS = '5  OMP_PROC_BIND = ''
'
  OMP_SCHEDULE = '  OMP_PROC_BIND = 'SPREADSPREAD'
},SPREAD  OMP_DYNAMIC = 'FALSE'
  OMP_PLACES = ''
DYNAMIC'
  OMP_PLACES = '  _OPENMP = '201511'
30{  OMP_NESTED = 'FALSE'
'
  OMP_PLACES = '  OMP_NESTED = 'FALSE'
{'
},  OMP_PROC_BIND = ''
'
SPREAD'
  OMP_NUM_THREADS = '15  OMP_PROC_BIND = '  OMP_NESTED = 'FALSE'
30  OMP_NUM_THREADS = '21  OMP_PLACES = '{  OMP_PLACES = 'DYNAMIC{SPREAD{{'
  OMP_NUM_THREADS = '20  OMP_NUM_THREADS = '6  OMP_SCHEDULE = '  _OPENMP = '201511'
  OMP_PROC_BIND = '  OMP_DYNAMIC = 'FALSE'
28  OMP_NUM_THREADS = '1658'
},90{{0  OMP_SCHEDULE = 'DYNAMIC  OMP_SCHEDULE = '  OMP_PLACES = '  OMP_NESTED = 'FALSE'
},SPREAD},'
  OMP_NESTED = 'FALSE'
'
31{},{91'
'
{},28{'
},{59  OMP_PLACES = '  OMP_NUM_THREADS = '1858  OMP_PLACES = '3292},  OMP_SCHEDULE = '},86},DYNAMIC},  OMP_NESTED = 'FALSE'
{{{  OMP_NUM_THREADS = '25  OMP_PROC_BIND = 'DYNAMIC},{{  OMP_SCHEDULE = '{  OMP_NUM_THREADS = '22'
DYNAMIC},{0{  OMP_PROC_BIND = '  _OPENMP = '201511'
'
'
},56'
33'
93  OMP_PLACES = ''
'
{29  OMP_DYNAMIC = 'FALSE'
3160{SPREAD  OMP_SCHEDULE = '},},{},{  OMP_PROC_BIND = '{'
},SPREAD},  OMP_PROC_BIND = '{87DYNAMIC29},SPREAD1  OMP_PROC_BIND = '3461},{{30'
59SPREAD},94  OMP_PLACES = '{{},  OMP_SCHEDULE = '35},'
},'
},30{'
{  OMP_SCHEDULE = 'SPREAD{'
},},{{{6295},{36},96},},{97},{98},{99},{100{37{},},{101{},6338{},{39102},{103},{104},{105},},{},40{},{{6441106},},{42},{},107},{108},{109},{110},{111},{112}{{  OMP_SCHEDULE = '},  OMP_PROC_BIND = ''
{57{3230  OMP_PLACES = '6543'
},  OMP_STACKSIZE = '0'
{  OMP_DYNAMIC = 'FALSE'
  OMP_PLACES = '},{56},},},  OMP_WAIT_POLICY = 'PASSIVE'
2},  OMP_PLACES = 'SPREAD1{{DYNAMIC},},},8860},{DYNAMIC'
{{{'
31'
},},  OMP_NESTED = 'FALSE'
  OMP_PLACES = 'DYNAMIC  OMP_NUM_THREADS = '23{33{58{DYNAMIC  OMP_THREAD_LIMIT = '4294967295'
66},{{},4484{313{},  OMP_MAX_ACTIVE_LEVELS = '2147483647'
},  OMP_SCHEDULE = '31},  OMP_PLACES = '},},59{  OMP_CANCELLATION = 'FALSE'
{{2'
{},},{},{'
{},{{89  OMP_DEFAULT_DEVICE = '0'
  OMP_MAX_TASK_PRIORITY = '0'
  OMP_DISPLAY_AFFINITY = 'FALSE'
  OMP_AFFINITY_FORMAT = 'level %L thread %i affinity %A'
67032{57  OMP_SCHEDULE = '{{},  OMP_NESTED = 'FALSE'
OPENMP DISPLAY ENVIRONMENT END
},45{32{32{},'
61},},{846085},34},},  OMP_PROC_BIND = '},{{'
},84336828{4  OMP_NUM_THREADS = '24{},33},  OMP_PROC_BIND = '},46{},},},{390{{SPREAD},SPREAD{},},},62{{{47DYNAMIC5869},{},48},{{{70},},{'
91},'
'
{},  OMP_PROC_BIND = '35{},3386{1},  OMP_SCHEDULE = '  OMP_PLACES = '{{49},{85{6392'
71},{},{34{29},5},61{{},},{},{{},877250},},},{85SPREAD{},{{673{},{30{},DYNAMIC},  OMP_PROC_BIND = '{'
{DYNAMIC34{},36{6474{},},{93{51{},},{6575{52},},94},{{},{6653},{95},{76},},96{},{{},{6754628835},{77},},97{},37{6855},{98},},{},},{  OMP_PROC_BIND = ''
86{{{78{569969}38},},},{'
},{{  OMP_STACKSIZE = '0'
{},70SPREAD100{},79SPREAD  OMP_WAIT_POLICY = 'PASSIVE'
'
},{  OMP_THREAD_LIMIT = '4294967295'
'
{87  OMP_MAX_ACTIVE_LEVELS = '2147483647'
  OMP_PLACES = '80},  OMP_CANCELLATION = 'FALSE'
  OMP_PLACES = '  OMP_DEFAULT_DEVICE = '0'
{  OMP_MAX_TASK_PRIORITY = '0'
{},36  OMP_DISPLAY_AFFINITY = 'FALSE'
},  OMP_AFFINITY_FORMAT = 'level %L thread %i affinity %A'
},{OPENMP DISPLAY ENVIRONMENT END
3981},{},{82},8688  OMP_PLACES = '4},},},{},1'
58{},{},{2  OMP_PLACES = '7  OMP_PROC_BIND = '{71{{83},89{},},59},{SPREAD101{},40{},{723{},},{},37102},{103},{104},{105},{{{{41  OMP_PROC_BIND = '34{},},},10673{},{60},{107},{},},{{108},{61},{62},{{5},6374},42},{},{},{{8475}{'
109},{},  OMP_STACKSIZE = '0'
43  OMP_WAIT_POLICY = 'PASSIVE'
110  OMP_THREAD_LIMIT = '4294967295'
{  OMP_MAX_ACTIVE_LEVELS = '2147483647'
  OMP_CANCELLATION = 'FALSE'
  OMP_DEFAULT_DEVICE = '0'
  OMP_MAX_TASK_PRIORITY = '0'
  OMP_DISPLAY_AFFINITY = 'FALSE'
35  OMP_AFFINITY_FORMAT = 'level %L thread %i affinity %A'
},OPENMP DISPLAY ENVIRONMENT END
{},7635},},{0},892{SPREAD},{63{{111},444},},},{},},{},28{36{77{{38},{112},{39},{{90},40},{87},{531{},4178},4591{{},{79},{80},},3{{{113},{},},},{{}6},},46},'
},{92{{6{36},},42{{{867793},},},},648},{87{},},{59{{88},{37},},4{{90{{{},},94},{},47},89{8},378},{65},{9{{88},608195  OMP_STACKSIZE = '0'
},},},},  OMP_WAIT_POLICY = 'PASSIVE'
{9{{},},38},{{{{{},82{5{},'
38{{61  OMP_THREAD_LIMIT = '4294967295'
9},},  OMP_MAX_ACTIVE_LEVELS = '2147483647'
  OMP_PLACES = '{91'
{},190},  OMP_PLACES = '56{29},},6{},},{92{},7{{{},},{96  OMP_CANCELLATION = 'FALSE'
4383},48{  OMP_DEFAULT_DEVICE = '0'
},{},},  OMP_MAX_TASK_PRIORITY = '0'
11{},  OMP_DISPLAY_AFFINITY = 'FALSE'
{},{},},{{10628497  OMP_AFFINITY_FORMAT = 'level %L thread %i affinity %A'
},44{},OPENMP DISPLAY ENVIRONMENT END
{{},49},85{},{{},6657},1089},{98{12}},5045{'
},},},  OMP_STACKSIZE = '0'
{{{  OMP_WAIT_POLICY = 'PASSIVE'
135199  OMP_THREAD_LIMIT = '4294967295'
39},{{},{},{6339{90},{100},},{{{{},40},1193},2},{{},91{12{67},11},58{{{40},465614{},91},},13},92},{},{{},},},68{{{  OMP_MAX_ACTIVE_LEVELS = '2147483647'
{{64  OMP_CANCELLATION = 'FALSE'
52{  OMP_DEFAULT_DEVICE = '0'
47{{},1293},8},},10141{1494{30},},  OMP_MAX_TASK_PRIORITY = '0'
},{3  OMP_DISPLAY_AFFINITY = 'FALSE'
},},53{  OMP_AFFINITY_FORMAT = 'level %L thread %i affinity %A'
{},{{65OPENMP DISPLAY ENVIRONMENT END
48{1025415},{55},},{56},{57}'
  OMP_STACKSIZE = '0'
  OMP_WAIT_POLICY = 'PASSIVE'
  OMP_THREAD_LIMIT = '4294967295'
  OMP_MAX_ACTIVE_LEVELS = '2147483647'
  OMP_CANCELLATION = 'FALSE'
  OMP_DEFAULT_DEVICE = '0'
  OMP_MAX_TASK_PRIORITY = '0'
  OMP_DISPLAY_AFFINITY = 'FALSE'
},  OMP_AFFINITY_FORMAT = 'level %L thread %i affinity %A'
OPENMP DISPLAY ENVIRONMENT END
41},},},},},{94},{{69{},},42},},{{{},{{9215{},{4970},},},},{319{{{},{57169395{{5916},103{},},},},},},{96},6643{{{},50{95{{{1017},},{},1317},},},42},{97{{{},},104{{{{3218},},60},94},1167{71{18},},{},},5896{},},{},{},{},{{105{{1919{519868},{72{61},{},},},44{204},{},20},{99},{100},{3395},},},{{{{{},{215297},14},{},96{{{},},{{34{522},6912},},53},43{},{{2159{97},},45{{},10173},},10622{},},23},70{{{{},},},107{{74{235446},{},},24{71},{{55},},{25},},102{},24{26{},108},{{{7247},1035675{},},},{{{},25},{{},{{6048},{},},10427},{},},{{{{28{577362{2613},},76},{},{10949{},27},105{}9829},'
},677{35}{{},},{  OMP_STACKSIZE = '0'
},15},},98{{{{44},167},{{},},{106},{107},}{},{{'
},11014  OMP_STACKSIZE = '0'
99},108},{63{},45},17{},61},},{'
{10915{},{100  OMP_STACKSIZE = '0'
  OMP_WAIT_POLICY = 'PASSIVE'
78  OMP_WAIT_POLICY = 'PASSIVE'
{},  OMP_WAIT_POLICY = 'PASSIVE'
50{{  OMP_THREAD_LIMIT = '4294967295'
  OMP_THREAD_LIMIT = '4294967295'
  OMP_THREAD_LIMIT = '4294967295'
},74},  OMP_MAX_ACTIVE_LEVELS = '2147483647'
  OMP_MAX_ACTIVE_LEVELS = '2147483647'
{},  OMP_CANCELLATION = 'FALSE'
  OMP_CANCELLATION = 'FALSE'
51  OMP_MAX_ACTIVE_LEVELS = '2147483647'
  OMP_DEFAULT_DEVICE = '0'
111},  OMP_DEFAULT_DEVICE = '0'
{  OMP_MAX_TASK_PRIORITY = '0'
},{  OMP_CANCELLATION = 'FALSE'
{  OMP_DISPLAY_AFFINITY = 'FALSE'
  OMP_MAX_TASK_PRIORITY = '0'
{112  OMP_AFFINITY_FORMAT = 'level %L thread %i affinity %A'
  OMP_DISPLAY_AFFINITY = 'FALSE'
75110},79},OPENMP DISPLAY ENVIRONMENT END
{},185246{},},},},{},{{{  OMP_DEFAULT_DEVICE = '0'
16{},  OMP_MAX_TASK_PRIORITY = '0'
{113{  OMP_DISPLAY_AFFINITY = 'FALSE'
19}{10199},  OMP_AFFINITY_FORMAT = 'level %L thread %i affinity %A'
{7620  OMP_AFFINITY_FORMAT = 'level %L thread %i affinity %A'
},},62473680},{},},},{{53},8164{'
},OPENMP DISPLAY ENVIRONMENT END
{OPENMP DISPLAY ENVIRONMENT END
},{},},{},{{17{10221},48},},111{}{},},{54{'
},{{  OMP_STACKSIZE = '0'
{},18{103{{7737},65},863},{},55  OMP_WAIT_POLICY = 'PASSIVE'
82{},22},},  OMP_THREAD_LIMIT = '4294967295'
{{19  OMP_MAX_ACTIVE_LEVELS = '2147483647'
49{64100},{10438  OMP_STACKSIZE = '0'
{78  OMP_CANCELLATION = 'FALSE'
},},}  OMP_DEFAULT_DEVICE = '0'
{{'
  OMP_MAX_TASK_PRIORITY = '0'
},79},},  OMP_DISPLAY_AFFINITY = 'FALSE'
23},},{},{},{105  OMP_WAIT_POLICY = 'PASSIVE'
  OMP_STACKSIZE = '0'
},83{  OMP_WAIT_POLICY = 'PASSIVE'
9  OMP_THREAD_LIMIT = '4294967295'
20}},  OMP_THREAD_LIMIT = '4294967295'
},'
{  OMP_MAX_ACTIVE_LEVELS = '2147483647'
{{{  OMP_AFFINITY_FORMAT = 'level %L thread %i affinity %A'
{80OPENMP DISPLAY ENVIRONMENT END
50},{81},{82  OMP_MAX_ACTIVE_LEVELS = '2147483647'
},  OMP_STACKSIZE = '0'
{83},{84},{85}'
  OMP_STACKSIZE = '0'
  OMP_WAIT_POLICY = 'PASSIVE'
  OMP_THREAD_LIMIT = '4294967295'
  OMP_MAX_ACTIVE_LEVELS = '2147483647'
  OMP_CANCELLATION = 'FALSE'
  OMP_DEFAULT_DEVICE = '0'
  OMP_CANCELLATION = 'FALSE'
  OMP_MAX_TASK_PRIORITY = '0'
  OMP_DISPLAY_AFFINITY = 'FALSE'
  OMP_AFFINITY_FORMAT = 'level %L thread %i affinity %A'
OPENMP DISPLAY ENVIRONMENT END
  OMP_WAIT_POLICY = 'PASSIVE'
21  OMP_CANCELLATION = 'FALSE'
64  OMP_DEFAULT_DEVICE = '0'
{  OMP_DEFAULT_DEVICE = '0'
},  OMP_MAX_TASK_PRIORITY = '0'
},  OMP_MAX_TASK_PRIORITY = '0'
24},106  OMP_THREAD_LIMIT = '4294967295'
{  OMP_DISPLAY_AFFINITY = 'FALSE'
{  OMP_MAX_ACTIVE_LEVELS = '2147483647'
},  OMP_DISPLAY_AFFINITY = 'FALSE'
22  OMP_AFFINITY_FORMAT = 'level %L thread %i affinity %A'
{  OMP_CANCELLATION = 'FALSE'
107OPENMP DISPLAY ENVIRONMENT END
},  OMP_AFFINITY_FORMAT = 'level %L thread %i affinity %A'
},  OMP_DEFAULT_DEVICE = '0'
{  OMP_MAX_TASK_PRIORITY = '0'
{OPENMP DISPLAY ENVIRONMENT END
23  OMP_DISPLAY_AFFINITY = 'FALSE'
10866},  OMP_AFFINITY_FORMAT = 'level %L thread %i affinity %A'
},OPENMP DISPLAY ENVIRONMENT END
{{65{},10},39{101{{51},109},24},},{},{},1125{},},},40{},{},{67{2552110{26{{},},},12},{{41},{{26{102111},},},}{{{{},'
4227{{  OMP_STACKSIZE = '0'
27}53},  OMP_WAIT_POLICY = 'PASSIVE'
},  OMP_THREAD_LIMIT = '4294967295'
{'
136668  OMP_STACKSIZE = '0'
},  OMP_MAX_ACTIVE_LEVELS = '2147483647'
10365  OMP_WAIT_POLICY = 'PASSIVE'
},},  OMP_CANCELLATION = 'FALSE'
{  OMP_THREAD_LIMIT = '4294967295'
{  OMP_DEFAULT_DEVICE = '0'
14  OMP_MAX_ACTIVE_LEVELS = '2147483647'
69},},  OMP_MAX_TASK_PRIORITY = '0'
},}  OMP_CANCELLATION = 'FALSE'
{  OMP_DISPLAY_AFFINITY = 'FALSE'
'
  OMP_DEFAULT_DEVICE = '0'
54{  OMP_AFFINITY_FORMAT = 'level %L thread %i affinity %A'
{  OMP_STACKSIZE = '0'
  OMP_MAX_TASK_PRIORITY = '0'
  OMP_WAIT_POLICY = 'PASSIVE'
{OPENMP DISPLAY ENVIRONMENT END
70{},  OMP_DISPLAY_AFFINITY = 'FALSE'
4367},  OMP_AFFINITY_FORMAT = 'level %L thread %i affinity %A'
15OPENMP DISPLAY ENVIRONMENT END
{},},{{68104},71{69},{70},{71},},{{{72},},{73105},44{{74},{75},{76},{77},32},{},},  OMP_THREAD_LIMIT = '4294967295'
{{{  OMP_MAX_ACTIVE_LEVELS = '2147483647'
72551678},},45{},79},},{{80},},{},8173},{{{82106},46{{83},}'
  OMP_STACKSIZE = '0'
17  OMP_WAIT_POLICY = 'PASSIVE'
{{  OMP_CANCELLATION = 'FALSE'
},  OMP_THREAD_LIMIT = '4294967295'
},  OMP_MAX_ACTIVE_LEVELS = '2147483647'
74  OMP_CANCELLATION = 'FALSE'
{}  OMP_DEFAULT_DEVICE = '0'
'
  OMP_MAX_TASK_PRIORITY = '0'
  OMP_DEFAULT_DEVICE = '0'
  OMP_DISPLAY_AFFINITY = 'FALSE'
  OMP_MAX_TASK_PRIORITY = '0'
  OMP_AFFINITY_FORMAT = 'level %L thread %i affinity %A'
OPENMP DISPLAY ENVIRONMENT END
  OMP_STACKSIZE = '0'
33},{34},{{  OMP_DISPLAY_AFFINITY = 'FALSE'
},35},{  OMP_WAIT_POLICY = 'PASSIVE'
36},{18  OMP_AFFINITY_FORMAT = 'level %L thread %i affinity %A'
},  OMP_THREAD_LIMIT = '4294967295'
{},{  OMP_MAX_ACTIVE_LEVELS = '2147483647'
10737},{4738},{},39},{40},{41},{42},{43},{OPENMP DISPLAY ENVIRONMENT END
},  OMP_CANCELLATION = 'FALSE'
75  OMP_DEFAULT_DEVICE = '0'
},  OMP_MAX_TASK_PRIORITY = '0'
{{{  OMP_DISPLAY_AFFINITY = 'FALSE'
48  OMP_AFFINITY_FORMAT = 'level %L thread %i affinity %A'
{OPENMP DISPLAY ENVIRONMENT END
10866},{67},},{},68},},{691944},{},{70},{71},{72},45},{{46},{{47},{{48},{49},{50},{7651},{52},{10953},{4954},{},55}'
  OMP_STACKSIZE = '0'
  OMP_WAIT_POLICY = 'PASSIVE'
  OMP_THREAD_LIMIT = '4294967295'
  OMP_MAX_ACTIVE_LEVELS = '2147483647'
  OMP_CANCELLATION = 'FALSE'
  OMP_DEFAULT_DEVICE = '0'
  OMP_MAX_TASK_PRIORITY = '0'
  OMP_DISPLAY_AFFINITY = 'FALSE'
  OMP_AFFINITY_FORMAT = 'level %L thread %i affinity %A'
OPENMP DISPLAY ENVIRONMENT END
},{73},{74},{75},},{76{},{{77},{7820},{79{},{80},},{81},50{82},110{83}},'
{  OMP_STACKSIZE = '0'
{  OMP_WAIT_POLICY = 'PASSIVE'
  OMP_THREAD_LIMIT = '4294967295'
  OMP_MAX_ACTIVE_LEVELS = '2147483647'
77  OMP_CANCELLATION = 'FALSE'
  OMP_DEFAULT_DEVICE = '0'
  OMP_MAX_TASK_PRIORITY = '0'
},  OMP_DISPLAY_AFFINITY = 'FALSE'
  OMP_AFFINITY_FORMAT = 'level %L thread %i affinity %A'
OPENMP DISPLAY ENVIRONMENT END
},},21{111},{}{{22},51},78{52{23},},{79},{'
{},80},{{8124},},53},{25},{26{54{  OMP_STACKSIZE = '0'
  OMP_WAIT_POLICY = 'PASSIVE'
  OMP_THREAD_LIMIT = '4294967295'
},},{8255  OMP_MAX_ACTIVE_LEVELS = '2147483647'
{27}  OMP_CANCELLATION = 'FALSE'
}'
},  OMP_STACKSIZE = '0'
  OMP_DEFAULT_DEVICE = '0'
'
  OMP_MAX_TASK_PRIORITY = '0'
  OMP_DISPLAY_AFFINITY = 'FALSE'
  OMP_STACKSIZE = '0'
  OMP_AFFINITY_FORMAT = 'level %L thread %i affinity %A'
OPENMP DISPLAY ENVIRONMENT END
  OMP_WAIT_POLICY = 'PASSIVE'
{  OMP_WAIT_POLICY = 'PASSIVE'
  OMP_THREAD_LIMIT = '4294967295'
  OMP_MAX_ACTIVE_LEVELS = '2147483647'
  OMP_CANCELLATION = 'FALSE'
  OMP_DEFAULT_DEVICE = '0'
83}  OMP_MAX_TASK_PRIORITY = '0'
  OMP_DISPLAY_AFFINITY = 'FALSE'
'
  OMP_STACKSIZE = '0'
  OMP_AFFINITY_FORMAT = 'level %L thread %i affinity %A'
OPENMP DISPLAY ENVIRONMENT END
  OMP_THREAD_LIMIT = '4294967295'
  OMP_MAX_ACTIVE_LEVELS = '2147483647'
  OMP_CANCELLATION = 'FALSE'
  OMP_DEFAULT_DEVICE = '0'
  OMP_MAX_TASK_PRIORITY = '0'
  OMP_WAIT_POLICY = 'PASSIVE'
  OMP_THREAD_LIMIT = '4294967295'
  OMP_MAX_ACTIVE_LEVELS = '2147483647'
  OMP_CANCELLATION = 'FALSE'
  OMP_DEFAULT_DEVICE = '0'
  OMP_MAX_TASK_PRIORITY = '0'
  OMP_DISPLAY_AFFINITY = 'FALSE'
  OMP_AFFINITY_FORMAT = 'level %L thread %i affinity %A'
OPENMP DISPLAY ENVIRONMENT END
  OMP_DISPLAY_AFFINITY = 'FALSE'
  OMP_AFFINITY_FORMAT = 'level %L thread %i affinity %A'
OPENMP DISPLAY ENVIRONMENT END
