  OMP_NESTED = 'FALSE'
'
  OMP_NESTED = 'FALSE'
  OMP_SCHEDULE = ''
DYNAMIC  OMP_SCHEDULE = 'DYNAMIC  OMP_NESTED = 'FALSE'
DYNAMICDYNAMIC},7DYNAMIC
OPENMP DISPLAY ENVIRONMENT BEGIN
  OMP_DYNAMIC = 'FALSE'
  OMP_NUM_THREADS = '14110  OMP_SCHEDULE = '{  _OPENMP = '201511'

OPENMP DISPLAY ENVIRONMENT BEGIN
  OMP_SCHEDULE = ''
  OMP_NUM_THREADS = '20},'
76DYNAMIC  _OPENMP = '201511'

OPENMP DISPLAY ENVIRONMENT BEGIN
{},111{'
{  OMP_PROC_BIND = 'DYNAMIC'
DYNAMIC'
'

OPENMP DISPLAY ENVIRONMENT BEGIN
  OMP_DYNAMIC = 'FALSE'
DYNAMIC  OMP_PROC_BIND = '  OMP_SCHEDULE = ''
  OMP_SCHEDULE = ''
  _OPENMP = '201511'
DYNAMIC77  OMP_NESTED = 'FALSE'
DYNAMIC  OMP_PROC_BIND = '  OMP_NESTED = 'FALSE'
'
  OMP_DYNAMIC = 'FALSE'
  OMP_PROC_BIND = '  OMP_NESTED = 'FALSE'
'
'
SPREAD31},'
SPREAD  OMP_NUM_THREADS = '17},  OMP_PROC_BIND = '  _OPENMP = '201511'
  OMP_SCHEDULE = '  OMP_NESTED = 'FALSE'
  OMP_PROC_BIND = '  _OPENMP = '201511'
  OMP_PROC_BIND = ''
'
  OMP_PROC_BIND = 'SPREADSPREAD'
  OMP_NUM_THREADS = '18  OMP_NUM_THREADS = '23SPREAD  OMP_PROC_BIND = ''
{},  OMP_DYNAMIC = 'FALSE'
{  OMP_PLACES = 'SPREAD'
  OMP_DYNAMIC = 'FALSE'
DYNAMIC  OMP_PROC_BIND = '{11278},  OMP_NUM_THREADS = '10  OMP_NUM_THREADS = '16  OMP_SCHEDULE = ''
SPREAD  OMP_NESTED = 'FALSE'
'
  OMP_PROC_BIND = ''
},'
'
{SPREADSPREAD  OMP_NUM_THREADS = '13SPREAD'
8'
SPREAD},  OMP_SCHEDULE = ''
'
  OMP_PLACES = '  OMP_PLACES = ''
'
  OMP_SCHEDULE = '  OMP_SCHEDULE = '  OMP_PLACES = '  OMP_PLACES = '  OMP_NESTED = 'FALSE'
DYNAMIC79  OMP_PLACES = '{  OMP_SCHEDULE = ''
  OMP_PLACES = '  OMP_PLACES = '{DYNAMIC  OMP_SCHEDULE = '
OPENMP DISPLAY ENVIRONMENT BEGIN
'
{{DYNAMIC{'
{8529{},DYNAMIC113'
{'
  OMP_NUM_THREADS = '15DYNAMIC'
57},  OMP_PLACES = '  OMP_PROC_BIND = ''
{{  _OPENMP = '201511'
  OMP_PROC_BIND = '  OMP_NUM_THREADS = '22  OMP_PLACES = ''
},{{  OMP_PROC_BIND = '  OMP_PLACES = 'SPREAD  OMP_PROC_BIND = 'SPREAD28},},80'
0'
'
5684},{  OMP_PROC_BIND = '86  OMP_SCHEDULE = '86},{'
SPREADSPREAD  OMP_PLACES = '  OMP_PROC_BIND = '  OMP_SCHEDULE = '},58{{},114'
{{{{DYNAMIC{DYNAMIC},'
},SPREAD568132},{0{  OMP_DYNAMIC = 'FALSE'
30{  OMP_DYNAMIC = 'FALSE'
},9{  OMP_PLACES = '{2},DYNAMIC58},'
{1},{30  OMP_PLACES = '},{5729},'
},{'
{},  OMP_NESTED = 'FALSE'
SPREAD'
{31  OMP_PLACES = '},{87},},},},{{{358},115{},{{{598731},},},{{30{},{'
10157{116  OMP_PROC_BIND = '82},60  OMP_PLACES = '},},{{{33  OMP_PROC_BIND = '28{},SPREAD'
{29  OMP_NESTED = 'FALSE'
  OMP_PLACES = '},{},83117},3288},},{89},{90},{91},{92},{93},{94},{95},{96},{97},{98},{99},{100},},{{{61},33},101{},{{102},{103},{34},10462},{{105},35},{},63{{106},{107},{108},{109},{110},{11136},},},{{112}'
{  OMP_PROC_BIND = '159{},32},},},},},{{SPREAD2{},{},  OMP_NUM_THREADS = '1137{84{{},{},1185},316459},'
{},84{},},},},38{  OMP_STACKSIZE = '0'
{SPREAD{118{},{{{{260{},65},88{4},{  OMP_PROC_BIND = '{'
34},5832  OMP_WAIT_POLICY = 'PASSIVE'
  OMP_NUM_THREADS = '24'
  OMP_PLACES = '865{85119},{12'
},{},33},},},{},3{{},{6{39{},  OMP_SCHEDULE = '{DYNAMIC30035  OMP_THREAD_LIMIT = '4294967295'
{},},},86},},{86120},{},61},{},},8713{{{60},{87},33{'
{},},{},{3{},  OMP_MAX_ACTIVE_LEVELS = '2147483647'
{},1{},},},{62{  OMP_PROC_BIND = '},31{  OMP_PLACES = '  OMP_PLACES = '{  OMP_CANCELLATION = 'FALSE'
{SPREAD408766{8589{'
7},},36},},428},{2},2},{{3  OMP_DEFAULT_DEVICE = '0'
},6159{{},  OMP_PLACES = '{{34{{{12188434{},},},},},{  OMP_MAX_TASK_PRIORITY = '0'
67},41},8832{{14{},  OMP_DISPLAY_AFFINITY = 'FALSE'
{},},{37},{5812289},},{{SPREAD8},{  OMP_AFFINITY_FORMAT = 'level %L thread %i affinity %A'
{},42OPENMP DISPLAY ENVIRONMENT END
86{},{{},{'
},29},{},},'
1236890{},8935{635},},{},{6288},{},{64{{},1560},},{{{},{{},{{},124{{89904},},91},},3587{},},63},3343{{{},36},{56{},90},{},  OMP_SCHEDULE = '{{30{{{91},  OMP_PLACES = '{96},},{{{12569},90},},{{},737},449238},{},34{},{},{{3{},{},DYNAMIC5},{{},9164},{},36557{10},886531},93126},92},},{},{},61},16{},},},{{},{{45},70},{{{},{56{{},},{3289{{{{93},66},59},{439{{{},57386833{},},},11},91{'
{{},7},},  OMP_PROC_BIND = '34{},},4660{71},{},{94{67{{62},},},3917{{{},68{940},},},18{},},},69{{{},{{19{63704140},10},},{},{{},122092},},42},{},},{},{{{909335618},},{36},{},},127{{},{{},21},47{},{65{37},{38},{1358{{{},91},{7295{},}},'
48{{5},{6},9294},{{43},64{},35},  OMP_STACKSIZE = '0'
37},71{},{{{{{},},3941{},9},6{{{14{117  OMP_WAIT_POLICY = 'PASSIVE'
6696},38{95},{},{8{},},{4272},93  OMP_THREAD_LIMIT = '4294967295'
},},73{},},22},{{},{4412},{},73{},{43{{45},2374},{65},},},{{},  OMP_MAX_ACTIVE_LEVELS = '2147483647'
{},{  OMP_CANCELLATION = 'FALSE'
24{6636467},67  OMP_DEFAULT_DEVICE = '0'
},},},{75},{76},{77},},62{96{},{},{{40},101559{},  OMP_MAX_TASK_PRIORITY = '0'
},{},13},{{44{78},},67},47{},{{142594{},},},68{},{{{{826},4897},{},},{{631627{}49{},98},  OMP_DISPLAY_AFFINITY = 'FALSE'
{{{95493774},},  OMP_AFFINITY_FORMAT = 'level %L thread %i affinity %A'
},OPENMP DISPLAY ENVIRONMENT END
{97},{98},{{509975}},'
},  OMP_STACKSIZE = '0'
{  OMP_WAIT_POLICY = 'PASSIVE'
{  OMP_THREAD_LIMIT = '4294967295'
51  OMP_MAX_ACTIVE_LEVELS = '2147483647'
  OMP_CANCELLATION = 'FALSE'
  OMP_DEFAULT_DEVICE = '0'
  OMP_MAX_TASK_PRIORITY = '0'
{7911},},},76  OMP_DISPLAY_AFFINITY = 'FALSE'
},},{},38{},{77  OMP_AFFINITY_FORMAT = 'level %L thread %i affinity %A'
OPENMP DISPLAY ENVIRONMENT END
},{41},{},'
},39{SPREAD},},},9{},  OMP_STACKSIZE = '0'
{{{{52{{{},17},{},94{{7840},6839},9},  OMP_WAIT_POLICY = 'PASSIVE'
60  OMP_THREAD_LIMIT = '4294967295'
{6912  OMP_MAX_ACTIVE_LEVELS = '2147483647'
4250},},{{{},99},{79},},},{{},{5840  OMP_CANCELLATION = 'FALSE'
{{{15{{11},69100},},64{8092},},},  OMP_DEFAULT_DEVICE = '0'
45{80  OMP_MAX_TASK_PRIORITY = '0'
},51{  OMP_DISPLAY_AFFINITY = 'FALSE'
},{},},  OMP_AFFINITY_FORMAT = 'level %L thread %i affinity %A'
16OPENMP DISPLAY ENVIRONMENT END
46{},{},52{70{{},138143},},},{{},82{},{{53538371},},{{},{81{},95{70{1241},{},},{84{},}54{'
},},  OMP_STACKSIZE = '0'
{{{  OMP_WAIT_POLICY = 'PASSIVE'
},},},17{{{{548272},},},{47},{55},{83}{73}'
18},'
  OMP_STACKSIZE = '0'
},{  OMP_STACKSIZE = '0'
  OMP_WAIT_POLICY = 'PASSIVE'
{74{  OMP_THREAD_LIMIT = '4294967295'
  OMP_WAIT_POLICY = 'PASSIVE'
},19  OMP_MAX_ACTIVE_LEVELS = '2147483647'
  OMP_THREAD_LIMIT = '4294967295'
{48  OMP_CANCELLATION = 'FALSE'
  OMP_DEFAULT_DEVICE = '0'
75  OMP_MAX_TASK_PRIORITY = '0'
  OMP_DISPLAY_AFFINITY = 'FALSE'
  OMP_AFFINITY_FORMAT = 'level %L thread %i affinity %A'
},OPENMP DISPLAY ENVIRONMENT END
},{  OMP_MAX_ACTIVE_LEVELS = '2147483647'
76},},{  OMP_CANCELLATION = 'FALSE'
77},{78},{{79},  OMP_DEFAULT_DEVICE = '0'
{80},{2081},{  OMP_MAX_TASK_PRIORITY = '0'
82},{  OMP_DISPLAY_AFFINITY = 'FALSE'
83}'
  OMP_AFFINITY_FORMAT = 'level %L thread %i affinity %A'
  OMP_STACKSIZE = '0'
  OMP_WAIT_POLICY = 'PASSIVE'
},  OMP_THREAD_LIMIT = '4294967295'
  OMP_MAX_ACTIVE_LEVELS = '2147483647'
{  OMP_CANCELLATION = 'FALSE'
  OMP_DEFAULT_DEVICE = '0'
{  OMP_MAX_TASK_PRIORITY = '0'
  OMP_DISPLAY_AFFINITY = 'FALSE'
  OMP_AFFINITY_FORMAT = 'level %L thread %i affinity %A'
49OPENMP DISPLAY ENVIRONMENT END
21  OMP_THREAD_LIMIT = '4294967295'
{96  OMP_MAX_ACTIVE_LEVELS = '2147483647'
4161OPENMP DISPLAY ENVIRONMENT END
44},93},},},{1014{45{},},},},},},{55{  OMP_CANCELLATION = 'FALSE'
22},50  OMP_DEFAULT_DEVICE = '0'
},{15},{16},{},18},},{{{{  OMP_MAX_TASK_PRIORITY = '0'
96  OMP_DISPLAY_AFFINITY = 'FALSE'
71  OMP_AFFINITY_FORMAT = 'level %L thread %i affinity %A'
},OPENMP DISPLAY ENVIRONMENT END
{},5642}{'
{  OMP_STACKSIZE = '0'
},{72'
{19{},{1762},{{{},4651},{},},10123},97},97  OMP_WAIT_POLICY = 'PASSIVE'
  OMP_THREAD_LIMIT = '4294967295'
  OMP_MAX_ACTIVE_LEVELS = '2147483647'
  OMP_CANCELLATION = 'FALSE'
  OMP_DEFAULT_DEVICE = '0'
43{  OMP_MAX_TASK_PRIORITY = '0'
  OMP_DISPLAY_AFFINITY = 'FALSE'
  OMP_AFFINITY_FORMAT = 'level %L thread %i affinity %A'
OPENMP DISPLAY ENVIRONMENT END
13},73{},{{},{},42},52{{65},{},102{},18{94{{},98},},},{6324{{66{},{74{14},{47},20},},},5343},{{},{44},1975},},103{},11},98},{{},44{{104542125},},},{{},{},{},{{2264},{15},{16},},{99{95},},20{{48{},45},76{},{},65},96{},{{4617105{},},77{100{},  OMP_PLACES = '{30},},{21{},67},{18{{55},{},45},},{23{},{},4997{},{7822{{{}'
  OMP_STACKSIZE = '0'
26  OMP_WAIT_POLICY = 'PASSIVE'
  OMP_THREAD_LIMIT = '4294967295'
  OMP_MAX_ACTIVE_LEVELS = '2147483647'
  OMP_CANCELLATION = 'FALSE'
},  OMP_DEFAULT_DEVICE = '0'
  OMP_MAX_TASK_PRIORITY = '0'
  OMP_DISPLAY_AFFINITY = 'FALSE'
  OMP_AFFINITY_FORMAT = 'level %L thread %i affinity %A'
OPENMP DISPLAY ENVIRONMENT END
106{27}24'
},  OMP_STACKSIZE = '0'
},},{19},{20},10199{},  OMP_WAIT_POLICY = 'PASSIVE'
{  OMP_THREAD_LIMIT = '4294967295'
46  OMP_MAX_ACTIVE_LEVELS = '2147483647'
},47{},},59{{{107{{2125},},79  OMP_CANCELLATION = 'FALSE'
},23},50{22},{23{},{},{26102  OMP_DEFAULT_DEVICE = '0'
48},{{  OMP_MAX_TASK_PRIORITY = '0'
},{},12{},108{},{4980  OMP_DISPLAY_AFFINITY = 'FALSE'
},  OMP_AFFINITY_FORMAT = 'level %L thread %i affinity %A'
{24OPENMP DISPLAY ENVIRONMENT END
},},50{},{25},66{{},{},},47109},},10068{},{1035198},2481{{11048},{{},{{},},},26{51{{},{27},82{},},},27},},{},},104111{{52},258367{28{{},{},{{{},112},},52{{},113{{53},29},{26{105},8428}},},}'
},},9949{{  OMP_STACKSIZE = '0'
'
{  OMP_STACKSIZE = '0'
  OMP_WAIT_POLICY = 'PASSIVE'
546985},  OMP_THREAD_LIMIT = '4294967295'
{},29{  OMP_WAIT_POLICY = 'PASSIVE'
}  OMP_THREAD_LIMIT = '4294967295'
  OMP_MAX_ACTIVE_LEVELS = '2147483647'
'
},{},{106{  OMP_STACKSIZE = '0'
{},27  OMP_WAIT_POLICY = 'PASSIVE'
  OMP_MAX_ACTIVE_LEVELS = '2147483647'
55  OMP_CANCELLATION = 'FALSE'
  OMP_THREAD_LIMIT = '4294967295'
68100{53  OMP_MAX_ACTIVE_LEVELS = '2147483647'
  OMP_CANCELLATION = 'FALSE'
  OMP_DEFAULT_DEVICE = '0'
  OMP_DEFAULT_DEVICE = '0'
  OMP_CANCELLATION = 'FALSE'
107  OMP_DEFAULT_DEVICE = '0'
},}  OMP_MAX_TASK_PRIORITY = '0'
},{  OMP_MAX_TASK_PRIORITY = '0'
},},},  OMP_DISPLAY_AFFINITY = 'FALSE'
  OMP_MAX_TASK_PRIORITY = '0'
{}{101{56  OMP_AFFINITY_FORMAT = 'level %L thread %i affinity %A'
  OMP_DISPLAY_AFFINITY = 'FALSE'
50'
{  OMP_AFFINITY_FORMAT = 'level %L thread %i affinity %A'
OPENMP DISPLAY ENVIRONMENT END
  OMP_STACKSIZE = '0'
108  OMP_WAIT_POLICY = 'PASSIVE'
  OMP_DISPLAY_AFFINITY = 'FALSE'
{'
},OPENMP DISPLAY ENVIRONMENT END
},  OMP_THREAD_LIMIT = '4294967295'
  OMP_AFFINITY_FORMAT = 'level %L thread %i affinity %A'
},69  OMP_STACKSIZE = '0'
{101OPENMP DISPLAY ENVIRONMENT END
},109  OMP_MAX_ACTIVE_LEVELS = '2147483647'
},  OMP_CANCELLATION = 'FALSE'
{  OMP_DEFAULT_DEVICE = '0'
110  OMP_MAX_TASK_PRIORITY = '0'
},  OMP_DISPLAY_AFFINITY = 'FALSE'
{  OMP_AFFINITY_FORMAT = 'level %L thread %i affinity %A'
{OPENMP DISPLAY ENVIRONMENT END
111},},{57{{31}'
  OMP_STACKSIZE = '0'
  OMP_WAIT_POLICY = 'PASSIVE'
  OMP_THREAD_LIMIT = '4294967295'
  OMP_MAX_ACTIVE_LEVELS = '2147483647'
  OMP_CANCELLATION = 'FALSE'
11270  OMP_DEFAULT_DEVICE = '0'
},{},{{  OMP_WAIT_POLICY = 'PASSIVE'
},},{{11371  OMP_MAX_TASK_PRIORITY = '0'
32}},'
{  OMP_STACKSIZE = '0'
72  OMP_WAIT_POLICY = 'PASSIVE'
},  OMP_THREAD_LIMIT = '4294967295'
{51  OMP_THREAD_LIMIT = '4294967295'
  OMP_MAX_ACTIVE_LEVELS = '2147483647'
54  OMP_DISPLAY_AFFINITY = 'FALSE'
{33},},{34},{  OMP_CANCELLATION = 'FALSE'
73  OMP_DEFAULT_DEVICE = '0'
{  OMP_AFFINITY_FORMAT = 'level %L thread %i affinity %A'
},{{  OMP_MAX_TASK_PRIORITY = '0'
  OMP_MAX_ACTIVE_LEVELS = '2147483647'
  OMP_DISPLAY_AFFINITY = 'FALSE'
  OMP_CANCELLATION = 'FALSE'
OPENMP DISPLAY ENVIRONMENT END
70  OMP_AFFINITY_FORMAT = 'level %L thread %i affinity %A'
},},OPENMP DISPLAY ENVIRONMENT END
  OMP_DEFAULT_DEVICE = '0'
},},{{13{35557471{  OMP_MAX_TASK_PRIORITY = '0'
52}102},},{102{},  OMP_DISPLAY_AFFINITY = 'FALSE'
{'
},75  OMP_AFFINITY_FORMAT = 'level %L thread %i affinity %A'
},},36  OMP_STACKSIZE = '0'
{{{76  OMP_WAIT_POLICY = 'PASSIVE'
103},{77},{78},},{{72},{37OPENMP DISPLAY ENVIRONMENT END
{73},},7953},},{{  OMP_THREAD_LIMIT = '4294967295'
{80},},{  OMP_MAX_ACTIVE_LEVELS = '2147483647'
81  OMP_CANCELLATION = 'FALSE'
104},74{  OMP_DEFAULT_DEVICE = '0'
{},82},},  OMP_MAX_TASK_PRIORITY = '0'
38},{{83{},75{  OMP_DISPLAY_AFFINITY = 'FALSE'
10584},},{},  OMP_AFFINITY_FORMAT = 'level %L thread %i affinity %A'
{{{OPENMP DISPLAY ENVIRONMENT END
},8576{}'
},3910654{},  OMP_STACKSIZE = '0'
},  OMP_WAIT_POLICY = 'PASSIVE'
{  OMP_THREAD_LIMIT = '4294967295'
77},107  OMP_MAX_ACTIVE_LEVELS = '2147483647'
{  OMP_CANCELLATION = 'FALSE'
},  OMP_DEFAULT_DEVICE = '0'
{},  OMP_MAX_TASK_PRIORITY = '0'
78  OMP_DISPLAY_AFFINITY = 'FALSE'
{  OMP_AFFINITY_FORMAT = 'level %L thread %i affinity %A'
},OPENMP DISPLAY ENVIRONMENT END
108{{40},{41},{},{5542},{}4379{},{44},},{45},{{10946},{'
47},{},6048},{80},  OMP_STACKSIZE = '0'
49},{50},{51},{52},14{53},{  OMP_WAIT_POLICY = 'PASSIVE'
},{54},{55},{{56},{},57}'
  OMP_STACKSIZE = '0'
  OMP_WAIT_POLICY = 'PASSIVE'
  OMP_THREAD_LIMIT = '4294967295'
  OMP_MAX_ACTIVE_LEVELS = '2147483647'
{  OMP_THREAD_LIMIT = '4294967295'
  OMP_CANCELLATION = 'FALSE'
  OMP_DEFAULT_DEVICE = '0'
  OMP_MAX_TASK_PRIORITY = '0'
  OMP_DISPLAY_AFFINITY = 'FALSE'
  OMP_AFFINITY_FORMAT = 'level %L thread %i affinity %A'
OPENMP DISPLAY ENVIRONMENT END
103110  OMP_MAX_ACTIVE_LEVELS = '2147483647'
81},  OMP_CANCELLATION = 'FALSE'
{},},  OMP_DEFAULT_DEVICE = '0'
111{{  OMP_MAX_TASK_PRIORITY = '0'
82},}  OMP_DISPLAY_AFFINITY = 'FALSE'
},{83'
15}  OMP_STACKSIZE = '0'
},'
  OMP_AFFINITY_FORMAT = 'level %L thread %i affinity %A'
  OMP_WAIT_POLICY = 'PASSIVE'
{  OMP_STACKSIZE = '0'
{  OMP_THREAD_LIMIT = '4294967295'
104  OMP_WAIT_POLICY = 'PASSIVE'
  OMP_MAX_ACTIVE_LEVELS = '2147483647'
OPENMP DISPLAY ENVIRONMENT END
  OMP_CANCELLATION = 'FALSE'
},{  OMP_THREAD_LIMIT = '4294967295'
16  OMP_DEFAULT_DEVICE = '0'
{61  OMP_MAX_ACTIVE_LEVELS = '2147483647'
},  OMP_MAX_TASK_PRIORITY = '0'
105},  OMP_CANCELLATION = 'FALSE'
{  OMP_DISPLAY_AFFINITY = 'FALSE'
},{  OMP_DEFAULT_DEVICE = '0'
17  OMP_MAX_TASK_PRIORITY = '0'
{  OMP_DISPLAY_AFFINITY = 'FALSE'
},  OMP_AFFINITY_FORMAT = 'level %L thread %i affinity %A'
10662  OMP_AFFINITY_FORMAT = 'level %L thread %i affinity %A'
{OPENMP DISPLAY ENVIRONMENT END
},},OPENMP DISPLAY ENVIRONMENT END
18{{},63{},{64},{65},{6619},{20},{67},{68},},{69},{70},{71},107{},{{21},{22},{7210823},{24},{},{73},{74},{75},{76},{7725},{26},{27}'
  OMP_STACKSIZE = '0'
  OMP_WAIT_POLICY = 'PASSIVE'
  OMP_THREAD_LIMIT = '4294967295'
},},  OMP_MAX_ACTIVE_LEVELS = '2147483647'
{78},{79  OMP_CANCELLATION = 'FALSE'
{},{80},{81},{82},{83}'
  OMP_STACKSIZE = '0'
  OMP_WAIT_POLICY = 'PASSIVE'
  OMP_THREAD_LIMIT = '4294967295'
  OMP_MAX_ACTIVE_LEVELS = '2147483647'
  OMP_CANCELLATION = 'FALSE'
  OMP_DEFAULT_DEVICE = '0'
  OMP_MAX_TASK_PRIORITY = '0'
  OMP_DISPLAY_AFFINITY = 'FALSE'
  OMP_AFFINITY_FORMAT = 'level %L thread %i affinity %A'
  OMP_DEFAULT_DEVICE = '0'
  OMP_MAX_TASK_PRIORITY = '0'
  OMP_DISPLAY_AFFINITY = 'FALSE'
  OMP_AFFINITY_FORMAT = 'level %L thread %i affinity %A'
OPENMP DISPLAY ENVIRONMENT END
OPENMP DISPLAY ENVIRONMENT END
109},{110},{111}'
  OMP_STACKSIZE = '0'
  OMP_WAIT_POLICY = 'PASSIVE'
  OMP_THREAD_LIMIT = '4294967295'
  OMP_MAX_ACTIVE_LEVELS = '2147483647'
  OMP_CANCELLATION = 'FALSE'
  OMP_DEFAULT_DEVICE = '0'
  OMP_MAX_TASK_PRIORITY = '0'
  OMP_DISPLAY_AFFINITY = 'FALSE'
  OMP_AFFINITY_FORMAT = 'level %L thread %i affinity %A'
OPENMP DISPLAY ENVIRONMENT END
