  OMP_NESTED = 'FALSE'
  _OPENMP = '201511'
{112
OPENMP DISPLAY ENVIRONMENT BEGIN
  OMP_PROC_BIND = '  OMP_NUM_THREADS = '19'
{'
58}},},},{  OMP_DYNAMIC = 'FALSE'

OPENMP DISPLAY ENVIRONMENT BEGIN
  OMP_NESTED = 'FALSE'
  _OPENMP = '201511'
  _OPENMP = '201511'
'

OPENMP DISPLAY ENVIRONMENT BEGIN
{  OMP_NESTED = 'FALSE'
  OMP_NUM_THREADS = '27  OMP_DYNAMIC = 'FALSE'
  _OPENMP = '201511'

OPENMP DISPLAY ENVIRONMENT BEGIN
  OMP_NESTED = 'FALSE'
DYNAMIC  OMP_NUM_THREADS = '18  OMP_SCHEDULE = '  OMP_DYNAMIC = 'FALSE'
  OMP_NESTED = 'FALSE'
'
107  OMP_DYNAMIC = 'FALSE'
{SPREAD
OPENMP DISPLAY ENVIRONMENT BEGIN
},  OMP_NESTED = 'FALSE'
75  OMP_NESTED = 'FALSE'
  OMP_DYNAMIC = 'FALSE'
  OMP_SCHEDULE = '  OMP_NESTED = 'FALSE'
  OMP_NUM_THREADS = '20DYNAMIC'
  OMP_NUM_THREADS = '13{  OMP_NUM_THREADS = '10},'
'

OPENMP DISPLAY ENVIRONMENT BEGIN

OPENMP DISPLAY ENVIRONMENT BEGIN

OPENMP DISPLAY ENVIRONMENT BEGIN
  _OPENMP = '201511'
  OMP_SCHEDULE = '
OPENMP DISPLAY ENVIRONMENT BEGIN
  OMP_SCHEDULE = '  OMP_NUM_THREADS = '23  OMP_NUM_THREADS = '21'
'
'
  OMP_SCHEDULE = '  _OPENMP = '201511'
59  OMP_PLACES = '108{},DYNAMIC{  OMP_STACKSIZE = '0'

OPENMP DISPLAY ENVIRONMENT BEGIN
DYNAMIC  _OPENMP = '201511'
'
  _OPENMP = '201511'
  _OPENMP = '201511'
  _OPENMP = '201511'
  _OPENMP = '201511'

OPENMP DISPLAY ENVIRONMENT BEGIN
  OMP_SCHEDULE = '{},'
DYNAMIC  OMP_SCHEDULE = '  OMP_DYNAMIC = 'FALSE'
76109},  OMP_WAIT_POLICY = 'PASSIVE'
  OMP_NUM_THREADS = '14  OMP_DYNAMIC = 'FALSE'
  _OPENMP = '201511'
DYNAMIC  OMP_PROC_BIND = 'DYNAMICDYNAMIC  _OPENMP = '201511'
  OMP_DYNAMIC = 'FALSE'
  OMP_NESTED = 'FALSE'
  OMP_NESTED = 'FALSE'
'
'
  OMP_PROC_BIND = 'SPREAD56  OMP_PROC_BIND = ''
},  OMP_DYNAMIC = 'FALSE'
{'
  OMP_SCHEDULE = '  OMP_NESTED = 'FALSE'
  OMP_NUM_THREADS = '4SPREAD  OMP_DYNAMIC = 'FALSE'
'
{77110  OMP_NESTED = 'FALSE'
{'
SPREAD},  OMP_NUM_THREADS = '15},'
  OMP_DYNAMIC = 'FALSE'
},'
  OMP_PROC_BIND = 'DYNAMIC  OMP_PROC_BIND = '  _OPENMP = '201511'
  OMP_DYNAMIC = 'FALSE'
'
  OMP_SCHEDULE = '  OMP_PROC_BIND = '  OMP_NESTED = 'FALSE'
{  OMP_DYNAMIC = 'FALSE'
'
  OMP_PLACES = '{{  OMP_SCHEDULE = ''
  OMP_PROC_BIND = 'SPREADSPREAD  OMP_NUM_THREADS = '660'
  OMP_NESTED = 'FALSE'
  OMP_NESTED = 'FALSE'
SPREAD  OMP_THREAD_LIMIT = '4294967295'
},'
  OMP_MAX_ACTIVE_LEVELS = '2147483647'
  _OPENMP = '201511'
  OMP_PROC_BIND = '  OMP_SCHEDULE = '  OMP_NUM_THREADS = '16{  OMP_CANCELLATION = 'FALSE'
111  OMP_PLACES = 'DYNAMIC'
'
'
  OMP_NUM_THREADS = '5{{  OMP_DEFAULT_DEVICE = '0'
'
DYNAMIC29  OMP_NESTED = 'FALSE'
SPREAD  OMP_NUM_THREADS = '1178},},{79  OMP_PROC_BIND = '  OMP_PLACES = '  OMP_NUM_THREADS = '3  OMP_PLACES = 'SPREAD'
  OMP_DYNAMIC = 'FALSE'
  OMP_MAX_TASK_PRIORITY = '0'
6157},{{'
  OMP_DYNAMIC = 'FALSE'
'
DYNAMIC2'
  OMP_NESTED = 'FALSE'
},'
},  OMP_PLACES = ''
{  OMP_NESTED = 'FALSE'
'
  OMP_PLACES = '{  OMP_PLACES = '{{  OMP_NUM_THREADS = '25SPREAD186'
  OMP_SCHEDULE = '30},112{'
  OMP_SCHEDULE = '  OMP_DISPLAY_AFFINITY = 'FALSE'
},'
  OMP_PROC_BIND = '  OMP_NUM_THREADS = '22'
  OMP_SCHEDULE = '{DYNAMIC{80},300},  OMP_PROC_BIND = 'DYNAMIC'
SPREAD  OMP_SCHEDULE = '  OMP_SCHEDULE = '{  OMP_AFFINITY_FORMAT = 'level %L thread %i affinity %A'
},31  OMP_PLACES = ''
  OMP_PROC_BIND = ''
{},  OMP_NUM_THREADS = '12DYNAMIC{DYNAMIC5862},{{{  OMP_NESTED = 'FALSE'
28DYNAMIC},11381},1'
  OMP_PLACES = '},{},{  OMP_PROC_BIND = '},},},'
},  OMP_SCHEDULE = 'OPENMP DISPLAY ENVIRONMENT END
},{63},{64},{{3265},{},{33},{3466},{},{35},{67},36},{{37},{38'
{{SPREAD  OMP_SCHEDULE = ''
68{{  OMP_SCHEDULE = 'SPREAD  OMP_SCHEDULE = '2},{{331},'
},'
SPREAD{  OMP_PROC_BIND = '  OMP_PLACES = '  OMP_PROC_BIND = 'DYNAMIC{29{{},87{58114382'
},{69'
},86DYNAMIC  OMP_NUM_THREADS = '17DYNAMIC39  OMP_PROC_BIND = 'SPREAD},  OMP_PROC_BIND = 'SPREAD'
'
},},{4{'
  OMP_PLACES = '},},59  OMP_PLACES = 'SPREADDYNAMIC2{'
{115{},},},},834{{},'
'
{{},SPREAD'
'
  OMP_PLACES = '287040  OMP_PLACES = '},},{{{5{{{{  OMP_PLACES = '600{{30  OMP_PLACES = '},28},{  OMP_PROC_BIND = '},2888  OMP_PROC_BIND = '},{{  OMP_PROC_BIND = '},87'
84{84},1165},},  OMP_PROC_BIND = '},{{{{88117685SPREAD},},{{'
},32118},{  OMP_PLACES = '},{{SPREAD59{{6},{7},{8},{},},{{86{8911960},},},},3},{{},},{{},SPREAD56},{{1120{},'
29},  OMP_PLACES = '{},{297},{5856{{9856161},},89{SPREAD{8121},},},71{},{{{47241{},31},62},{},},},{87},},90},{{},2962{115},},{},{{91},{86},{},{{1232{66392},{  OMP_PLACES = '30'
57122},},{{},1232{{},{{5812431},},{},125},},{{{1265988{},'
{321273}},'
},  OMP_STACKSIZE = '0'
},  OMP_WAIT_POLICY = 'PASSIVE'
{  OMP_THREAD_LIMIT = '4294967295'
{},{},60},{{73},{},  OMP_PLACES = '{},74  OMP_MAX_ACTIVE_LEVELS = '2147483647'
},{{4275},  OMP_CANCELLATION = 'FALSE'
4  OMP_DEFAULT_DEVICE = '0'
},},33{},{{8730},0},{33  OMP_MAX_TASK_PRIORITY = '0'
76{  OMP_DISPLAY_AFFINITY = 'FALSE'
43  OMP_AFFINITY_FORMAT = 'level %L thread %i affinity %A'
},OPENMP DISPLAY ENVIRONMENT END
{33{{},},{{{988'
{90{{  OMP_PLACES = '89},{90},{91},{92},{93},{94},},},5759},77},},},},},{{61{},{{{89781},{},},{44258{{{31{},9010},{59},{60},{61},{30},91},},},{},{{},{3434563},},{7},{},{},},{91},62{},60{{{32{11{},92},},92},{3{},79{},{},30{},31},4535{{62},{64{{{},},61{},{129333},},{},},},{{{{4{{133493},9462},32},},},},{63},{{9514{94},{{},35{{{9663},},15},33{},{},5},{{{},366464},},9397},{{},},},},{659564{{{80},0},{{{{3798{46},816},},{{82},},},},},},{{{95},{96},{97},{98},{99}'
  OMP_STACKSIZE = '0'
},  OMP_WAIT_POLICY = 'PASSIVE'
6584{},13},},  OMP_THREAD_LIMIT = '4294967295'
  OMP_MAX_ACTIVE_LEVELS = '2147483647'
  OMP_CANCELLATION = 'FALSE'
  OMP_DEFAULT_DEVICE = '0'
  OMP_MAX_TASK_PRIORITY = '0'
  OMP_DISPLAY_AFFINITY = 'FALSE'
  OMP_AFFINITY_FORMAT = 'level %L thread %i affinity %A'
OPENMP DISPLAY ENVIRONMENT END
3536{},{8},{{37{{94},66{{31},65},83{},{{},84993814},},3465}{'
{  OMP_STACKSIZE = '0'
9},{16},34{96},},{95},{},},{97},{{1767{},98},},},15{{63{},},96{686},},},{},{3697{{{{716},35},},69{},{{},371764{},},{708{},},},},{36{{6598{719},{{},},3866  OMP_WAIT_POLICY = 'PASSIVE'
},{{},{1838{{37},10018},{7{},72{99{},{},{},101{},{},73661939},{},},{},38{},102{{74},},{},{{8{103203947},  OMP_THREAD_LIMIT = '4294967295'
},},{},  OMP_MAX_ACTIVE_LEVELS = '2147483647'
{48{  OMP_CANCELLATION = 'FALSE'
},},{},49{  OMP_DEFAULT_DEVICE = '0'
},},4075{},},100{{{},{35{{  OMP_MAX_TASK_PRIORITY = '0'
},99{6767},19},{76},  OMP_DYNAMIC = 'FALSE'
{{4050{  OMP_DISPLAY_AFFINITY = 'FALSE'
},},104  OMP_AFFINITY_FORMAT = 'level %L thread %i affinity %A'
{{},OPENMP DISPLAY ENVIRONMENT END
51},},},{52},{53},{54},{5585393210{},},{{4056}},'
  OMP_STACKSIZE = '0'
66  OMP_WAIT_POLICY = 'PASSIVE'
  OMP_THREAD_LIMIT = '4294967295'
  OMP_MAX_ACTIVE_LEVELS = '2147483647'
  OMP_CANCELLATION = 'FALSE'
  OMP_DEFAULT_DEVICE = '0'
  OMP_MAX_TASK_PRIORITY = '0'
  OMP_DISPLAY_AFFINITY = 'FALSE'
  OMP_AFFINITY_FORMAT = 'level %L thread %i affinity %A'
OPENMP DISPLAY ENVIRONMENT END
{},41},},{  OMP_SCHEDULE = '{{},{{},100},{{2041},105},3668{},},},101{{{6842{},{21},},},{{},39101{{2177{},69{102},},},102},{{{22},22},{40},{23103},{16610641},},9},{},{{{{},DYNAMIC69{10711},},67},42{},{},43{331078},},{{{},{{},10367},},{},},},108{},{{{68},{{12{43109},1037},{},70{},},{41},{1142},{{{{43},{1044444'
{},},},110{{},{23457069},4513{},},{},},38},},111{4610471}},{'
{24  OMP_STACKSIZE = '0'
},47},  OMP_WAIT_POLICY = 'PASSIVE'
},},{{  OMP_THREAD_LIMIT = '4294967295'
},{7125  OMP_MAX_ACTIVE_LEVELS = '2147483647'
48{  OMP_CANCELLATION = 'FALSE'
{  OMP_DEFAULT_DEVICE = '0'
105},{42{},},{},2{  OMP_MAX_TASK_PRIORITY = '0'
},{{},{  OMP_DISPLAY_AFFINITY = 'FALSE'
4334},},{},{  OMP_AFFINITY_FORMAT = 'level %L thread %i affinity %A'
12{{{},OPENMP DISPLAY ENVIRONMENT END
3979},1056844{{},4624},},},},{13{44},{106},{},6986{49},80},{45},{{},2514107{45{},},},{46},{{46{},},{{},11265072{},},{},{{106{},},14{{51{{70{{8147},{1526},108{},},},70},4773},{7247},{{},27},},},},7440},{{{5228{},10712},75},35},{{824827},{},{2849{{{29},}109108{73},'
},{},{83{},{  OMP_STACKSIZE = '0'
5041},29},110{},{{},{},},},53{76},{{{},13{},{{15{},84}111{'
},48},},  OMP_STACKSIZE = '0'
16{{{},  OMP_WAIT_POLICY = 'PASSIVE'
{854911271  OMP_THREAD_LIMIT = '4294967295'
17},},51}},{},},  OMP_MAX_ACTIVE_LEVELS = '2147483647'
{'
{{52},{  OMP_STACKSIZE = '0'
  OMP_CANCELLATION = 'FALSE'
11350{72  OMP_DEFAULT_DEVICE = '0'
1853},{},}},  OMP_WAIT_POLICY = 'PASSIVE'
{  OMP_MAX_TASK_PRIORITY = '0'
},'
{5451},},54{{{},  OMP_WAIT_POLICY = 'PASSIVE'
},},77  OMP_THREAD_LIMIT = '4294967295'
{  OMP_MAX_ACTIVE_LEVELS = '2147483647'
{109},},5548}74  OMP_STACKSIZE = '0'
},  OMP_THREAD_LIMIT = '4294967295'
7114{{'
},7873  OMP_STACKSIZE = '0'
},},  OMP_CANCELLATION = 'FALSE'
  OMP_DISPLAY_AFFINITY = 'FALSE'
{  OMP_MAX_ACTIVE_LEVELS = '2147483647'
{},{55  OMP_CANCELLATION = 'FALSE'
},  OMP_AFFINITY_FORMAT = 'level %L thread %i affinity %A'
  OMP_DEFAULT_DEVICE = '0'
  OMP_WAIT_POLICY = 'PASSIVE'
110OPENMP DISPLAY ENVIRONMENT END
  OMP_MAX_TASK_PRIORITY = '0'
  OMP_DEFAULT_DEVICE = '0'
{  OMP_THREAD_LIMIT = '4294967295'
42{  OMP_DISPLAY_AFFINITY = 'FALSE'
  OMP_WAIT_POLICY = 'PASSIVE'
},  OMP_MAX_TASK_PRIORITY = '0'
  OMP_DISPLAY_AFFINITY = 'FALSE'
  OMP_AFFINITY_FORMAT = 'level %L thread %i affinity %A'
OPENMP DISPLAY ENVIRONMENT END
  OMP_AFFINITY_FORMAT = 'level %L thread %i affinity %A'
  OMP_MAX_ACTIVE_LEVELS = '2147483647'
},},{{  OMP_CANCELLATION = 'FALSE'
11156{{},{{  OMP_DEFAULT_DEVICE = '0'
OPENMP DISPLAY ENVIRONMENT END
  OMP_MAX_TASK_PRIORITY = '0'
},75},{{},191543  OMP_DISPLAY_AFFINITY = 'FALSE'
1657}'
  OMP_STACKSIZE = '0'
  OMP_WAIT_POLICY = 'PASSIVE'
  OMP_THREAD_LIMIT = '4294967295'
  OMP_MAX_ACTIVE_LEVELS = '2147483647'
  OMP_AFFINITY_FORMAT = 'level %L thread %i affinity %A'
{  OMP_CANCELLATION = 'FALSE'
  OMP_DEFAULT_DEVICE = '0'
  OMP_MAX_TASK_PRIORITY = '0'
  OMP_DISPLAY_AFFINITY = 'FALSE'
  OMP_AFFINITY_FORMAT = 'level %L thread %i affinity %A'
OPENMP DISPLAY ENVIRONMENT END
},OPENMP DISPLAY ENVIRONMENT END
5279},},},},{{  OMP_THREAD_LIMIT = '4294967295'
{{80},1653  OMP_MAX_ACTIVE_LEVELS = '2147483647'
20},{3112},},},},{{},{{113  OMP_CANCELLATION = 'FALSE'
}8144{76  OMP_DEFAULT_DEVICE = '0'
},},'
},  OMP_MAX_TASK_PRIORITY = '0'
  OMP_STACKSIZE = '0'
17},{{},},{72{{21},  OMP_DISPLAY_AFFINITY = 'FALSE'
{82{  OMP_AFFINITY_FORMAT = 'level %L thread %i affinity %A'
1754  OMP_WAIT_POLICY = 'PASSIVE'
},  OMP_THREAD_LIMIT = '4294967295'
{73{},},{},{{74OPENMP DISPLAY ENVIRONMENT END
{{},{{  OMP_MAX_ACTIVE_LEVELS = '2147483647'
36  OMP_CANCELLATION = 'FALSE'
  OMP_DEFAULT_DEVICE = '0'
},45498718{7718},  OMP_MAX_TASK_PRIORITY = '0'
83},}  OMP_DISPLAY_AFFINITY = 'FALSE'
{  OMP_AFFINITY_FORMAT = 'level %L thread %i affinity %A'
OPENMP DISPLAY ENVIRONMENT END
'
{  OMP_STACKSIZE = '0'
19},  OMP_WAIT_POLICY = 'PASSIVE'
  OMP_THREAD_LIMIT = '4294967295'
78},  OMP_MAX_ACTIVE_LEVELS = '2147483647'
{{  OMP_CANCELLATION = 'FALSE'
20},},  OMP_DEFAULT_DEVICE = '0'
46{{},},},79{{  OMP_MAX_TASK_PRIORITY = '0'
},214  OMP_DISPLAY_AFFINITY = 'FALSE'
5547},{{{48},80  OMP_AFFINITY_FORMAT = 'level %L thread %i affinity %A'
},{},OPENMP DISPLAY ENVIRONMENT END
{22},{23},{{24},{49748119},},},22},{25},},},{},{26},{27}'
  OMP_STACKSIZE = '0'
  OMP_WAIT_POLICY = 'PASSIVE'
}  OMP_THREAD_LIMIT = '4294967295'
  OMP_MAX_ACTIVE_LEVELS = '2147483647'
  OMP_CANCELLATION = 'FALSE'
},  OMP_DEFAULT_DEVICE = '0'
  OMP_MAX_TASK_PRIORITY = '0'
  OMP_DISPLAY_AFFINITY = 'FALSE'
{{{{50},82  OMP_AFFINITY_FORMAT = 'level %L thread %i affinity %A'
OPENMP DISPLAY ENVIRONMENT END
},'
{37},23{{{7583},  OMP_STACKSIZE = '0'
515{88},  OMP_WAIT_POLICY = 'PASSIVE'
84},{},{},75{20{},},},24},{{76523885  OMP_THREAD_LIMIT = '4294967295'
},},}},{{'
  OMP_MAX_ACTIVE_LEVELS = '2147483647'
{},{  OMP_CANCELLATION = 'FALSE'
{{21  OMP_DEFAULT_DEVICE = '0'
},},{{53{  OMP_STACKSIZE = '0'
77},  OMP_WAIT_POLICY = 'PASSIVE'
{  OMP_MAX_TASK_PRIORITY = '0'
54},  OMP_THREAD_LIMIT = '4294967295'
6  OMP_MAX_ACTIVE_LEVELS = '2147483647'
  OMP_DISPLAY_AFFINITY = 'FALSE'
},{  OMP_CANCELLATION = 'FALSE'
39  OMP_DEFAULT_DEVICE = '0'
{},  OMP_MAX_TASK_PRIORITY = '0'
{55},  OMP_DISPLAY_AFFINITY = 'FALSE'
},{{7850  OMP_AFFINITY_FORMAT = 'level %L thread %i affinity %A'
762522},},{},OPENMP DISPLAY ENVIRONMENT END
},{  OMP_AFFINITY_FORMAT = 'level %L thread %i affinity %A'
4056{OPENMP DISPLAY ENVIRONMENT END
7{79{},77},},},{8957}'
  OMP_STACKSIZE = '0'
  OMP_WAIT_POLICY = 'PASSIVE'
  OMP_THREAD_LIMIT = '4294967295'
{  OMP_MAX_ACTIVE_LEVELS = '2147483647'
  OMP_CANCELLATION = 'FALSE'
  OMP_DEFAULT_DEVICE = '0'
  OMP_MAX_TASK_PRIORITY = '0'
  OMP_DISPLAY_AFFINITY = 'FALSE'
{2341},},},26{},{{248051},78},},{},{},{{81{  OMP_PROC_BIND = '{{25},7927  OMP_AFFINITY_FORMAT = 'level %L thread %i affinity %A'
OPENMP DISPLAY ENVIRONMENT END
}},42},'
{},{  OMP_STACKSIZE = '0'
26{8082},},{{52},},827  OMP_WAIT_POLICY = 'PASSIVE'
{  OMP_THREAD_LIMIT = '4294967295'
{},},90}{'
  OMP_MAX_ACTIVE_LEVELS = '2147483647'
81{  OMP_STACKSIZE = '0'
  OMP_CANCELLATION = 'FALSE'
},  OMP_DEFAULT_DEVICE = '0'
  OMP_WAIT_POLICY = 'PASSIVE'
43{83  OMP_THREAD_LIMIT = '4294967295'
}},'
{},  OMP_MAX_ACTIVE_LEVELS = '2147483647'
  OMP_STACKSIZE = '0'
82  OMP_MAX_TASK_PRIORITY = '0'
53  OMP_WAIT_POLICY = 'PASSIVE'
  OMP_CANCELLATION = 'FALSE'
9{  OMP_DEFAULT_DEVICE = '0'
  OMP_DISPLAY_AFFINITY = 'FALSE'
},SPREAD},  OMP_THREAD_LIMIT = '4294967295'
  OMP_MAX_TASK_PRIORITY = '0'
{{  OMP_AFFINITY_FORMAT = 'level %L thread %i affinity %A'
{  OMP_MAX_ACTIVE_LEVELS = '2147483647'
8344  OMP_CANCELLATION = 'FALSE'
  OMP_DISPLAY_AFFINITY = 'FALSE'
  OMP_DEFAULT_DEVICE = '0'
  OMP_AFFINITY_FORMAT = 'level %L thread %i affinity %A'
'
OPENMP DISPLAY ENVIRONMENT END
  OMP_MAX_TASK_PRIORITY = '0'
}  OMP_DISPLAY_AFFINITY = 'FALSE'
'
9154},  OMP_STACKSIZE = '0'
OPENMP DISPLAY ENVIRONMENT END
},  OMP_AFFINITY_FORMAT = 'level %L thread %i affinity %A'
  OMP_WAIT_POLICY = 'PASSIVE'
OPENMP DISPLAY ENVIRONMENT END
  OMP_THREAD_LIMIT = '4294967295'
  OMP_PLACES = '  OMP_MAX_ACTIVE_LEVELS = '2147483647'
{{84  OMP_CANCELLATION = 'FALSE'
},  OMP_DEFAULT_DEVICE = '0'
{  OMP_MAX_TASK_PRIORITY = '0'
85  OMP_DISPLAY_AFFINITY = 'FALSE'
},},{86},{87},{88},{89},{90},},{91{},{92},{  OMP_AFFINITY_FORMAT = 'level %L thread %i affinity %A'
{{5592OPENMP DISPLAY ENVIRONMENT END
93},{94},{95},{96},{97},{98}10'
  OMP_STACKSIZE = '0'
  OMP_WAIT_POLICY = 'PASSIVE'
  OMP_THREAD_LIMIT = '4294967295'
  OMP_MAX_ACTIVE_LEVELS = '2147483647'
45  OMP_CANCELLATION = 'FALSE'
  OMP_DEFAULT_DEVICE = '0'
  OMP_MAX_TASK_PRIORITY = '0'
},  OMP_DISPLAY_AFFINITY = 'FALSE'
  OMP_AFFINITY_FORMAT = 'level %L thread %i affinity %A'
OPENMP DISPLAY ENVIRONMENT END
},},{99},{100},{101},{102},{103},{{104},{105},{106},{107},{108},{93109},{110},{111}'
  OMP_STACKSIZE = '0'
{  OMP_WAIT_POLICY = 'PASSIVE'
  OMP_THREAD_LIMIT = '4294967295'
  OMP_MAX_ACTIVE_LEVELS = '2147483647'
  OMP_CANCELLATION = 'FALSE'
  OMP_DEFAULT_DEVICE = '0'
  OMP_MAX_TASK_PRIORITY = '0'
  OMP_DISPLAY_AFFINITY = 'FALSE'
  OMP_AFFINITY_FORMAT = 'level %L thread %i affinity %A'
OPENMP DISPLAY ENVIRONMENT END
},},46  OMP_NESTED = 'FALSE'
},{{  OMP_NUM_THREADS = '2411},{94},{95},{96{'
  OMP_SCHEDULE = '},{97},1247},},{DYNAMIC'
  OMP_PROC_BIND = 'SPREAD'
{  OMP_PLACES = '98},48{99},{100{13},{},14{},{49},{{1015650},{102},{103},{104},},{51{},},{},{{15},52},{53},105},{106},{107},{57},{58},{10854},{{},{16},{109{5517},},{59110{}18'
  OMP_STACKSIZE = '0'
},{},{19},  OMP_WAIT_POLICY = 'PASSIVE'
  OMP_THREAD_LIMIT = '4294967295'
},{20111},  OMP_MAX_ACTIVE_LEVELS = '2147483647'
  OMP_CANCELLATION = 'FALSE'
  OMP_DEFAULT_DEVICE = '0'
{21{60  OMP_MAX_TASK_PRIORITY = '0'
  OMP_DISPLAY_AFFINITY = 'FALSE'
  OMP_AFFINITY_FORMAT = 'level %L thread %i affinity %A'
OPENMP DISPLAY ENVIRONMENT END
}},{22},{23},{24},{},{2561},{62},{63},{64},{'
},{26},{27}'
  OMP_STACKSIZE = '0'
  OMP_WAIT_POLICY = 'PASSIVE'
  OMP_THREAD_LIMIT = '4294967295'
65  OMP_STACKSIZE = '0'
  OMP_MAX_ACTIVE_LEVELS = '2147483647'
  OMP_WAIT_POLICY = 'PASSIVE'
  OMP_THREAD_LIMIT = '4294967295'
},  OMP_CANCELLATION = 'FALSE'
  OMP_MAX_ACTIVE_LEVELS = '2147483647'
  OMP_DEFAULT_DEVICE = '0'
  OMP_CANCELLATION = 'FALSE'
  OMP_DEFAULT_DEVICE = '0'
{  OMP_MAX_TASK_PRIORITY = '0'
  OMP_DISPLAY_AFFINITY = 'FALSE'
  OMP_AFFINITY_FORMAT = 'level %L thread %i affinity %A'
66},OPENMP DISPLAY ENVIRONMENT END
{67},{68},{69},{70},  OMP_MAX_TASK_PRIORITY = '0'
  OMP_DISPLAY_AFFINITY = 'FALSE'
{  OMP_AFFINITY_FORMAT = 'level %L thread %i affinity %A'
OPENMP DISPLAY ENVIRONMENT END
71},{72},{73},{74},{75},{76},{77},{78},{79},{80},{81},{82},{83}'
  OMP_STACKSIZE = '0'
  OMP_WAIT_POLICY = 'PASSIVE'
  OMP_THREAD_LIMIT = '4294967295'
  OMP_MAX_ACTIVE_LEVELS = '2147483647'
  OMP_CANCELLATION = 'FALSE'
  OMP_DEFAULT_DEVICE = '0'
  OMP_MAX_TASK_PRIORITY = '0'
  OMP_DISPLAY_AFFINITY = 'FALSE'
  OMP_AFFINITY_FORMAT = 'level %L thread %i affinity %A'
OPENMP DISPLAY ENVIRONMENT END
